W/BluetoothAdapterService(31040): Starting service com.android.bluetooth.hid.HidService
W/BluetoothAdapterService(31040): Starting service com.android.bluetooth.hdp.HealthService
I/bluedroid(31040): get_profile_interface handsfree
I/bluedroid(31040): get_profile_interface a2dp
I/GKI_LINUX(31040): gki_task_entry: gki_task_entry task_id=2 [A2DP-MEDIA] starting
W/BluetoothAdapterService(31040): Starting service com.android.bluetooth.pan.PanService
I/bluedroid(31040): get_profile_interface avrcp
W/BluetoothAdapterService(31040): Starting service com.android.bluetooth.gatt.GattService
W/BluetoothAdapterService(31040): Starting service com.android.bluetooth.map.BluetoothMapService
I/bluedroid(31040): get_profile_interface hidhost
I/BluetoothAdapterState(31040): Entering PendingCommandState State: isTurningOn()=true, isTurningOff()=false
I/bluedroid(31040): get_profile_interface health
I/bluedroid(31040): get_profile_interface pan
I/bluedroid(31040): get_profile_interface gatt
I/bluedroid(31040): enable
I/bt_hci_bdroid(31040): init
I/bt_vendor(31040): init
I/bt_vnd_conf(31040): Attempt to load conf from /etc/bluetooth/bt_vendor.conf
I/bt_hci_bdroid(31040): bt_hc_worker_thread started
I/bt_userial_vendor(31040): userial vendor open: opening /dev/ttyAMA4
I/bt_userial_vendor(31040): device fd = 84 open
I/GKI_LINUX(31040): gki_task_entry: gki_task_entry task_id=0 [BTU] starting
I/GKI_LINUX(31040): gki_task_entry: gki_task_entry task_id=3 [APPL] starting
E/bt-btif (31040): fm_app_task starts up
I/BTAPP_FM(31040): btapp_fm_init: ServerInit (res = 6)
I/BTL-IFS (31040): BTL_IF_RegisterSubSystem: Registered subsystem [FM]
I/BTAPP_FM(31040): btapp_fm_init: RegisterSubSystem (res = 0)
I/bt-btu  (31040): btu_task pending for preload complete event
W/Settings( 3082): Setting airplane_mode_on has moved from android.provider.Settings.System to android.provider.Settings.Global, returning read-only value.
I/bt_hwcfg(31040): bt vendor lib: set UART baud 3000000
I/bt_hwcfg(31040): Found patchfile: /vendor/firmware//BCM4334B0_002.001.013.1164.1457_RC.hcd
I/BeaconBle(31908): OS Scanner is only available for LOLLIPOP+
I/BeaconBle(31908): BLE 'JB+' software access layer enabled
W/Nearby  (31908): Bind call too late - someone already tried to get: interface aqsv
W/NearbyMessages(31908): NetworkPollManager:  RPC was requested, but deemed unnecessary.
I/bt_hwcfg(31040): bt vendor lib: set UART baud 115200
I/bt_hwcfg(31040): bt vendor lib: set UART baud 3000000
I/bt_hwcfg(31040): Setting local bd addr to 8C:34:FD:83:24:9D
I/bt_hwcfg(31040): vendor lib fwcfg completed
I/bt-btu  (31040): btu_task received preload complete event
I/        (31040): BTE_InitTraceLevels -- TRC_HCI
I/        (31040): BTE_InitTraceLevels -- TRC_L2CAP
I/        (31040): BTE_InitTraceLevels -- TRC_RFCOMM
I/        (31040): BTE_InitTraceLevels -- TRC_AVDT
I/        (31040): BTE_InitTraceLevels -- TRC_AVRC
I/        (31040): BTE_InitTraceLevels -- TRC_A2D
I/        (31040): BTE_InitTraceLevels -- TRC_BNEP
I/        (31040): BTE_InitTraceLevels -- TRC_BTM
I/        (31040): BTE_InitTraceLevels -- TRC_GAP
I/        (31040): BTE_InitTraceLevels -- TRC_PAN
I/        (31040): BTE_InitTraceLevels -- TRC_SDP
I/        (31040): BTE_InitTraceLevels -- TRC_GATT
I/        (31040): BTE_InitTraceLevels -- TRC_SMP
I/        (31040): BTE_InitTraceLevels -- TRC_BTAPP
I/        (31040): BTE_InitTraceLevels -- TRC_BTIF
W/bt-btif (31040):  bta_dm_sys_hw_cback with event: 1
E/bt-btm  (31040): BTM_SecRegister:p_cb_info->p_le_callback == 0x76404389 
E/bt-btm  (31040): BTM_SecRegister: btm_cb.api.p_le_callback = 0x76404389 
E/bt-btif (31040): Calling BTA_HhEnable
E/bt-btif (31040): btif_storage_get_adapter_property service_mask:0x140040
I/BluetoothAdapterProperties(31040): adapterPropertyChangedCallback with type:2 len:6
I/BluetoothAdapterProperties(31040): adapterPropertyChangedCallback with type:1 len:7
I/BluetoothAdapterProperties(31040): adapterPropertyChangedCallback with type:7 len:4
I/BluetoothAdapterProperties(31040): adapterPropertyChangedCallback with type:9 len:4
I/BluetoothAdapterProperties(31040): adapterPropertyChangedCallback with type:8 len:18
I/BluetoothAdapterProperties(31040): adapterPropertyChangedCallback with type:3 len:48
W/bt-btif (31040): bte_main_enable_lpm
I/bt_hwcfg(31040): SCO PCM configure {0, 1, 0, 0, 0}
I/bte_conf(31040): Attempt to load did conf from /etc/bluetooth/bt_did.conf
W/bt-btm  (31040): BTM_SetDiscoverability
W/bt-btm  (31040): BTM_SetConnectability
W/bt-btm  (31040): BTM_SetDiscoverability
W/bt-btm  (31040): BTM_SetConnectability
I/bte_conf(31040): [1] primary_record=1 vendor_id=0x000F vendor_id_source=0x0001 product_id=0x1200 version=0x1436
I/bte_conf(31040): Attempt to load did conf from /etc/bluetooth/bt_did.conf
I/bte_conf(31040): Attempt to load did conf from /etc/bluetooth/bt_did.conf
W/bt-btm  (31040): BTM_SetDiscoverability
W/bt-btm  (31040): BTM_SetConnectability
I/BluetoothAdapterProperties(31040): adapterPropertyChangedCallback with type:7 len:4
I/BluetoothAdapterState(31040): Bluetooth adapter state changed: 11-> 12
I/BluetoothAdapterState(31040): Entering On State
I/BluetoothAdapterProperties(31040): adapterPropertyChangedCallback with type:9 len:4
I/BluetoothHeadsetServiceJni(31040): connectHfpNative: sBluetoothHfpInterface: 0x764b9178
E/bt_h4   (31040): vendor lib postload completed
I/BluetoothA2dpServiceJni(31040): connectA2dpNative: sBluetoothA2dpInterface: 0x764b91bc
W/BluetoothMap(27280): Proxy not attached to service
W/BluetoothMap(27280): Proxy not attached to service
W/BluetoothAdapter(31040): getBluetoothService() called with no BluetoothManagerCallback
E/BluetoothServiceJni(31040): SOCK FLAG = 1 ***********************
I/HwLauncher( 3303): Launcher onPause()
W/HwLauncher( 3303): Launcher.MotionManager failed to stop TYPE_SHAKE_CHANGE_WALLPAPER
W/HwLauncher( 3303): Launcher.MotionManager failed to stop TYPE_SHAKE_START_PRIVACY
I/K3V3CpuGovernorPolicy( 3244): set scene Hmp policy : 300 , 150
W/BluetoothMap(27280): Proxy not attached to service
W/BluetoothMap(27280): Proxy not attached to service
W/BluetoothMap(27280): Proxy not attached to service
W/BluetoothMap(27280): Proxy not attached to service
W/Settings( 3082): Setting airplane_mode_on has moved from android.provider.Settings.System to android.provider.Settings.Global, returning read-only value.
W/bt-btm  (31040): BTM_SetDiscoverability
I/BluetoothAdapterProperties(31040): adapterPropertyChangedCallback with type:9 len:4
W/bt-btm  (31040): BTM_SetConnectability
I/BluetoothAdapterProperties(31040): adapterPropertyChangedCallback with type:7 len:4
E/BluetoothPlatformImp(27280): NameNotFoundException e: android.content.pm.PackageManager$NameNotFoundException: Application package com.android.nfc not found
W/BluetoothAdapter(31040): getBluetoothService() called with no BluetoothManagerCallback
E/BluetoothServiceJni(31040): SOCK FLAG = 1 ***********************
E/BluetoothPlatformImp(27280): in setBeamPushUrisCallback, nfcAdapter is null!
E/textview(27280): initAddtionalStyle default
I/BiometricManager(27280): UE supported types is null
E/textview(27280): initAddtionalStyle default
I/EasyUnlock( 3380): [EasyUnlockService] EasyUnlock not enabled, skipping initialization.
W/BluetoothAdapter(31040): getBluetoothService() called with no BluetoothManagerCallback
E/BluetoothServiceJni(31040): SOCK FLAG = 0 ***********************
I/BtOppRfcommListener(31040): Accept thread started.
I/HwLauncher( 3303): DynamicIcon onWindowVisibilityChanged 8 - com.android.deskclock
I/HwLauncher( 3303): DynamicIcon onWindowVisibilityChanged 8 - com.android.calendar
I/PhoneStatusBar( 3082): hw_status_bar_operators = false, setSystemUIVisibily(SHOW_OPERATOR = false)
I/BeaconBle(31908): Client requested scan, settings=BleSettings [scanMode=LOW_LATENCY, callbackType=ALL_MATCHES, reportDelayMillis=0, 6 filters, 1 clients, callingClientName=Nearby], listener=geo@435961d0
I/HwLauncher( 3303): Launcher onStop()
E/HwLauncher( 3303): Launcher dialog dismiss failed : java.lang.IllegalArgumentException: no dialog with id 1 was ever shown via Activity#showDialog
I/HwLauncher( 3303): Launcher dynamicIconsUnregister
I/HwLauncher( 3303): DynamicUpdater unregisterReceiver
I/HwLauncher( 3303): DynamicIcon onPause  isvisible = true   mAttachedToWindow:true    mWindowVisible:falsecom.android.deskclock
I/HwLauncher( 3303): DynamicUpdater unregisterReceiver
I/HwLauncher( 3303): DynamicIcon onPause  isvisible = true   mAttachedToWindow:true    mWindowVisible:falsecom.android.calendar
I/HwLauncher( 3303): DynamicUpdater unregisterReceiver
I/HwLauncher( 3303): DynamicIcon onPause  isvisible = true   mAttachedToWindow:false    mWindowVisible:falsecom.huawei.android.totemweather
I/HwLauncher( 3303): DynamicIcon onVisibilityChanged 4 - com.android.deskclock
I/HwLauncher( 3303): DynamicIcon onVisibilityChanged 4 - com.android.calendar
I/K3V3CpuGovernorPolicy( 3244): close previously scene Hmp policy : 300 , 150
W/bt-btm  (31040): BTM_SetConnectability
W/PlatformStatsUtil(22975): Could not retrieve Usage & Diagnostics setting. Giving up.
W/bt-btm  (31040): BTM_SetConnectability
W/bt-sdp  (31040): SDP - Rcvd conn cnf with error: 0x4  CID 0x40
I/BluetoothHeadsetServiceJni(31040): connection_state_callback
I/BluetoothA2dpServiceJni(31040): bta2dp_connection_state_callback
E/bt-btif (31040): reset flags
I/LocalBluetoothProfileManager(27280): Failed to connect HEADSET device
E/textview(27280): initAddtionalStyle default
E/textview(27280): initAddtionalStyle default
I/BeaconBle(31908): Client requested scan, settings=BleSettings [scanMode=ZERO_POWER, callbackType=ALL_MATCHES, reportDelayMillis=0, 6 filters, 1 clients, callingClientName=Nearby], listener=geo@435961d0
W/bt-btm  (31040): BTM_SetConnectability
I/BeaconBle(31908): Scan : No clients left, canceling alarm.
E/Thermal-daemon( 2431): [ap] temp_new :37  temp_old :38
E/Thermal-daemon( 2431): Report temperature: [ap] temp :37  report_threshold:1
W/bt-sdp  (31040): SDP - Rcvd conn cnf with error: 0x4  CID 0x41
I/wpa_supplicant(15735): wlan0: HEART-BEAT-ACK: 274
E/Thermal-daemon( 2431): [ap] temp_new :36  temp_old :37
E/Thermal-daemon( 2431): Report temperature: [ap] temp :36  report_threshold:1
W/bt-btif (31040): bta_dm_rm_cback:0, status:1
W/bt-btif (31040): bta_dm_act no entry for connected service cbs
W/bt-btif (31040): BTA_AV_OPEN_EVT::FAILED status: 3
I/BluetoothA2dpServiceJni(31040): bta2dp_connection_state_callback
I/LocalBluetoothProfileManager(27280): Failed to connect A2DP device
E/textview(27280): initAddtionalStyle default
E/textview(27280): initAddtionalStyle default
E/CommandListener( 2418): readDefRoute call readDefRoute
E/SecondaryTablController( 2418): isWifiDefaultRouteExisted /system/bin/ip route
E/CommandListener( 2418): readDefRoute Rsp ok
E/Thermal-daemon( 2431): [ap] temp_new :35  temp_old :36
E/Thermal-daemon( 2431): Report temperature: [ap] temp :35  report_threshold:1
I/wpa_supplicant(15735): wlan0: HEART-BEAT-ACK: 275
W/ctxmgr  (31908): [AclManager]No 2 for (accnt=account#225735344#, com.google.android.gms(10009):UserLocationProducer, vrsn=10298000, 0, 3pPkg = null ,  3pMdlId = null). Was: 2 for 1, account#225735344#
E/AudioFlinger( 2426): setLppDtsGeq():invalid keyValue of dts geq.
I/HwLauncher( 3303): Launcher receiver screen off broadcast sendmessage true
E/Thermal-daemon( 2431): [ap] temp_new :34  temp_old :35
E/Thermal-daemon( 2431): Report temperature: [ap] temp :34  report_threshold:1
I/FreezeProcess( 3244): handle Stop Freezer
I/AppsCleanUp( 3244): Clean Apps Num:2, clean type is 1
I/PGFreezeAdapter( 3244): setAlarmsPending [true] -> [[]]
I/AppsCleanUp( 3244): success pending alarm state:true
I/PushLogAC2543( 3261): [main-1]action is com.huawei.intent.action.PUSH(pushagent/null:-1)
I/PushLogAC2543( 3261): [main-1]PushService onStartCommand(pushagent/null:-1)
W/System.err( 3223): java.lang.SecurityException: No permission to write APN settings: Neither user 10093 nor current process has android.permission.WRITE_APN_SETTINGS.
W/System.err( 3223): 	at android.app.ContextImpl.enforce(ContextImpl.java:1775)
W/System.err( 3223): 	at android.app.ContextImpl.enforceCallingOrSelfPermission(ContextImpl.java:1804)
W/System.err( 3223): 	at com.android.providers.telephony.TelephonyProvider.checkPermission(TelephonyProvider.java:1984)
W/System.err( 3223): 	at com.android.providers.telephony.TelephonyProvider.query(TelephonyProvider.java:1558)
W/System.err( 3223): 	at android.content.ContentProvider.query(ContentProvider.java:857)
W/System.err( 3223): 	at android.content.ContentProvider$Transport.query(ContentProvider.java:200)
W/System.err( 3223): 	at android.content.ContentProviderNative.onTransact(ContentProviderNative.java:112)
W/System.err( 3223): 	at android.os.Binder.execTransact(Binder.java:404)
W/System.err( 3223): 	at dalvik.system.NativeStart.run(Native Method)
E/DatabaseUtils( 3223): Writing exception to parcel
E/DatabaseUtils( 3223): java.lang.SecurityException: No permission to write APN settings: Neither user 10093 nor current process has android.permission.WRITE_APN_SETTINGS.
E/DatabaseUtils( 3223): 	at android.app.ContextImpl.enforce(ContextImpl.java:1775)
E/DatabaseUtils( 3223): 	at android.app.ContextImpl.enforceCallingOrSelfPermission(ContextImpl.java:1804)
E/DatabaseUtils( 3223): 	at com.android.providers.telephony.TelephonyProvider.checkPermission(TelephonyProvider.java:1984)
E/DatabaseUtils( 3223): 	at com.android.providers.telephony.TelephonyProvider.query(TelephonyProvider.java:1558)
E/DatabaseUtils( 3223): 	at android.content.ContentProvider.query(ContentProvider.java:857)
E/DatabaseUtils( 3223): 	at android.content.ContentProvider$Transport.query(ContentProvider.java:200)
E/DatabaseUtils( 3223): 	at android.content.ContentProviderNative.onTransact(ContentProviderNative.java:112)
E/DatabaseUtils( 3223): 	at android.os.Binder.execTransact(Binder.java:404)
E/DatabaseUtils( 3223): 	at dalvik.system.NativeStart.run(Native Method)
I/PushLogAC2543( 3261): [ReceiverDispatcher-50]read to Send:DA(pushagent/null:-1)
I/KeyguardViewManager( 3033):     wallpaper = android.graphics.drawable.BitmapDrawable@47458e28, mIsWallpaperClamp = true
I/KeyguardViewManager( 3033): updateShowWallpaper = false
E/KeyguardHostView( 3033): KeyguardHostView()
I/KeyguardHostView( 3033): initFingerprintView
E/AuthenticationManager( 3033): AuthenticationManager open failed: the AuthenticationService is null
W/FpUtils ( 3033): AuthenticationManager open return null
I/KeyguardHostView( 3033): Fingerprint unlock is not enabled
I/KeyguardHostView( 3033): Fingerprint validation is not enabled
I/HwLockScreenImpl( 3033): HwLockScreenImpl construct
I/LockScreenCallbackImpl( 3033): LockScreenCallbackImpl init
I/LockScreenCallbackImpl( 3033): initDoubleCard .. mIsMultiSimEnabled :false
I/HwLockScreenImpl( 3033): init
I/HwLockScreenImpl( 3033): loadMagazine
W/Settings( 3033): Setting airplane_mode_on has moved from android.provider.Settings.System to android.provider.Settings.Global, returning read-only value.
E/AbsClockView( 3033): In setFactory...
E/HwClockView( 3033): In HwClockView...
E/AbsClockView( 3033): In setFactory...
E/HwClockView( 3033): In HwClockView...
W/Settings( 3033): Setting airplane_mode_on has moved from android.provider.Settings.System to android.provider.Settings.Global, returning read-only value.
I/HwLockScreenImpl( 3033): keyguard transparent = true
E/AbsClockView( 3033): In setFactory...
E/HwClockView( 3033): In HwClockView...
W/Settings( 3033): Setting airplane_mode_on has moved from android.provider.Settings.System to android.provider.Settings.Global, returning read-only value.
W/System.err( 3223): java.lang.SecurityException: No permission to write APN settings: Neither user 10093 nor current process has android.permission.WRITE_APN_SETTINGS.
W/System.err( 3223): 	at android.app.ContextImpl.enforce(ContextImpl.java:1775)
W/System.err( 3223): 	at android.app.ContextImpl.enforceCallingOrSelfPermission(ContextImpl.java:1804)
W/System.err( 3223): 	at com.android.providers.telephony.TelephonyProvider.checkPermission(TelephonyProvider.java:1984)
W/System.err( 3223): 	at com.android.providers.telephony.TelephonyProvider.query(TelephonyProvider.java:1558)
W/System.err( 3223): 	at android.content.ContentProvider.query(ContentProvider.java:857)
W/System.err( 3223): 	at android.content.ContentProvider$Transport.query(ContentProvider.java:200)
W/System.err( 3223): 	at android.content.ContentProviderNative.onTransact(ContentProviderNative.java:112)
W/System.err( 3223): 	at android.os.Binder.execTransact(Binder.java:404)
W/System.err( 3223): 	at dalvik.system.NativeStart.run(Native Method)
E/DatabaseUtils( 3223): Writing exception to parcel
E/DatabaseUtils( 3223): java.lang.SecurityException: No permission to write APN settings: Neither user 10093 nor current process has android.permission.WRITE_APN_SETTINGS.
E/DatabaseUtils( 3223): 	at android.app.ContextImpl.enforce(ContextImpl.java:1775)
E/DatabaseUtils( 3223): 	at android.app.ContextImpl.enforceCallingOrSelfPermission(ContextImpl.java:1804)
E/DatabaseUtils( 3223): 	at com.android.providers.telephony.TelephonyProvider.checkPermission(TelephonyProvider.java:1984)
E/DatabaseUtils( 3223): 	at com.android.providers.telephony.TelephonyProvider.query(TelephonyProvider.java:1558)
E/DatabaseUtils( 3223): 	at android.content.ContentProvider.query(ContentProvider.java:857)
E/DatabaseUtils( 3223): 	at android.content.ContentProvider$Transport.query(ContentProvider.java:200)
E/DatabaseUtils( 3223): 	at android.content.ContentProviderNative.onTransact(ContentProviderNative.java:112)
E/DatabaseUtils( 3223): 	at android.os.Binder.execTransact(Binder.java:404)
E/DatabaseUtils( 3223): 	at dalvik.system.NativeStart.run(Native Method)
I/HwLockScreenImpl( 3033): onResume: 2
I/HwLockScreenImpl( 3033): Do not need screenshot
I/LockScreenCallbackImpl( 3033): refreshLockScreenInfo
I/LockScreenCallbackImpl( 3033): getSimState
I/LockScreenCallbackImpl( 3033): traverseCardStatus : mUpdateMonitor.getSimState(0)=READY
I/LockScreenCallbackImpl( 3033): getCurrentStatus simState=READY
W/Settings( 3033): Setting airplane_mode_on has moved from android.provider.Settings.System to android.provider.Settings.Global, returning read-only value.
W/Settings( 3033): Setting airplane_mode_on has moved from android.provider.Settings.System to android.provider.Settings.Global, returning read-only value.
I/HwLockScreenImpl( 3033): onAttachedToWindow
I/HwLockScreenImpl( 3033): setLayoutHeight hide widget
I/LockScreenCallbackImpl( 3033): onTimeChanged
I/LockScreenCallbackImpl( 3033): on phone state changed :0
I/LockScreenCallbackImpl( 3033): onRefreshCarrierInfo  plmn = nullspn=Ooredoo TN
I/LockScreenCallbackImpl( 3033): .single card.onRefreshCarrierInfo..: Ooredoo TN
I/LockScreenCallbackImpl( 3033): onSimStateChanged single simState=READY
I/LockScreenCallbackImpl( 3033): getCurrentStatus simState=READY
I/LockScreenCallbackImpl( 3033): single card.onSimStateChanged..Ooredoo TN
I/KeyguardUpdateMonitor( 3033): keyguard blur, dispatch set blur background : bitmap = android.graphics.Bitmap@431fa7f8
E/Thermal-daemon( 2431): [flash_led] temp_new :33  temp_old :34
I/HwMusicManager( 3033): registerMusicObserver context=com.android.keyguard.KeyguardService@431eb430
I/HwUpdateMonitor( 3033): registerCallback com.android.huawei.hwlockscreen.utils.EventNotifyView$1@456e4c78, callback size = 0
I/EventNotifyView( 3033): onNewMessageChange info is null - no change happened
I/EventNotifyView( 3033): onCalllogChange missedCount=0
I/HwUpdateMonitor( 3033): registerMonitor
W/Settings( 3033): Setting airplane_mode_on has moved from android.provider.Settings.System to android.provider.Settings.Global, returning read-only value.
W/Settings( 3033): Setting airplane_mode_on has moved from android.provider.Settings.System to android.provider.Settings.Global, returning read-only value.
W/KeyguardStatusViewEx( 3033): refreshSmallMusicView res is null mEmergencyView=null
W/KeyguardStatusViewEx( 3033): refreshSmallMusicView res is null mEmergencyView=com.android.keyguard.EmergencyCarrierArea{46744c20 V.E...C. ......I. 0,0-0,0 #7f0d00a0 app:id/keyguard_selector_fade_container}
W/Settings( 3033): Setting airplane_mode_on has moved from android.provider.Settings.System to android.provider.Settings.Global, returning read-only value.
W/Settings( 3033): Setting airplane_mode_on has moved from android.provider.Settings.System to android.provider.Settings.Global, returning read-only value.
I/CameraLayout( 3033): onAttachedToWindow
I/UnderLayer( 3033): UnderLayer view
I/MonteGrayView( 3033): keyguard blur, on set blur background : bitmap = android.graphics.Bitmap@431fa7f8, visibility = 0, mDrawableBlur = android.graphics.drawable.BitmapDrawable@4743cd48
I/HwUpdateMonitor( 3033): registerCallback com.android.huawei.hwlockscreen.infocenter.InfoCenterView$1@467d55b8, callback size = 1
E/HwLauncher( 3303): Launcher dialog dismiss failed : java.lang.IllegalArgumentException: no dialog with id 1 was ever shown via Activity#showDialog
I/Choreographer( 3033): Skipped 44 frames!  The application may be doing too much work on its main thread.
I/PhoneStatusBar( 3082): hw_status_bar_operators = false, setSystemUIVisibily(SHOW_OPERATOR = true)
E/textview(27280): initAddtionalStyle default
I/wpa_supplicant(15735): wlan0: HEART-BEAT-ACK: 276
I/AppsCleanUp( 3244): initWakelockApps->start
E/Thermal-daemon( 2431): [pa_0] temp_new :31  temp_old :32
E/CommandListener( 2418): readDefRoute call readDefRoute
E/SecondaryTablController( 2418): isWifiDefaultRouteExisted /system/bin/ip route
E/CommandListener( 2418): readDefRoute Rsp ok
I/wpa_supplicant(15735): wlan0: HEART-BEAT-ACK: 277
E/Thermal-daemon( 2431): [ap] temp_new :33  temp_old :34
I/wpa_supplicant(15735): wlan0: HEART-BEAT-ACK: 278
E/CommandListener( 2418): readDefRoute call readDefRoute
E/SecondaryTablController( 2418): isWifiDefaultRouteExisted /system/bin/ip route
E/CommandListener( 2418): readDefRoute Rsp ok
E/Thermal-daemon( 2431): [charger] temp_new :30  temp_old :31
I/wpa_supplicant(15735): wlan0: HEART-BEAT-ACK: 279
I/LockScreenCallbackImpl( 3033): onTimeChanged
W/MonitorImpl( 3033): onReceive - onPreBrocastReceive return false
E/Thermal-daemon( 2431): [pa_0] temp_new :30  temp_old :31
E/Thermal-daemon( 2431): [flash_led] temp_new :32  temp_old :33
E/Thermal-daemon( 2431): [ap] temp_new :32  temp_old :33
I/wpa_supplicant(15735): wlan0: HEART-BEAT-ACK: 280
E/CommandListener( 2418): readDefRoute call readDefRoute
E/SecondaryTablController( 2418): isWifiDefaultRouteExisted /system/bin/ip route
E/CommandListener( 2418): readDefRoute Rsp ok
I/wpa_supplicant(15735): wlan0: HEART-BEAT-ACK: 281
I/wpa_supplicant(15735): wlan0: HEART-BEAT-ACK: 282
E/HwSystemManager( 3544): BgPowerManagerService: conusmPower = 10 result = 117 flag1 =false flag2 = false
E/android_hardware_fm.cpp( 8203): register_android_hardware_fm_fmradio
E/FM_HAL  ( 8203): [FM_HAL], fm_dynamic_lib is libbcmfm_if
E/FM_HAL  ( 8203): [FM_HAL], libname is libbcmfm_if
E/fm_if.c ( 8203): find the id:libbcmfm_if and begins to open the devices
E/android_hardware_fm.cpp( 8203): register_android_hardware_fm_fmradio, ret is 0
E/        ( 8203): ProtocolErrorLog wangkang test!!
E/android_hardware_fm.cpp( 8218): register_android_hardware_fm_fmradio
E/FM_HAL  ( 8218): [FM_HAL], fm_dynamic_lib is libbcmfm_if
E/FM_HAL  ( 8218): [FM_HAL], libname is libbcmfm_if
E/fm_if.c ( 8218): find the id:libbcmfm_if and begins to open the devices
E/android_hardware_fm.cpp( 8218): register_android_hardware_fm_fmradio, ret is 0
E/        ( 8218): ProtocolErrorLog wangkang test!!
I/dalvikvm( 8229): Could not find method android.os.PowerManager.isDeviceIdleMode, referenced from method com.google.android.finsky.utils.gj.a
W/dalvikvm( 8229): VFY: unable to resolve virtual method 1691: Landroid/os/PowerManager;.isDeviceIdleMode ()Z
I/dalvikvm( 8229): Could not find method android.app.admin.DevicePolicyManager.isProfileOwnerApp, referenced from method com.google.android.finsky.l.a.d
W/dalvikvm( 8229): VFY: unable to resolve virtual method 419: Landroid/app/admin/DevicePolicyManager;.isProfileOwnerApp (Ljava/lang/String;)Z
I/dalvikvm( 8229): Could not find method android.app.admin.DevicePolicyManager.getProfileOwner, referenced from method com.google.android.finsky.l.a.d
W/dalvikvm( 8229): VFY: unable to resolve virtual method 416: Landroid/app/admin/DevicePolicyManager;.getProfileOwner ()Landroid/content/ComponentName;
I/dalvikvm( 8229): Could not find method android.content.pm.ApplicationInfo.loadUnbadgedIcon, referenced from method com.google.android.finsky.notification.impl.a.e
W/dalvikvm( 8229): VFY: unable to resolve virtual method 672: Landroid/content/pm/ApplicationInfo;.loadUnbadgedIcon (Landroid/content/pm/PackageManager;)Landroid/graphics/drawable/Drawable;
W/System.err( 2928): java.lang.SecurityException: WifiService: Neither user 10016 nor current process has android.permission.CHANGE_WIFI_STATE.
W/System.err( 2928): 	at android.app.ContextImpl.enforce(ContextImpl.java:1775)
W/System.err( 2928): 	at android.app.ContextImpl.enforceCallingOrSelfPermission(ContextImpl.java:1804)
W/System.err( 2928): 	at com.android.server.wifi.WifiService.enforceChangePermission(WifiService.java:639)
W/System.err( 2928): 	at com.android.server.wifi.WifiService.getWifiServiceMessenger(WifiService.java:1288)
W/System.err( 2928): 	at android.net.wifi.IWifiManager$Stub.onTransact(IWifiManager.java:423)
W/System.err( 2928): 	at huawei.com.android.server.wifi.HwWifiService.onTransact(HwWifiService.java:58)
W/System.err( 2928): 	at android.os.Binder.execTransact(Binder.java:404)
W/System.err( 2928): 	at dalvik.system.NativeStart.run(Native Method)
I/dalvikvm( 8229): Could not find method android.content.pm.PackageManager.getLeanbackLaunchIntentForPackage, referenced from method com.google.android.finsky.f.a.h.e
W/dalvikvm( 8229): VFY: unable to resolve virtual method 757: Landroid/content/pm/PackageManager;.getLeanbackLaunchIntentForPackage (Ljava/lang/String;)Landroid/content/Intent;
W/dalvikvm( 8229): Unable to resolve superclass of Lcom/google/android/finsky/hygiene/HygieneJobService; (90)
W/dalvikvm( 8229): Link of class 'Lcom/google/android/finsky/hygiene/HygieneJobService;' failed
E/dalvikvm( 8229): Could not find class 'com.google.android.finsky.hygiene.HygieneJobService', referenced from method com.google.android.finsky.dailyhygiene.DailyHygiene.a
W/dalvikvm( 8229): VFY: unable to resolve const-class 4391 (Lcom/google/android/finsky/hygiene/HygieneJobService;) in Lcom/google/android/finsky/dailyhygiene/DailyHygiene;
W/dalvikvm( 8229): Unable to resolve superclass of Lcom/google/android/finsky/services/MaintenanceWindowJobService; (90)
W/dalvikvm( 8229): Link of class 'Lcom/google/android/finsky/services/MaintenanceWindowJobService;' failed
E/dalvikvm( 8229): Could not find class 'com.google.android.finsky.services.MaintenanceWindowJobService', referenced from method com.google.android.finsky.dailyhygiene.DailyHygiene.g
W/dalvikvm( 8229): VFY: unable to resolve const-class 5438 (Lcom/google/android/finsky/services/MaintenanceWindowJobService;) in Lcom/google/android/finsky/dailyhygiene/DailyHygiene;
W/dalvikvm( 8229): Unable to resolve superclass of Lcom/google/android/finsky/hygiene/HygieneJobService; (90)
W/dalvikvm( 8229): Link of class 'Lcom/google/android/finsky/hygiene/HygieneJobService;' failed
W/dalvikvm( 8229): VFY: unable to resolve static field 21220 (a) in Lcom/google/android/finsky/hygiene/HygieneJobService;
W/dalvikvm( 8229): Unable to resolve superclass of Lcom/google/android/finsky/hygiene/HygieneJobService; (90)
W/dalvikvm( 8229): Link of class 'Lcom/google/android/finsky/hygiene/HygieneJobService;' failed
I/dalvikvm( 8229): DexOpt: unable to optimize static field ref 0x52e4 at 0x98 in Lcom/google/android/finsky/dailyhygiene/DailyHygiene;.a
W/dalvikvm( 8229): Unable to resolve superclass of Lcom/google/android/finsky/hygiene/HygieneJobService; (90)
W/dalvikvm( 8229): Link of class 'Lcom/google/android/finsky/hygiene/HygieneJobService;' failed
I/dalvikvm( 8229): DexOpt: unable to optimize instance field ref 0x52e5 at 0xcc in Lcom/google/android/finsky/dailyhygiene/DailyHygiene;.a
W/dalvikvm( 8229): Unable to resolve superclass of Lcom/google/android/finsky/hygiene/HygieneJobService; (90)
W/dalvikvm( 8229): Link of class 'Lcom/google/android/finsky/hygiene/HygieneJobService;' failed
I/dalvikvm( 8229): DexOpt: unable to optimize instance field ref 0x52e5 at 0xd1 in Lcom/google/android/finsky/dailyhygiene/DailyHygiene;.a
W/dalvikvm( 8229): Unable to resolve superclass of Lcom/google/android/finsky/hygiene/HygieneJobService; (90)
W/dalvikvm( 8229): Link of class 'Lcom/google/android/finsky/hygiene/HygieneJobService;' failed
I/dalvikvm( 8229): DexOpt: unable to optimize static field ref 0x52e4 at 0xd3 in Lcom/google/android/finsky/dailyhygiene/DailyHygiene;.a
I/Finsky  ( 8229): [1] com.google.android.finsky.dailyhygiene.DailyHygiene.a(306): No need to run daily hygiene.
I/dalvikvm( 8229): Could not find method android.os.UserManager.getUserProfiles, referenced from method com.google.android.finsky.utils.gi.g
W/dalvikvm( 8229): VFY: unable to resolve virtual method 1731: Landroid/os/UserManager;.getUserProfiles ()Ljava/util/List;
I/dalvikvm( 8229): Could not find method android.os.UserManager.getSerialNumbersOfUsers, referenced from method com.google.android.finsky.utils.gi.d
W/dalvikvm( 8229): VFY: unable to resolve virtual method 1729: Landroid/os/UserManager;.getSerialNumbersOfUsers (Z)[J
I/dalvikvm( 8229): Could not find method android.os.UserManager.isSystemUser, referenced from method com.google.android.finsky.utils.gi.e
W/dalvikvm( 8229): VFY: unable to resolve virtual method 1734: Landroid/os/UserManager;.isSystemUser ()Z
I/dalvikvm( 8229): Could not find method android.app.ActivityManager.getPackageImportance, referenced from method com.google.android.finsky.installer.w.b
W/dalvikvm( 8229): VFY: unable to resolve virtual method 192: Landroid/app/ActivityManager;.getPackageImportance (Ljava/lang/String;)I
W/Settings( 8229): Setting download_manager_max_bytes_over_mobile has moved from android.provider.Settings.Secure to android.provider.Settings.Global.
W/Settings( 8229): Setting download_manager_recommended_max_bytes_over_mobile has moved from android.provider.Settings.Secure to android.provider.Settings.Global.
I/dalvikvm( 8229): Could not find method com.google.android.finsky.image.DocImageView.setTransitionName, referenced from method com.google.android.finsky.playcard.s.a
W/dalvikvm( 8229): VFY: unable to resolve virtual method 28624: Lcom/google/android/finsky/image/DocImageView;.setTransitionName (Ljava/lang/String;)V
I/dalvikvm( 8229): Could not find method com.google.android.finsky.image.DocImageView.setTransitionName, referenced from method com.google.android.finsky.playcard.s.a
W/dalvikvm( 8229): VFY: unable to resolve virtual method 28624: Lcom/google/android/finsky/image/DocImageView;.setTransitionName (Ljava/lang/String;)V
I/dalvikvm( 8229): Could not find method com.google.android.finsky.image.DocImageView.setTransitionName, referenced from method com.google.android.finsky.playcard.s.a
W/dalvikvm( 8229): VFY: unable to resolve virtual method 28624: Lcom/google/android/finsky/image/DocImageView;.setTransitionName (Ljava/lang/String;)V
I/dalvikvm( 8229): Could not find method com.google.android.play.layout.b.setTransitionGroup, referenced from method com.google.android.finsky.playcard.s.a
W/dalvikvm( 8229): VFY: unable to resolve virtual method 50082: Lcom/google/android/play/layout/b;.setTransitionGroup (Z)V
I/Finsky  ( 8229): [1] com.google.android.finsky.ab.a.a(195): Enabling bucket experiment: factor=1.000, zeroDelta=0ms, forceNetwork=true
W/dalvikvm( 8229): VFY: unable to resolve static field 216 (SUPPORTED_ABIS) in Landroid/os/Build;
I/dalvikvm( 8229): Could not find method android.content.pm.PackageManager.getPackageInstaller, referenced from method com.google.android.gms.common.f.a
W/dalvikvm( 8229): VFY: unable to resolve virtual method 761: Landroid/content/pm/PackageManager;.getPackageInstaller ()Landroid/content/pm/PackageInstaller;
I/Finsky  ( 8229): [1] com.google.android.vending.verifier.PackageVerificationReceiver.onReceive(41): Verification requested, id = 34
I/Finsky  ( 8229): [1] com.google.android.finsky.installer.a.a.a(15010): Installer kick - no action, not running yet
I/Finsky  ( 8229): [1] com.google.android.finsky.x.a.h.run(180): Loaded library for account: [yQYOEToIxHkXMrjSkRZ4EmYkZj8]
I/Finsky  ( 8229): [1] com.google.android.finsky.x.a.h.run(186): Finished loading 1 libraries.
I/Finsky  ( 8229): [1] com.google.android.finsky.f.a.a.a(16889): result=false type=4
I/WearableService(31908): Wear is not allowed to run on this device. Not starting Wear service.
I/Finsky  ( 8229): [1] com.google.android.finsky.services.ax.a(963): Restore complete with 0 success and 0 failed.
E/Finsky  ( 8229): [1] com.google.android.finsky.wear.bl.a(847): onConnectionFailed: ConnectionResult{statusCode=API_UNAVAILABLE, resolution=null, message=null}
I/Finsky  ( 8229): [1] com.google.android.finsky.wear.aj.run(20402): Dropping command=send_installed_apps due to Gms not connected
I/Finsky  ( 8229): [1601] com.google.android.finsky.services.ForegroundCoordinator.a(104): Task 7 requested foreground
I/Finsky  ( 8229): [1601] com.google.android.finsky.services.ForegroundCoordinator.a(116): Not entering foreground
E/CommandListener( 2418): readDefRoute call readDefRoute
E/SecondaryTablController( 2418): isWifiDefaultRouteExisted /system/bin/ip route
I/Finsky  ( 8229): [1] com.google.android.vending.verifier.av.a_(20077): Verification id=34 response=0
I/Finsky  ( 8229): [1] com.google.android.vending.verifier.an.c(212): Verification complete: id=34, package_name=com.awesomeproject
I/Finsky  ( 8229): [1] com.google.android.vending.verifier.an.h(11197): Verifying id=34, result=1
E/CommandListener( 2418): readDefRoute Rsp ok
I/PackageManager( 2928): Running dexopt on: com.awesomeproject
W/dalvikvm( 8276): method Landroid/support/v7/widget/ListViewCompat;.lookForSelectablePosition incorrectly overrides package-private method with same name in Landroid/widget/ListView;
E/Thermal-daemon( 2431): [ap] temp_new :33  temp_old :32
I/InputReader( 2928): Reconfiguring input devices.  changes=0x00000010
I/InputReader( 2928): Reconfiguring input devices.  changes=0x00000010
I/HwSystemManager( 3621): HsmPackageManager:Receive intent:Intent { act=android.intent.action.PACKAGE_REMOVED dat=package:com.awesomeproject flg=0x4000010 (has extras) }
I/HwSystemManager( 3621): HsmPackageManager:replacing:true
I/HwSystemManager( 3621): HsmPackageManager:Receive intent:Intent { act=android.intent.action.PACKAGE_ADDED dat=package:com.awesomeproject flg=0x4000010 (has extras) }
I/HwSystemManager( 3621): HsmPackageManager:replacing:true
I/HwSystemManager( 3544): HsmPackageManager:Receive intent:Intent { act=android.intent.action.PACKAGE_REMOVED dat=package:com.awesomeproject flg=0x4000010 (has extras) }
I/HwSystemManager( 3544): HsmPackageManager:replacing:true
I/HwSystemManager( 3544): HsmPackageManager:Receive intent:Intent { act=android.intent.action.PACKAGE_ADDED dat=package:com.awesomeproject flg=0x4000010 (has extras) }
I/HwSystemManager( 3544): HsmPackageManager:replacing:true
W/CursorWrapperInner( 3082): Cursor finalized without prior close()
W/CursorWrapperInner( 3082): Cursor finalized without prior close()
I/PackageManager( 2928):   Action: "android.intent.action.SENDTO"
I/PackageManager( 2928):   Category: "android.intent.category.DEFAULT"
I/PackageManager( 2928):   Scheme: "sms"
I/ApplicationsProvider( 3350): sendGCMsg()
I/HwLauncher( 3303): Model  onReceive intent=Intent { act=android.intent.action.PACKAGE_REMOVED dat=package:com.awesomeproject flg=0x4000010 (has extras) }
I/HwLauncher( 3303): Model isStk =false replacing = true package = com.awesomeproject
I/HwLauncher( 3303): SimpleLauncherModeaction= android.intent.action.PACKAGE_REMOVEDpackageName = com.awesomeproject
I/HwLauncher( 3303): Model  onReceive intent=Intent { act=android.intent.action.PACKAGE_ADDED dat=package:com.awesomeproject flg=0x4000010 (has extras) }
I/HwLauncher( 3303): Model isStk =false replacing = true package = com.awesomeproject
I/HwLauncher( 3303): MutilSelectedIconsonPreHandleUpdatedTask : mIsInMutilSelectMode = false task = 2 packages = [com.awesomeproject]
I/HwLauncher( 3303): SimpleLauncherModeaction= android.intent.action.PACKAGE_ADDEDpackageName = com.awesomeproject
I/HwLauncher( 3303): Model mAllAppsList.updatePackage com.awesomeproject
I/HwLauncher( 3303): AllIdleAppsList  updatePackage : package[com.awesomeproject] matched activity's size is 1 and data List size is 63
I/PackageManager( 2928):   Action: "android.intent.action.SENDTO"
I/PackageManager( 2928):   Category: "android.intent.category.DEFAULT"
I/PackageManager( 2928):   Scheme: "smsto"
I/HwLauncher( 3303): Launcher.IconCache, cacheLocked begin Utilities.createIconBitmap entry.title = AwesomeProject
I/HwLauncher( 3303): Launcher.IconCache, getDrawableForDensity begin, iconId = 2130903040
I/PackageManager( 2928):   Action: "android.intent.action.SENDTO"
I/PackageManager( 2928):   Category: "android.intent.category.DEFAULT"
I/PackageManager( 2928):   Scheme: "mms"
I/HwLauncher( 3303): Launcher.IconCache, getDrawableForDensity end,iconId = 2130903040
I/HwLauncher( 3303): Launcher.Utilities createIconBitmap sourceWidth = 180sourceHeight = 180
I/HwLauncher( 3303): Launcher.IconCache, cacheLocked end Utilities.createIconBitmap entry.title = AwesomeProject
I/HwLauncher( 3303): SimpleLauncherModemAllAppsList.updatePackage com.awesomeproject
I/HwLauncher( 3303): Model shortcutInfo.title = AwesomeProject
I/HwLauncher( 3303): Workspace updateShortcuts apps.size() 1
I/HwLauncher( 3303): Workspace updateShortcuts shortcutInfo = AwesomeProject
I/HwLauncher( 3303): SimpleAllAppsList  updatePackage : package[com.awesomeproject] matched activity's size is 1 and data List size is 0
I/HwSystemManager( 3544): HsmPackageManager:Receive intent:Intent { act=android.intent.action.PACKAGE_REPLACED dat=package:com.awesomeproject flg=0x4000010 (has extras) }
I/HwSystemManager( 3544): HsmPackageManager:replacing:true
I/HwSystemManager( 3544): HsmPackageManager:pkgName:com.awesomeproject
I/HwSystemManager( 3621): HsmPackageManager:Receive intent:Intent { act=android.intent.action.PACKAGE_REPLACED dat=package:com.awesomeproject flg=0x4000010 (has extras) }
I/HwSystemManager( 3621): HsmPackageManager:replacing:true
I/HwSystemManager( 3621): HsmPackageManager:pkgName:com.awesomeproject
I/HwSystemManager( 3544): HsmPackageManager:doAppChanged, put com.awesomeproject, path:/data/app
I/PackageManager( 2928):   Action: "android.intent.action.SENDTO"
I/PackageManager( 2928):   Category: "android.intent.category.DEFAULT"
I/PackageManager( 2928):   Scheme: "mmsto"
I/HwLauncher( 3303): Launcher.Folder childCount: 9
I/HwLauncher( 3303): Launcher.Folder childCount: 9
I/InputReader( 2928): Reconfiguring input devices.  changes=0x00000010
I/HwSystemManager( 3621): HsmPackageManager:doAppChanged, put com.awesomeproject, path:/data/app
I/AccountTypeManager(17007): Adding account type = com.android.contacts.model.account.ExchangeAccountType@433427f0 in the cache
I/HwLauncher( 3303): Launcher Deferring update until onResume
I/karaokeeffect.IntentReceiver(17262): Intent received, action=android.intent.action.PACKAGE_REMOVED
I/karaokeeffect.DataPortal(17262): checkAndRemoveApp, packageName=com.awesomeproject
I/PackageManager( 2928):   Action: "android.intent.action.SENDTO"
I/PackageManager( 2928):   Category: "android.intent.category.DEFAULT"
I/PackageManager( 2928):   Scheme: "sms"
W/ResourceType(17007): getEntry failing because entryIndex 5835 is beyond type entryCount 1010
W/ResourceType(17007): Failure getting entry for 0x7f0216cb (t=1 e=5835) in package 0 (error -2147483647)
W/ResourceType(17007): getEntry failing because entryIndex 5835 is beyond type entryCount 1010
W/ResourceType(17007): Failure getting entry for 0x7f0216cb (t=1 e=5835) in package 0 (error -2147483647)
W/ResourceType(17007): getEntry failing because entryIndex 5836 is beyond type entryCount 1010
W/ResourceType(17007): Failure getting entry for 0x7f0216cc (t=1 e=5836) in package 0 (error -2147483647)
W/ResourceType(17007): getEntry failing because entryIndex 5837 is beyond type entryCount 1010
W/ResourceType(17007): Failure getting entry for 0x7f0216cd (t=1 e=5837) in package 0 (error -2147483647)
I/AccountTypeManager(17007): Adding account type = com.android.contacts.model.account.ExternalAccountType@434c2188 in the cache
W/AccountTypeManager(17007): No authenticator found for type=com.android.huawei.secondsim, ignoring it.
I/AccountTypeManager(17007): Adding account type = com.android.contacts.model.account.GoogleAccountType@4323a410 in the cache
I/HwLauncher( 3303): SimpleAllAppsList  findAndUpdateInfoInDB : found 0 shortcutInfo for package[com.awesomeproject] in db
I/HwLauncher( 3303): SimpleAllAppsList  updatePackage do not add new SimpleApplicationInfo,It's in normal now. package = com.awesomeproject
W/HwLauncher( 3303): SimpleLauncherModeNobody to tell about the new app.  Launcher is probably loading.
I/PackageManager( 2928):   Action: "android.intent.action.SENDTO"
I/PackageManager( 2928):   Category: "android.intent.category.DEFAULT"
I/PackageManager( 2928):   Scheme: "smsto"
I/AccountTypeManager(17007): Adding account type = com.android.contacts.model.account.ExternalAccountType@432e2b98 in the cache
I/SimFactoryManager(17007): Get SIM state from SIM factory manager: 5,For slotId:-1
I/AccountTypeManager(17007): Adding account type = com.android.contacts.hap.sim.advanced.AdvancedSimAccountType@43329b90 in the cache
I/HwSystemManager( 3544): NotificationManagerReceiver:onReceive action = android.intent.action.PACKAGE_REMOVED
E/ExternalAccountType(17007): Unsupported attribute readOnly
I/PackageManager( 2928):   Action: "android.intent.action.SENDTO"
I/PackageManager( 2928):   Category: "android.intent.category.DEFAULT"
I/PackageManager( 2928):   Scheme: "mms"
I/HwSystemManager( 3621): OptimizeReceiver:OptimizeReceiver received action:android.intent.action.PACKAGE_REMOVED
I/PackageManager( 2928):   Action: "android.intent.action.SENDTO"
I/PackageManager( 2928):   Category: "android.intent.category.DEFAULT"
I/HwSystemManager( 3621): ComBroadcastReceiver:ComBroadcastReceiver action = android.intent.action.PACKAGE_REMOVED
I/PackageManager( 2928):   Scheme: "mmsto"
I/HwSystemManager( 3621): HsmIntentService:destroyed. this:com.huawei.systemmanager.util.content.HsmIntentService_ui@43443c50
I/HwSystemManager( 3544): HsmIntentService:destroyed. this:com.huawei.systemmanager.util.content.HsmIntentService_bg@433e20c8
E/HwSystemManager( 3544): AppCleanUpService:msg is 1
I/AccountTypeManager(17007): Loaded meta-data for 6 account types, 5 accounts in 304ms(wall) 53ms(cpu)
I/PackageManager( 2928):   Action: "android.intent.action.SENDTO"
I/HwSystemManager( 3621): SavingSettingUtil:setAlarm and high_level_standard is 10 msg_send_interval is 240 count_frequency is 60 dangerous_level_standard is 25 dangerous_current_level is 30 min_interval_time is 3 average_current_fg is 350 count_frequency_fg is 5 app_show_level is 1
I/PackageManager( 2928):   Category: "android.intent.category.DEFAULT"
I/PackageManager( 2928):   Scheme: "sms"
I/AccountTypeManager(17007): Adding account type = com.android.contacts.model.account.ExchangeAccountType@43212280 in the cache
I/PackageManager( 2928):   Action: "android.intent.action.SENDTO"
I/PackageManager( 2928):   Category: "android.intent.category.DEFAULT"
I/PackageManager( 2928):   Scheme: "smsto"
I/PackageManager( 2928):   Action: "android.intent.action.SENDTO"
I/PackageManager( 2928):   Category: "android.intent.category.DEFAULT"
I/PackageManager( 2928):   Scheme: "mms"
I/HwSystemManager( 3621): HsmIntentService:destroyed. this:com.huawei.systemmanager.util.content.HsmIntentService_ui@433ccb38
W/ResourceType(17007): getEntry failing because entryIndex 5835 is beyond type entryCount 1010
W/ResourceType(17007): Failure getting entry for 0x7f0216cb (t=1 e=5835) in package 0 (error -2147483647)
W/ResourceType(17007): getEntry failing because entryIndex 5835 is beyond type entryCount 1010
W/ResourceType(17007): Failure getting entry for 0x7f0216cb (t=1 e=5835) in package 0 (error -2147483647)
W/ResourceType(17007): getEntry failing because entryIndex 5836 is beyond type entryCount 1010
W/ResourceType(17007): Failure getting entry for 0x7f0216cc (t=1 e=5836) in package 0 (error -2147483647)
W/ResourceType(17007): getEntry failing because entryIndex 5837 is beyond type entryCount 1010
W/ResourceType(17007): Failure getting entry for 0x7f0216cd (t=1 e=5837) in package 0 (error -2147483647)
I/AccountTypeManager(17007): Adding account type = com.android.contacts.model.account.ExternalAccountType@43384bf8 in the cache
W/AccountTypeManager(17007): No authenticator found for type=com.android.huawei.secondsim, ignoring it.
I/PackageManager( 2928):   Action: "android.intent.action.SENDTO"
I/PackageManager( 2928):   Category: "android.intent.category.DEFAULT"
I/PackageManager( 2928):   Scheme: "mmsto"
I/AccountTypeManager(17007): Adding account type = com.android.contacts.model.account.GoogleAccountType@433f2a90 in the cache
I/YhdsEngine( 3621): [EngineIntentService] Received: com.dianxinos.optimizer.engine.action.PKG_CHANGE
I/HwSystemManager( 3621): DX-Optimizer:[PackageChangeReceiver] Received: android.intent.action.PACKAGE_REMOVED, data: package:com.awesomeproject, replacing: true
I/HwSystemManager( 3621): DX-Optimizer:[CommonIntentService] Received: com.dianxinos.optimizer.action.PKG_CHANGE
I/AccountTypeManager(17007): Adding account type = com.android.contacts.model.account.ExternalAccountType@4335aaf8 in the cache
I/PackageManager( 2928):   Action: "android.intent.action.SENDTO"
I/SimFactoryManager(17007): Get SIM state from SIM factory manager: 5,For slotId:-1
I/PackageManager( 2928):   Category: "android.intent.category.DEFAULT"
I/PackageManager( 2928):   Scheme: "sms"
I/AccountTypeManager(17007): Adding account type = com.android.contacts.hap.sim.advanced.AdvancedSimAccountType@43329b90 in the cache
I/PackageManager( 2928):   Action: "android.intent.action.SENDTO"
I/PackageManager( 2928):   Category: "android.intent.category.DEFAULT"
I/PackageManager( 2928):   Scheme: "smsto"
E/ExternalAccountType(17007): Unsupported attribute readOnly
I/PackageManager( 2928):   Action: "android.intent.action.SENDTO"
I/PackageManager( 2928):   Category: "android.intent.category.DEFAULT"
I/PackageManager( 2928):   Scheme: "mms"
I/PackageManager( 2928):   Action: "android.intent.action.SENDTO"
I/PackageManager( 2928):   Category: "android.intent.category.DEFAULT"
I/PackageManager( 2928):   Scheme: "mmsto"
I/PushLogSC2539(27268): [main-1]action is android.intent.action.PACKAGE_REMOVED(ds/null:-1)
I/AccountTypeManager(17007): Loaded meta-data for 6 account types, 5 accounts in 278ms(wall) 38ms(cpu)
I/PushLogAC2543( 3261): [main-1]action is android.intent.action.PACKAGE_REMOVED(pushagent/null:-1)
W/PushLogSC2539(27268): [Thread-699-699]no macAddress in device_info(ds/null:-1)
I/PackageManager( 2928):   Action: "android.intent.action.SENDTO"
I/PackageManager( 2928):   Category: "android.intent.category.DEFAULT"
I/PackageManager( 2928):   Scheme: "sms"
I/PushLogSC2539(27268): [Thread-699-699]push jarFile is not exist(ds/null:-1)
I/PushLogAC2543( 3261): [Thread-46-46]push jarFile is not exist(pushagent/null:-1)
I/PushLogSC2539(27268): [Thread-699-699]support ctrlsocket.(ds/null:-1)
I/PackageManager( 2928):   Action: "android.intent.action.SENDTO"
I/PackageManager( 2928):   Category: "android.intent.category.DEFAULT"
I/PackageManager( 2928):   Scheme: "smsto"
I/PushLogAC2543( 3261): [Thread-46-46]support ctrlsocket.(pushagent/null:-1)
I/PushLogAC2543( 3261): [main-1]PushService onStartCommand(pushagent/null:-1)
I/PackageManager( 2928):   Action: "android.intent.action.SENDTO"
I/PackageManager( 2928):   Category: "android.intent.category.DEFAULT"
I/PackageManager( 2928):   Scheme: "mms"
I/PackageManager( 2928):   Action: "android.intent.action.SENDTO"
I/PackageManager( 2928):   Category: "android.intent.category.DEFAULT"
I/PackageManager( 2928):   Scheme: "mmsto"
I/PackageManager( 2928):   Action: "android.intent.action.SENDTO"
I/PackageManager( 2928):   Category: "android.intent.category.DEFAULT"
I/PackageManager( 2928):   Scheme: "sms"
I/PackageManager( 2928):   Action: "android.intent.action.SENDTO"
I/PackageManager( 2928):   Category: "android.intent.category.DEFAULT"
I/PackageManager( 2928):   Scheme: "smsto"
I/PackageManager( 2928):   Action: "android.intent.action.SENDTO"
I/PackageManager( 2928):   Category: "android.intent.category.DEFAULT"
I/PackageManager( 2928):   Scheme: "mms"
I/PackageManager( 2928):   Action: "android.intent.action.SENDTO"
I/PackageManager( 2928):   Category: "android.intent.category.DEFAULT"
I/PackageManager( 2928):   Scheme: "mmsto"
E/Drive.UninstallOperation(22975): Package still installed com.awesomeproject
E/NetworkScheduler.SR( 3380): Invalid parameter app
E/NetworkScheduler.SR( 3380): Invalid package name : Perhaps you didn't include a PendingIntent in the extras?
I/karaokeeffect.IntentReceiver(17262): Intent received, action=android.intent.action.PACKAGE_ADDED
I/karaokeeffect.DataPortal(17262): checkAndAddApp, packageName=com.awesomeproject
I/HwSystemManager( 3544): NotificationManagerReceiver:onReceive action = android.intent.action.PACKAGE_ADDED
I/HwSystemManager( 3621): OptimizeReceiver:OptimizeReceiver received action:android.intent.action.PACKAGE_ADDED
E/HwSystemManager( 3544): AppCleanUpService:msg is 0
