I/ReactNativeJS( 9010): Beacons monitoring started successfully
I/ReactNativeJS( 9010): 'TOKEN:', { token: 'd5_hxdRStso:APA91bEtIY_B3NmPjefevdwAWflnuqTDrHeePUz7MpeDO3AMVXgiZg5phTCghliCEz5rR8OebgUsjDLDWIa-kNhlfpnFoC0wNZF9DXN6VVT0pIeEqRtbonTaTGQuBDcmk7V3bSVqiLBt',
I/ReactNativeJS( 9010):   os: 'android' }
I/ReactNativeJS( 9010): BACKGROUND SCAN
I/ReactNativeJS( 9010): Beacons monitoring started successfully
I/ReactNativeJS( 9010): 'TOKEN:', { token: 'd5_hxdRStso:APA91bEtIY_B3NmPjefevdwAWflnuqTDrHeePUz7MpeDO3AMVXgiZg5phTCghliCEz5rR8OebgUsjDLDWIa-kNhlfpnFoC0wNZF9DXN6VVT0pIeEqRtbonTaTGQuBDcmk7V3bSVqiLBt',
I/ReactNativeJS( 9010):   os: 'android' }
I/ReactNativeJS( 9010): 'TOKEN:', { token: 'd5_hxdRStso:APA91bEtIY_B3NmPjefevdwAWflnuqTDrHeePUz7MpeDO3AMVXgiZg5phTCghliCEz5rR8OebgUsjDLDWIa-kNhlfpnFoC0wNZF9DXN6VVT0pIeEqRtbonTaTGQuBDcmk7V3bSVqiLBt',
I/ReactNativeJS( 9010):   os: 'android' }
I/ReactNativeJS( 9010): 'TOKEN:', { token: 'd5_hxdRStso:APA91bEtIY_B3NmPjefevdwAWflnuqTDrHeePUz7MpeDO3AMVXgiZg5phTCghliCEz5rR8OebgUsjDLDWIa-kNhlfpnFoC0wNZF9DXN6VVT0pIeEqRtbonTaTGQuBDcmk7V3bSVqiLBt',
I/ReactNativeJS( 9010):   os: 'android' }
I/ReactNativeJS( 9010): BACKGROUND SCAN
I/ReactNativeJS( 9010): Beacons monitoring started successfully
I/wpa_supplicant(15735): wlan0: HEART-BEAT-ACK: 287
I/ReactNativeJS( 9010): 'TOKEN:', { token: 'd5_hxdRStso:APA91bEtIY_B3NmPjefevdwAWflnuqTDrHeePUz7MpeDO3AMVXgiZg5phTCghliCEz5rR8OebgUsjDLDWIa-kNhlfpnFoC0wNZF9DXN6VVT0pIeEqRtbonTaTGQuBDcmk7V3bSVqiLBt',
I/ReactNativeJS( 9010):   os: 'android' }
I/ReactNativeJS( 9010): 'TOKEN:', { token: 'd5_hxdRStso:APA91bEtIY_B3NmPjefevdwAWflnuqTDrHeePUz7MpeDO3AMVXgiZg5phTCghliCEz5rR8OebgUsjDLDWIa-kNhlfpnFoC0wNZF9DXN6VVT0pIeEqRtbonTaTGQuBDcmk7V3bSVqiLBt',
I/ReactNativeJS( 9010):   os: 'android' }
I/ReactNativeJS( 9010): BACKGROUND SCAN
I/ReactNativeJS( 9010): Beacons monitoring started successfully
I/ReactNativeJS( 9010): 'TOKEN:', { token: 'd5_hxdRStso:APA91bEtIY_B3NmPjefevdwAWflnuqTDrHeePUz7MpeDO3AMVXgiZg5phTCghliCEz5rR8OebgUsjDLDWIa-kNhlfpnFoC0wNZF9DXN6VVT0pIeEqRtbonTaTGQuBDcmk7V3bSVqiLBt',
I/ReactNativeJS( 9010):   os: 'android' }
I/ReactNativeJS( 9010): 'TOKEN:', { token: 'd5_hxdRStso:APA91bEtIY_B3NmPjefevdwAWflnuqTDrHeePUz7MpeDO3AMVXgiZg5phTCghliCEz5rR8OebgUsjDLDWIa-kNhlfpnFoC0wNZF9DXN6VVT0pIeEqRtbonTaTGQuBDcmk7V3bSVqiLBt',
I/ReactNativeJS( 9010):   os: 'android' }
I/ReactNativeJS( 9010): BACKGROUND SCAN
I/ReactNativeJS( 9010): Beacons monitoring started successfully
I/ReactNativeJS( 9010): 'TOKEN:', { token: 'd5_hxdRStso:APA91bEtIY_B3NmPjefevdwAWflnuqTDrHeePUz7MpeDO3AMVXgiZg5phTCghliCEz5rR8OebgUsjDLDWIa-kNhlfpnFoC0wNZF9DXN6VVT0pIeEqRtbonTaTGQuBDcmk7V3bSVqiLBt',
I/ReactNativeJS( 9010):   os: 'android' }
I/ReactNativeJS( 9010): 'TOKEN:', { token: 'd5_hxdRStso:APA91bEtIY_B3NmPjefevdwAWflnuqTDrHeePUz7MpeDO3AMVXgiZg5phTCghliCEz5rR8OebgUsjDLDWIa-kNhlfpnFoC0wNZF9DXN6VVT0pIeEqRtbonTaTGQuBDcmk7V3bSVqiLBt',
I/ReactNativeJS( 9010):   os: 'android' }
I/ReactNativeJS( 9010): BACKGROUND SCAN
I/ReactNativeJS( 9010): Beacons monitoring started successfully
I/ReactNativeJS( 9010): 'TOKEN:', { token: 'd5_hxdRStso:APA91bEtIY_B3NmPjefevdwAWflnuqTDrHeePUz7MpeDO3AMVXgiZg5phTCghliCEz5rR8OebgUsjDLDWIa-kNhlfpnFoC0wNZF9DXN6VVT0pIeEqRtbonTaTGQuBDcmk7V3bSVqiLBt',
I/ReactNativeJS( 9010):   os: 'android' }
I/ReactNativeJS( 9010): 'TOKEN:', { token: 'd5_hxdRStso:APA91bEtIY_B3NmPjefevdwAWflnuqTDrHeePUz7MpeDO3AMVXgiZg5phTCghliCEz5rR8OebgUsjDLDWIa-kNhlfpnFoC0wNZF9DXN6VVT0pIeEqRtbonTaTGQuBDcmk7V3bSVqiLBt',
I/ReactNativeJS( 9010):   os: 'android' }
I/ReactNativeJS( 9010): BACKGROUND SCAN
I/ReactNativeJS( 9010): Beacons monitoring started successfully
I/ReactNativeJS( 9010): 'TOKEN:', { token: 'd5_hxdRStso:APA91bEtIY_B3NmPjefevdwAWflnuqTDrHeePUz7MpeDO3AMVXgiZg5phTCghliCEz5rR8OebgUsjDLDWIa-kNhlfpnFoC0wNZF9DXN6VVT0pIeEqRtbonTaTGQuBDcmk7V3bSVqiLBt',
I/ReactNativeJS( 9010):   os: 'android' }
I/ReactNativeJS( 9010): 'TOKEN:', { token: 'd5_hxdRStso:APA91bEtIY_B3NmPjefevdwAWflnuqTDrHeePUz7MpeDO3AMVXgiZg5phTCghliCEz5rR8OebgUsjDLDWIa-kNhlfpnFoC0wNZF9DXN6VVT0pIeEqRtbonTaTGQuBDcmk7V3bSVqiLBt',
I/ReactNativeJS( 9010):   os: 'android' }
I/ReactNativeJS( 9010): BACKGROUND SCAN
I/ReactNativeJS( 9010): Beacons monitoring started successfully
I/RadioStateMachine(31040): Entering OffState
I/BluetoothServiceJni(31040): OoO sJniCallbacksObj has init before init? 0
I/bluedroid(31040): init
I/bte_main(31040): OoO log conf is : false
I/bte_conf(31040): Attempt to load stack conf from /etc/bluetooth/bt_stack.conf
I/BluetoothAdapterState(31040): Entering OffState
I/bluedroid(31040): get_profile_interface socket
I/GKI_LINUX(31040): gki_task_entry: gki_task_entry task_id=1 [BTIF] starting
I/BluetoothAdapterProperties(31040): adapterPropertyChangedCallback with type:2 len:6
I/BluetoothAdapterProperties(31040): adapterPropertyChangedCallback with type:1 len:7
I/bluedroid(31040): config_hci_snoop_log
I/ReactNativeJS( 9010): 'TOKEN:', { token: 'd5_hxdRStso:APA91bEtIY_B3NmPjefevdwAWflnuqTDrHeePUz7MpeDO3AMVXgiZg5phTCghliCEz5rR8OebgUsjDLDWIa-kNhlfpnFoC0wNZF9DXN6VVT0pIeEqRtbonTaTGQuBDcmk7V3bSVqiLBt',
I/ReactNativeJS( 9010):   os: 'android' }
I/ReactNativeJS( 9010): 'TOKEN:', { token: 'd5_hxdRStso:APA91bEtIY_B3NmPjefevdwAWflnuqTDrHeePUz7MpeDO3AMVXgiZg5phTCghliCEz5rR8OebgUsjDLDWIa-kNhlfpnFoC0wNZF9DXN6VVT0pIeEqRtbonTaTGQuBDcmk7V3bSVqiLBt',
I/ReactNativeJS( 9010):   os: 'android' }
I/BluetoothAdapterState(31040): Bluetooth adapter state changed: 10-> 11
W/BluetoothAdapterService(31040): Starting service com.android.bluetooth.hfp.HeadsetService
I/BluetoothBondStateMachine(31040): StableState(): Entering Off State
I/ReactNativeJS( 9010): BACKGROUND SCAN
I/ReactNativeJS( 9010): Beacons monitoring started successfully
W/BluetoothAdapterService(31040): Starting service com.android.bluetooth.a2dp.A2dpService
W/BluetoothAdapterService(31040): Starting service com.android.bluetooth.hid.HidService
W/BluetoothAdapterService(31040): Starting service com.android.bluetooth.hdp.HealthService
I/bluedroid(31040): get_profile_interface handsfree
W/BluetoothAdapterService(31040): Starting service com.android.bluetooth.pan.PanService
I/bluedroid(31040): get_profile_interface a2dp
I/GKI_LINUX(31040): gki_task_entry: gki_task_entry task_id=2 [A2DP-MEDIA] starting
I/bluedroid(31040): get_profile_interface avrcp
W/BluetoothAdapterService(31040): Starting service com.android.bluetooth.gatt.GattService
W/BluetoothAdapterService(31040): Starting service com.android.bluetooth.map.BluetoothMapService
I/bluedroid(31040): get_profile_interface hidhost
I/ReactNativeJS( 9010): BACKGROUND SCAN
I/BluetoothAdapterState(31040): Entering PendingCommandState State: isTurningOn()=true, isTurningOff()=false
I/ReactNativeJS( 9010): Beacons monitoring started successfully
I/bluedroid(31040): get_profile_interface health
I/bluedroid(31040): get_profile_interface pan
I/bluedroid(31040): get_profile_interface gatt
I/bluedroid(31040): enable
I/bt_hci_bdroid(31040): init
I/bt_vendor(31040): init
I/bt_vnd_conf(31040): Attempt to load conf from /etc/bluetooth/bt_vendor.conf
I/bt_hci_bdroid(31040): bt_hc_worker_thread started
I/ReactNativeJS( 9010): 'TOKEN:', { token: 'd5_hxdRStso:APA91bEtIY_B3NmPjefevdwAWflnuqTDrHeePUz7MpeDO3AMVXgiZg5phTCghliCEz5rR8OebgUsjDLDWIa-kNhlfpnFoC0wNZF9DXN6VVT0pIeEqRtbonTaTGQuBDcmk7V3bSVqiLBt',
I/ReactNativeJS( 9010):   os: 'android' }
I/ReactNativeJS( 9010): 'TOKEN:', { token: 'd5_hxdRStso:APA91bEtIY_B3NmPjefevdwAWflnuqTDrHeePUz7MpeDO3AMVXgiZg5phTCghliCEz5rR8OebgUsjDLDWIa-kNhlfpnFoC0wNZF9DXN6VVT0pIeEqRtbonTaTGQuBDcmk7V3bSVqiLBt',
I/ReactNativeJS( 9010):   os: 'android' }
I/GKI_LINUX(31040): gki_task_entry: gki_task_entry task_id=0 [BTU] starting
I/bt-btu  (31040): btu_task pending for preload complete event
I/GKI_LINUX(31040): gki_task_entry: gki_task_entry task_id=3 [APPL] starting
E/bt-btif (31040): fm_app_task starts up
I/BTAPP_FM(31040): btapp_fm_init: ServerInit (res = 6)
I/BTL-IFS (31040): BTL_IF_RegisterSubSystem: Registered subsystem [FM]
I/BTAPP_FM(31040): btapp_fm_init: RegisterSubSystem (res = 0)
I/bt_userial_vendor(31040): userial vendor open: opening /dev/ttyAMA4
I/ReactNativeJS( 9010): 'TOKEN:', { token: 'd5_hxdRStso:APA91bEtIY_B3NmPjefevdwAWflnuqTDrHeePUz7MpeDO3AMVXgiZg5phTCghliCEz5rR8OebgUsjDLDWIa-kNhlfpnFoC0wNZF9DXN6VVT0pIeEqRtbonTaTGQuBDcmk7V3bSVqiLBt',
I/ReactNativeJS( 9010):   os: 'android' }
I/bt_userial_vendor(31040): device fd = 84 open
I/ReactNativeJS( 9010): BACKGROUND SCAN
I/ReactNativeJS( 9010): Beacons monitoring started successfully
I/bt_hwcfg(31040): bt vendor lib: set UART baud 3000000
W/Settings( 3082): Setting airplane_mode_on has moved from android.provider.Settings.System to android.provider.Settings.Global, returning read-only value.
I/ReactNativeJS( 9010): 'TOKEN:', { token: 'd5_hxdRStso:APA91bEtIY_B3NmPjefevdwAWflnuqTDrHeePUz7MpeDO3AMVXgiZg5phTCghliCEz5rR8OebgUsjDLDWIa-kNhlfpnFoC0wNZF9DXN6VVT0pIeEqRtbonTaTGQuBDcmk7V3bSVqiLBt',
I/ReactNativeJS( 9010):   os: 'android' }
I/bt_hwcfg(31040): Found patchfile: /vendor/firmware//BCM4334B0_002.001.013.1164.1457_RC.hcd
I/ReactNativeJS( 9010): 'TOKEN:', { token: 'd5_hxdRStso:APA91bEtIY_B3NmPjefevdwAWflnuqTDrHeePUz7MpeDO3AMVXgiZg5phTCghliCEz5rR8OebgUsjDLDWIa-kNhlfpnFoC0wNZF9DXN6VVT0pIeEqRtbonTaTGQuBDcmk7V3bSVqiLBt',
I/ReactNativeJS( 9010):   os: 'android' }
I/ReactNativeJS( 9010): 'TOKEN:', { token: 'd5_hxdRStso:APA91bEtIY_B3NmPjefevdwAWflnuqTDrHeePUz7MpeDO3AMVXgiZg5phTCghliCEz5rR8OebgUsjDLDWIa-kNhlfpnFoC0wNZF9DXN6VVT0pIeEqRtbonTaTGQuBDcmk7V3bSVqiLBt',
I/ReactNativeJS( 9010):   os: 'android' }
I/ReactNativeJS( 9010): BACKGROUND SCAN
I/ReactNativeJS( 9010): Beacons monitoring started successfully
I/HwLauncher( 3303): ClockDynamicUpdater date changed!!!!!!
W/NearbyMessages(31908): NetworkPollManager:  RPC was requested, but deemed unnecessary.
I/HwLauncher( 3303): DynamicIconData , getDrawableForDynamic begin, pkg = com.android.deskclock, picName = deskclock_bg
I/HwLauncher( 3303): DynamicIconData , getDrawableForDynamic end, pkg = com.android.deskclock, picName = deskclock_bg
I/HwLauncher( 3303): ClockDynamicUpdater calender update folder at CalenderDynamicUpdater
I/HwLauncher( 3303): DynamicUpdater call updateFolder
I/HwLauncher( 3303): ClockDynamicUpdater Calender update and call updateFolder
I/ReactNativeJS( 9010): 'TOKEN:', { token: 'd5_hxdRStso:APA91bEtIY_B3NmPjefevdwAWflnuqTDrHeePUz7MpeDO3AMVXgiZg5phTCghliCEz5rR8OebgUsjDLDWIa-kNhlfpnFoC0wNZF9DXN6VVT0pIeEqRtbonTaTGQuBDcmk7V3bSVqiLBt',
I/ReactNativeJS( 9010):   os: 'android' }
I/HwLauncher( 3303): CalenderDynamicUpdater date changed!!!!!!
I/HwLauncher( 3303): CalenderDynamicUpdater Calender update and call updateFolder
I/ReactNativeJS( 9010): BACKGROUND SCAN
I/ReactNativeJS( 9010): Beacons monitoring started successfully
I/ReactNativeJS( 9010): 'TOKEN:', { token: 'd5_hxdRStso:APA91bEtIY_B3NmPjefevdwAWflnuqTDrHeePUz7MpeDO3AMVXgiZg5phTCghliCEz5rR8OebgUsjDLDWIa-kNhlfpnFoC0wNZF9DXN6VVT0pIeEqRtbonTaTGQuBDcmk7V3bSVqiLBt',
I/ReactNativeJS( 9010):   os: 'android' }
I/ReactNativeJS( 9010): 'TOKEN:', { token: 'd5_hxdRStso:APA91bEtIY_B3NmPjefevdwAWflnuqTDrHeePUz7MpeDO3AMVXgiZg5phTCghliCEz5rR8OebgUsjDLDWIa-kNhlfpnFoC0wNZF9DXN6VVT0pIeEqRtbonTaTGQuBDcmk7V3bSVqiLBt',
I/ReactNativeJS( 9010):   os: 'android' }
I/ReactNativeJS( 9010): BACKGROUND SCAN
I/ReactNativeJS( 9010): Beacons monitoring started successfully
I/ReactNativeJS( 9010): 'TOKEN:', { token: 'd5_hxdRStso:APA91bEtIY_B3NmPjefevdwAWflnuqTDrHeePUz7MpeDO3AMVXgiZg5phTCghliCEz5rR8OebgUsjDLDWIa-kNhlfpnFoC0wNZF9DXN6VVT0pIeEqRtbonTaTGQuBDcmk7V3bSVqiLBt',
I/ReactNativeJS( 9010):   os: 'android' }
I/ReactNativeJS( 9010): 'TOKEN:', { token: 'd5_hxdRStso:APA91bEtIY_B3NmPjefevdwAWflnuqTDrHeePUz7MpeDO3AMVXgiZg5phTCghliCEz5rR8OebgUsjDLDWIa-kNhlfpnFoC0wNZF9DXN6VVT0pIeEqRtbonTaTGQuBDcmk7V3bSVqiLBt',
I/ReactNativeJS( 9010):   os: 'android' }
I/ReactNativeJS( 9010): BACKGROUND SCAN
I/ReactNativeJS( 9010): Beacons monitoring started successfully
I/ReactNativeJS( 9010): 'TOKEN:', { token: 'd5_hxdRStso:APA91bEtIY_B3NmPjefevdwAWflnuqTDrHeePUz7MpeDO3AMVXgiZg5phTCghliCEz5rR8OebgUsjDLDWIa-kNhlfpnFoC0wNZF9DXN6VVT0pIeEqRtbonTaTGQuBDcmk7V3bSVqiLBt',
I/ReactNativeJS( 9010):   os: 'android' }
I/ReactNativeJS( 9010): 'TOKEN:', { token: 'd5_hxdRStso:APA91bEtIY_B3NmPjefevdwAWflnuqTDrHeePUz7MpeDO3AMVXgiZg5phTCghliCEz5rR8OebgUsjDLDWIa-kNhlfpnFoC0wNZF9DXN6VVT0pIeEqRtbonTaTGQuBDcmk7V3bSVqiLBt',
I/ReactNativeJS( 9010):   os: 'android' }
I/ReactNativeJS( 9010): 'TOKEN:', { token: 'd5_hxdRStso:APA91bEtIY_B3NmPjefevdwAWflnuqTDrHeePUz7MpeDO3AMVXgiZg5phTCghliCEz5rR8OebgUsjDLDWIa-kNhlfpnFoC0wNZF9DXN6VVT0pIeEqRtbonTaTGQuBDcmk7V3bSVqiLBt',
I/ReactNativeJS( 9010):   os: 'android' }
I/ReactNativeJS( 9010): BACKGROUND SCAN
I/ReactNativeJS( 9010): Beacons monitoring started successfully
I/ReactNativeJS( 9010): 'TOKEN:', { token: 'd5_hxdRStso:APA91bEtIY_B3NmPjefevdwAWflnuqTDrHeePUz7MpeDO3AMVXgiZg5phTCghliCEz5rR8OebgUsjDLDWIa-kNhlfpnFoC0wNZF9DXN6VVT0pIeEqRtbonTaTGQuBDcmk7V3bSVqiLBt',
I/ReactNativeJS( 9010):   os: 'android' }
I/ReactNativeJS( 9010): 'TOKEN:', { token: 'd5_hxdRStso:APA91bEtIY_B3NmPjefevdwAWflnuqTDrHeePUz7MpeDO3AMVXgiZg5phTCghliCEz5rR8OebgUsjDLDWIa-kNhlfpnFoC0wNZF9DXN6VVT0pIeEqRtbonTaTGQuBDcmk7V3bSVqiLBt',
I/ReactNativeJS( 9010):   os: 'android' }
I/ReactNativeJS( 9010): BACKGROUND SCAN
I/ReactNativeJS( 9010): Beacons monitoring started successfully
I/ReactNativeJS( 9010): 'TOKEN:', { token: 'd5_hxdRStso:APA91bEtIY_B3NmPjefevdwAWflnuqTDrHeePUz7MpeDO3AMVXgiZg5phTCghliCEz5rR8OebgUsjDLDWIa-kNhlfpnFoC0wNZF9DXN6VVT0pIeEqRtbonTaTGQuBDcmk7V3bSVqiLBt',
I/ReactNativeJS( 9010):   os: 'android' }
I/ReactNativeJS( 9010): 'TOKEN:', { token: 'd5_hxdRStso:APA91bEtIY_B3NmPjefevdwAWflnuqTDrHeePUz7MpeDO3AMVXgiZg5phTCghliCEz5rR8OebgUsjDLDWIa-kNhlfpnFoC0wNZF9DXN6VVT0pIeEqRtbonTaTGQuBDcmk7V3bSVqiLBt',
I/ReactNativeJS( 9010):   os: 'android' }
I/ReactNativeJS( 9010): BACKGROUND SCAN
I/ReactNativeJS( 9010): Beacons monitoring started successfully
I/ReactNativeJS( 9010): 'TOKEN:', { token: 'd5_hxdRStso:APA91bEtIY_B3NmPjefevdwAWflnuqTDrHeePUz7MpeDO3AMVXgiZg5phTCghliCEz5rR8OebgUsjDLDWIa-kNhlfpnFoC0wNZF9DXN6VVT0pIeEqRtbonTaTGQuBDcmk7V3bSVqiLBt',
I/ReactNativeJS( 9010):   os: 'android' }
I/ReactNativeJS( 9010): 'TOKEN:', { token: 'd5_hxdRStso:APA91bEtIY_B3NmPjefevdwAWflnuqTDrHeePUz7MpeDO3AMVXgiZg5phTCghliCEz5rR8OebgUsjDLDWIa-kNhlfpnFoC0wNZF9DXN6VVT0pIeEqRtbonTaTGQuBDcmk7V3bSVqiLBt',
I/ReactNativeJS( 9010):   os: 'android' }
I/ReactNativeJS( 9010): BACKGROUND SCAN
I/ReactNativeJS( 9010): Beacons monitoring started successfully
I/bt_hwcfg(31040): bt vendor lib: set UART baud 115200
I/ReactNativeJS( 9010): 'TOKEN:', { token: 'd5_hxdRStso:APA91bEtIY_B3NmPjefevdwAWflnuqTDrHeePUz7MpeDO3AMVXgiZg5phTCghliCEz5rR8OebgUsjDLDWIa-kNhlfpnFoC0wNZF9DXN6VVT0pIeEqRtbonTaTGQuBDcmk7V3bSVqiLBt',
I/ReactNativeJS( 9010):   os: 'android' }
I/ReactNativeJS( 9010): 'TOKEN:', { token: 'd5_hxdRStso:APA91bEtIY_B3NmPjefevdwAWflnuqTDrHeePUz7MpeDO3AMVXgiZg5phTCghliCEz5rR8OebgUsjDLDWIa-kNhlfpnFoC0wNZF9DXN6VVT0pIeEqRtbonTaTGQuBDcmk7V3bSVqiLBt',
I/ReactNativeJS( 9010):   os: 'android' }
I/ReactNativeJS( 9010): BACKGROUND SCAN
I/ReactNativeJS( 9010): Beacons monitoring started successfully
I/ReactNativeJS( 9010): 'TOKEN:', { token: 'd5_hxdRStso:APA91bEtIY_B3NmPjefevdwAWflnuqTDrHeePUz7MpeDO3AMVXgiZg5phTCghliCEz5rR8OebgUsjDLDWIa-kNhlfpnFoC0wNZF9DXN6VVT0pIeEqRtbonTaTGQuBDcmk7V3bSVqiLBt',
I/ReactNativeJS( 9010):   os: 'android' }
I/ReactNativeJS( 9010): 'TOKEN:', { token: 'd5_hxdRStso:APA91bEtIY_B3NmPjefevdwAWflnuqTDrHeePUz7MpeDO3AMVXgiZg5phTCghliCEz5rR8OebgUsjDLDWIa-kNhlfpnFoC0wNZF9DXN6VVT0pIeEqRtbonTaTGQuBDcmk7V3bSVqiLBt',
I/ReactNativeJS( 9010):   os: 'android' }
I/ReactNativeJS( 9010): BACKGROUND SCAN
I/ReactNativeJS( 9010): Beacons monitoring started successfully
I/ReactNativeJS( 9010): 'TOKEN:', { token: 'd5_hxdRStso:APA91bEtIY_B3NmPjefevdwAWflnuqTDrHeePUz7MpeDO3AMVXgiZg5phTCghliCEz5rR8OebgUsjDLDWIa-kNhlfpnFoC0wNZF9DXN6VVT0pIeEqRtbonTaTGQuBDcmk7V3bSVqiLBt',
I/ReactNativeJS( 9010):   os: 'android' }
I/ReactNativeJS( 9010): 'TOKEN:', { token: 'd5_hxdRStso:APA91bEtIY_B3NmPjefevdwAWflnuqTDrHeePUz7MpeDO3AMVXgiZg5phTCghliCEz5rR8OebgUsjDLDWIa-kNhlfpnFoC0wNZF9DXN6VVT0pIeEqRtbonTaTGQuBDcmk7V3bSVqiLBt',
I/ReactNativeJS( 9010):   os: 'android' }
I/bt_hwcfg(31040): bt vendor lib: set UART baud 3000000
I/bt_hwcfg(31040): Setting local bd addr to 8C:34:FD:83:24:9D
I/ReactNativeJS( 9010): BACKGROUND SCAN
I/ReactNativeJS( 9010): Beacons monitoring started successfully
I/bt_hwcfg(31040): vendor lib fwcfg completed
I/bt-btu  (31040): btu_task received preload complete event
I/        (31040): BTE_InitTraceLevels -- TRC_HCI
I/        (31040): BTE_InitTraceLevels -- TRC_L2CAP
I/        (31040): BTE_InitTraceLevels -- TRC_RFCOMM
I/        (31040): BTE_InitTraceLevels -- TRC_AVDT
I/        (31040): BTE_InitTraceLevels -- TRC_AVRC
I/        (31040): BTE_InitTraceLevels -- TRC_A2D
I/        (31040): BTE_InitTraceLevels -- TRC_BNEP
I/        (31040): BTE_InitTraceLevels -- TRC_BTM
I/        (31040): BTE_InitTraceLevels -- TRC_GAP
I/        (31040): BTE_InitTraceLevels -- TRC_PAN
I/        (31040): BTE_InitTraceLevels -- TRC_SDP
I/        (31040): BTE_InitTraceLevels -- TRC_GATT
I/        (31040): BTE_InitTraceLevels -- TRC_SMP
I/        (31040): BTE_InitTraceLevels -- TRC_BTAPP
I/        (31040): BTE_InitTraceLevels -- TRC_BTIF
I/ReactNativeJS( 9010): 'TOKEN:', { token: 'd5_hxdRStso:APA91bEtIY_B3NmPjefevdwAWflnuqTDrHeePUz7MpeDO3AMVXgiZg5phTCghliCEz5rR8OebgUsjDLDWIa-kNhlfpnFoC0wNZF9DXN6VVT0pIeEqRtbonTaTGQuBDcmk7V3bSVqiLBt',
I/ReactNativeJS( 9010):   os: 'android' }
I/ReactNativeJS( 9010): 'TOKEN:', { token: 'd5_hxdRStso:APA91bEtIY_B3NmPjefevdwAWflnuqTDrHeePUz7MpeDO3AMVXgiZg5phTCghliCEz5rR8OebgUsjDLDWIa-kNhlfpnFoC0wNZF9DXN6VVT0pIeEqRtbonTaTGQuBDcmk7V3bSVqiLBt',
I/ReactNativeJS( 9010):   os: 'android' }
I/ReactNativeJS( 9010): BACKGROUND SCAN
I/ReactNativeJS( 9010): Beacons monitoring started successfully
I/ReactNativeJS( 9010): 'TOKEN:', { token: 'd5_hxdRStso:APA91bEtIY_B3NmPjefevdwAWflnuqTDrHeePUz7MpeDO3AMVXgiZg5phTCghliCEz5rR8OebgUsjDLDWIa-kNhlfpnFoC0wNZF9DXN6VVT0pIeEqRtbonTaTGQuBDcmk7V3bSVqiLBt',
I/ReactNativeJS( 9010):   os: 'android' }
I/ReactNativeJS( 9010): 'TOKEN:', { token: 'd5_hxdRStso:APA91bEtIY_B3NmPjefevdwAWflnuqTDrHeePUz7MpeDO3AMVXgiZg5phTCghliCEz5rR8OebgUsjDLDWIa-kNhlfpnFoC0wNZF9DXN6VVT0pIeEqRtbonTaTGQuBDcmk7V3bSVqiLBt',
I/ReactNativeJS( 9010):   os: 'android' }
I/ReactNativeJS( 9010): BACKGROUND SCAN
I/ReactNativeJS( 9010): Beacons monitoring started successfully
W/bt-btif (31040):  bta_dm_sys_hw_cback with event: 1
E/bt-btm  (31040): BTM_SecRegister:p_cb_info->p_le_callback == 0x76404389 
E/bt-btm  (31040): BTM_SecRegister: btm_cb.api.p_le_callback = 0x76404389 
I/ReactNativeJS( 9010): 'TOKEN:', { token: 'd5_hxdRStso:APA91bEtIY_B3NmPjefevdwAWflnuqTDrHeePUz7MpeDO3AMVXgiZg5phTCghliCEz5rR8OebgUsjDLDWIa-kNhlfpnFoC0wNZF9DXN6VVT0pIeEqRtbonTaTGQuBDcmk7V3bSVqiLBt',
I/ReactNativeJS( 9010):   os: 'android' }
E/bt-btif (31040): Calling BTA_HhEnable
E/bt-btif (31040): btif_storage_get_adapter_property service_mask:0x140040
I/BluetoothAdapterProperties(31040): adapterPropertyChangedCallback with type:2 len:6
I/ReactNativeJS( 9010): 'TOKEN:', { token: 'd5_hxdRStso:APA91bEtIY_B3NmPjefevdwAWflnuqTDrHeePUz7MpeDO3AMVXgiZg5phTCghliCEz5rR8OebgUsjDLDWIa-kNhlfpnFoC0wNZF9DXN6VVT0pIeEqRtbonTaTGQuBDcmk7V3bSVqiLBt',
I/ReactNativeJS( 9010):   os: 'android' }
I/BluetoothAdapterProperties(31040): adapterPropertyChangedCallback with type:1 len:7
I/BluetoothAdapterProperties(31040): adapterPropertyChangedCallback with type:7 len:4
I/BluetoothAdapterProperties(31040): adapterPropertyChangedCallback with type:9 len:4
I/BluetoothAdapterProperties(31040): adapterPropertyChangedCallback with type:8 len:18
I/BluetoothAdapterProperties(31040): adapterPropertyChangedCallback with type:3 len:48
I/ReactNativeJS( 9010): BACKGROUND SCAN
I/ReactNativeJS( 9010): Beacons monitoring started successfully
W/bt-btif (31040): bte_main_enable_lpm
I/bt_hwcfg(31040): SCO PCM configure {0, 1, 0, 0, 0}
I/bte_conf(31040): Attempt to load did conf from /etc/bluetooth/bt_did.conf
W/bt-btm  (31040): BTM_SetDiscoverability
W/bt-btm  (31040): BTM_SetConnectability
W/bt-btm  (31040): BTM_SetDiscoverability
W/bt-btm  (31040): BTM_SetConnectability
I/bte_conf(31040): [1] primary_record=1 vendor_id=0x000F vendor_id_source=0x0001 product_id=0x1200 version=0x1436
I/bte_conf(31040): Attempt to load did conf from /etc/bluetooth/bt_did.conf
I/bte_conf(31040): Attempt to load did conf from /etc/bluetooth/bt_did.conf
W/bt-btm  (31040): BTM_SetDiscoverability
W/bt-btm  (31040): BTM_SetConnectability
I/BluetoothAdapterState(31040): Bluetooth adapter state changed: 11-> 12
I/BluetoothAdapterState(31040): Entering On State
I/BluetoothAdapterProperties(31040): adapterPropertyChangedCallback with type:7 len:4
I/BluetoothAdapterProperties(31040): adapterPropertyChangedCallback with type:9 len:4
E/bt_h4   (31040): vendor lib postload completed
I/ReactNativeJS( 9010): 'TOKEN:', { token: 'd5_hxdRStso:APA91bEtIY_B3NmPjefevdwAWflnuqTDrHeePUz7MpeDO3AMVXgiZg5phTCghliCEz5rR8OebgUsjDLDWIa-kNhlfpnFoC0wNZF9DXN6VVT0pIeEqRtbonTaTGQuBDcmk7V3bSVqiLBt',
I/ReactNativeJS( 9010):   os: 'android' }
I/ReactNativeJS( 9010): 'TOKEN:', { token: 'd5_hxdRStso:APA91bEtIY_B3NmPjefevdwAWflnuqTDrHeePUz7MpeDO3AMVXgiZg5phTCghliCEz5rR8OebgUsjDLDWIa-kNhlfpnFoC0wNZF9DXN6VVT0pIeEqRtbonTaTGQuBDcmk7V3bSVqiLBt',
I/ReactNativeJS( 9010):   os: 'android' }
I/BluetoothHeadsetServiceJni(31040): connectHfpNative: sBluetoothHfpInterface: 0x764b9178
I/ReactNativeJS( 9010): BACKGROUND SCAN
I/ReactNativeJS( 9010): Beacons monitoring started successfully
I/BluetoothA2dpServiceJni(31040): connectA2dpNative: sBluetoothA2dpInterface: 0x764b91bc
E/BluetoothAdapter( 9010): LE Scan has already started
W/BluetoothMap(27280): Proxy not attached to service
W/BluetoothMap(27280): Proxy not attached to service
W/BluetoothAdapter(31040): getBluetoothService() called with no BluetoothManagerCallback
E/BluetoothServiceJni(31040): SOCK FLAG = 1 ***********************
I/HwLauncher( 3303): Launcher onPause()
W/HwLauncher( 3303): Launcher.MotionManager failed to stop TYPE_SHAKE_CHANGE_WALLPAPER
W/HwLauncher( 3303): Launcher.MotionManager failed to stop TYPE_SHAKE_START_PRIVACY
I/K3V3CpuGovernorPolicy( 3244): set scene Hmp policy : 300 , 150
I/ReactNativeJS( 9010): BACKGROUND SCAN
I/ReactNativeJS( 9010): Beacons monitoring started successfully
W/BluetoothMap(27280): Proxy not attached to service
W/BluetoothMap(27280): Proxy not attached to service
I/ReactNativeJS( 9010): 'TOKEN:', { token: 'd5_hxdRStso:APA91bEtIY_B3NmPjefevdwAWflnuqTDrHeePUz7MpeDO3AMVXgiZg5phTCghliCEz5rR8OebgUsjDLDWIa-kNhlfpnFoC0wNZF9DXN6VVT0pIeEqRtbonTaTGQuBDcmk7V3bSVqiLBt',
I/ReactNativeJS( 9010):   os: 'android' }
I/ReactNativeJS( 9010): 'TOKEN:', { token: 'd5_hxdRStso:APA91bEtIY_B3NmPjefevdwAWflnuqTDrHeePUz7MpeDO3AMVXgiZg5phTCghliCEz5rR8OebgUsjDLDWIa-kNhlfpnFoC0wNZF9DXN6VVT0pIeEqRtbonTaTGQuBDcmk7V3bSVqiLBt',
I/ReactNativeJS( 9010):   os: 'android' }
W/Settings( 3082): Setting airplane_mode_on has moved from android.provider.Settings.System to android.provider.Settings.Global, returning read-only value.
I/ReactNativeJS( 9010): 'TOKEN:', { token: 'd5_hxdRStso:APA91bEtIY_B3NmPjefevdwAWflnuqTDrHeePUz7MpeDO3AMVXgiZg5phTCghliCEz5rR8OebgUsjDLDWIa-kNhlfpnFoC0wNZF9DXN6VVT0pIeEqRtbonTaTGQuBDcmk7V3bSVqiLBt',
I/ReactNativeJS( 9010):   os: 'android' }
I/ReactNativeJS( 9010): 'TOKEN:', { token: 'd5_hxdRStso:APA91bEtIY_B3NmPjefevdwAWflnuqTDrHeePUz7MpeDO3AMVXgiZg5phTCghliCEz5rR8OebgUsjDLDWIa-kNhlfpnFoC0wNZF9DXN6VVT0pIeEqRtbonTaTGQuBDcmk7V3bSVqiLBt',
I/ReactNativeJS( 9010):   os: 'android' }
I/ReactNativeJS( 9010): BACKGROUND SCAN
I/ReactNativeJS( 9010): Beacons monitoring started successfully
W/BluetoothMap(27280): Proxy not attached to service
W/BluetoothMap(27280): Proxy not attached to service
I/ReactNativeJS( 9010): 'TOKEN:', { token: 'd5_hxdRStso:APA91bEtIY_B3NmPjefevdwAWflnuqTDrHeePUz7MpeDO3AMVXgiZg5phTCghliCEz5rR8OebgUsjDLDWIa-kNhlfpnFoC0wNZF9DXN6VVT0pIeEqRtbonTaTGQuBDcmk7V3bSVqiLBt',
I/ReactNativeJS( 9010):   os: 'android' }
I/ReactNativeJS( 9010): 'TOKEN:', { token: 'd5_hxdRStso:APA91bEtIY_B3NmPjefevdwAWflnuqTDrHeePUz7MpeDO3AMVXgiZg5phTCghliCEz5rR8OebgUsjDLDWIa-kNhlfpnFoC0wNZF9DXN6VVT0pIeEqRtbonTaTGQuBDcmk7V3bSVqiLBt',
I/ReactNativeJS( 9010):   os: 'android' }
I/ReactNativeJS( 9010): BACKGROUND SCAN
I/ReactNativeJS( 9010): Beacons monitoring started successfully
I/ReactNativeJS( 9010): 'TOKEN:', { token: 'd5_hxdRStso:APA91bEtIY_B3NmPjefevdwAWflnuqTDrHeePUz7MpeDO3AMVXgiZg5phTCghliCEz5rR8OebgUsjDLDWIa-kNhlfpnFoC0wNZF9DXN6VVT0pIeEqRtbonTaTGQuBDcmk7V3bSVqiLBt',
I/ReactNativeJS( 9010):   os: 'android' }
I/ReactNativeJS( 9010): 'TOKEN:', { token: 'd5_hxdRStso:APA91bEtIY_B3NmPjefevdwAWflnuqTDrHeePUz7MpeDO3AMVXgiZg5phTCghliCEz5rR8OebgUsjDLDWIa-kNhlfpnFoC0wNZF9DXN6VVT0pIeEqRtbonTaTGQuBDcmk7V3bSVqiLBt',
I/ReactNativeJS( 9010):   os: 'android' }
W/bt-btm  (31040): BTM_SetDiscoverability
I/BluetoothAdapterProperties(31040): adapterPropertyChangedCallback with type:9 len:4
W/bt-btm  (31040): BTM_SetConnectability
I/BluetoothAdapterProperties(31040): adapterPropertyChangedCallback with type:7 len:4
E/BluetoothPlatformImp(27280): NameNotFoundException e: android.content.pm.PackageManager$NameNotFoundException: Application package com.android.nfc not found
I/ReactNativeJS( 9010): BACKGROUND SCAN
I/ReactNativeJS( 9010): Beacons monitoring started successfully
W/BluetoothAdapter(31040): getBluetoothService() called with no BluetoothManagerCallback
I/ReactNativeJS( 9010): 'TOKEN:', { token: 'd5_hxdRStso:APA91bEtIY_B3NmPjefevdwAWflnuqTDrHeePUz7MpeDO3AMVXgiZg5phTCghliCEz5rR8OebgUsjDLDWIa-kNhlfpnFoC0wNZF9DXN6VVT0pIeEqRtbonTaTGQuBDcmk7V3bSVqiLBt',
I/ReactNativeJS( 9010):   os: 'android' }
E/BluetoothServiceJni(31040): SOCK FLAG = 1 ***********************
I/ReactNativeJS( 9010): 'TOKEN:', { token: 'd5_hxdRStso:APA91bEtIY_B3NmPjefevdwAWflnuqTDrHeePUz7MpeDO3AMVXgiZg5phTCghliCEz5rR8OebgUsjDLDWIa-kNhlfpnFoC0wNZF9DXN6VVT0pIeEqRtbonTaTGQuBDcmk7V3bSVqiLBt',
I/ReactNativeJS( 9010):   os: 'android' }
I/ReactNativeJS( 9010): BACKGROUND SCAN
I/ReactNativeJS( 9010): Beacons monitoring started successfully
I/ReactNativeJS( 9010): 'TOKEN:', { token: 'd5_hxdRStso:APA91bEtIY_B3NmPjefevdwAWflnuqTDrHeePUz7MpeDO3AMVXgiZg5phTCghliCEz5rR8OebgUsjDLDWIa-kNhlfpnFoC0wNZF9DXN6VVT0pIeEqRtbonTaTGQuBDcmk7V3bSVqiLBt',
I/ReactNativeJS( 9010):   os: 'android' }
I/ReactNativeJS( 9010): 'TOKEN:', { token: 'd5_hxdRStso:APA91bEtIY_B3NmPjefevdwAWflnuqTDrHeePUz7MpeDO3AMVXgiZg5phTCghliCEz5rR8OebgUsjDLDWIa-kNhlfpnFoC0wNZF9DXN6VVT0pIeEqRtbonTaTGQuBDcmk7V3bSVqiLBt',
I/ReactNativeJS( 9010):   os: 'android' }
E/BluetoothPlatformImp(27280): in setBeamPushUrisCallback, nfcAdapter is null!
I/ReactNativeJS( 9010): BACKGROUND SCAN
I/ReactNativeJS( 9010): Beacons monitoring started successfully
E/textview(27280): initAddtionalStyle default
I/ReactNativeJS( 9010): 'TOKEN:', { token: 'd5_hxdRStso:APA91bEtIY_B3NmPjefevdwAWflnuqTDrHeePUz7MpeDO3AMVXgiZg5phTCghliCEz5rR8OebgUsjDLDWIa-kNhlfpnFoC0wNZF9DXN6VVT0pIeEqRtbonTaTGQuBDcmk7V3bSVqiLBt',
I/ReactNativeJS( 9010):   os: 'android' }
I/ReactNativeJS( 9010): 'TOKEN:', { token: 'd5_hxdRStso:APA91bEtIY_B3NmPjefevdwAWflnuqTDrHeePUz7MpeDO3AMVXgiZg5phTCghliCEz5rR8OebgUsjDLDWIa-kNhlfpnFoC0wNZF9DXN6VVT0pIeEqRtbonTaTGQuBDcmk7V3bSVqiLBt',
I/ReactNativeJS( 9010):   os: 'android' }
I/ReactNativeJS( 9010): BACKGROUND SCAN
I/ReactNativeJS( 9010): Beacons monitoring started successfully
I/ReactNativeJS( 9010): 'TOKEN:', { token: 'd5_hxdRStso:APA91bEtIY_B3NmPjefevdwAWflnuqTDrHeePUz7MpeDO3AMVXgiZg5phTCghliCEz5rR8OebgUsjDLDWIa-kNhlfpnFoC0wNZF9DXN6VVT0pIeEqRtbonTaTGQuBDcmk7V3bSVqiLBt',
I/ReactNativeJS( 9010):   os: 'android' }
I/ReactNativeJS( 9010): 'TOKEN:', { token: 'd5_hxdRStso:APA91bEtIY_B3NmPjefevdwAWflnuqTDrHeePUz7MpeDO3AMVXgiZg5phTCghliCEz5rR8OebgUsjDLDWIa-kNhlfpnFoC0wNZF9DXN6VVT0pIeEqRtbonTaTGQuBDcmk7V3bSVqiLBt',
I/ReactNativeJS( 9010):   os: 'android' }
I/ReactNativeJS( 9010): BACKGROUND SCAN
I/ReactNativeJS( 9010): Beacons monitoring started successfully
I/BiometricManager(27280): UE supported types is null
I/ReactNativeJS( 9010): 'TOKEN:', { token: 'd5_hxdRStso:APA91bEtIY_B3NmPjefevdwAWflnuqTDrHeePUz7MpeDO3AMVXgiZg5phTCghliCEz5rR8OebgUsjDLDWIa-kNhlfpnFoC0wNZF9DXN6VVT0pIeEqRtbonTaTGQuBDcmk7V3bSVqiLBt',
I/ReactNativeJS( 9010):   os: 'android' }
I/ReactNativeJS( 9010): 'TOKEN:', { token: 'd5_hxdRStso:APA91bEtIY_B3NmPjefevdwAWflnuqTDrHeePUz7MpeDO3AMVXgiZg5phTCghliCEz5rR8OebgUsjDLDWIa-kNhlfpnFoC0wNZF9DXN6VVT0pIeEqRtbonTaTGQuBDcmk7V3bSVqiLBt',
I/ReactNativeJS( 9010):   os: 'android' }
I/ReactNativeJS( 9010): BACKGROUND SCAN
I/ReactNativeJS( 9010): Beacons monitoring started successfully
I/BeaconBle(31908): Client requested scan, settings=BleSettings [scanMode=LOW_LATENCY, callbackType=ALL_MATCHES, reportDelayMillis=0, 3 filters, 0 clients, callingClientName=Nearby], listener=geo@43294c08
E/textview(27280): initAddtionalStyle default
I/ReactNativeJS( 9010): 'TOKEN:', { token: 'd5_hxdRStso:APA91bEtIY_B3NmPjefevdwAWflnuqTDrHeePUz7MpeDO3AMVXgiZg5phTCghliCEz5rR8OebgUsjDLDWIa-kNhlfpnFoC0wNZF9DXN6VVT0pIeEqRtbonTaTGQuBDcmk7V3bSVqiLBt',
I/ReactNativeJS( 9010):   os: 'android' }
W/BluetoothAdapter(31040): getBluetoothService() called with no BluetoothManagerCallback
E/BluetoothServiceJni(31040): SOCK FLAG = 0 ***********************
I/BtOppRfcommListener(31040): Accept thread started.
I/ReactNativeJS( 9010): BACKGROUND SCAN
I/ReactNativeJS( 9010): Beacons monitoring started successfully
I/EasyUnlock( 3380): [EasyUnlockService] EasyUnlock not enabled, skipping initialization.
I/ReactNativeJS( 9010): 'TOKEN:', { token: 'd5_hxdRStso:APA91bEtIY_B3NmPjefevdwAWflnuqTDrHeePUz7MpeDO3AMVXgiZg5phTCghliCEz5rR8OebgUsjDLDWIa-kNhlfpnFoC0wNZF9DXN6VVT0pIeEqRtbonTaTGQuBDcmk7V3bSVqiLBt',
I/ReactNativeJS( 9010):   os: 'android' }
I/ReactNativeJS( 9010): 'TOKEN:', { token: 'd5_hxdRStso:APA91bEtIY_B3NmPjefevdwAWflnuqTDrHeePUz7MpeDO3AMVXgiZg5phTCghliCEz5rR8OebgUsjDLDWIa-kNhlfpnFoC0wNZF9DXN6VVT0pIeEqRtbonTaTGQuBDcmk7V3bSVqiLBt',
I/ReactNativeJS( 9010):   os: 'android' }
I/HwLauncher( 3303): DynamicIcon onWindowVisibilityChanged 8 - com.android.deskclock
I/HwLauncher( 3303): DynamicIcon onWindowVisibilityChanged 8 - com.android.calendar
I/PhoneStatusBar( 3082): hw_status_bar_operators = false, setSystemUIVisibily(SHOW_OPERATOR = false)
I/ReactNativeJS( 9010): BACKGROUND SCAN
I/ReactNativeJS( 9010): Beacons monitoring started successfully
I/ReactNativeJS( 9010): 'TOKEN:', { token: 'd5_hxdRStso:APA91bEtIY_B3NmPjefevdwAWflnuqTDrHeePUz7MpeDO3AMVXgiZg5phTCghliCEz5rR8OebgUsjDLDWIa-kNhlfpnFoC0wNZF9DXN6VVT0pIeEqRtbonTaTGQuBDcmk7V3bSVqiLBt',
I/ReactNativeJS( 9010):   os: 'android' }
I/ReactNativeJS( 9010): 'TOKEN:', { token: 'd5_hxdRStso:APA91bEtIY_B3NmPjefevdwAWflnuqTDrHeePUz7MpeDO3AMVXgiZg5phTCghliCEz5rR8OebgUsjDLDWIa-kNhlfpnFoC0wNZF9DXN6VVT0pIeEqRtbonTaTGQuBDcmk7V3bSVqiLBt',
I/ReactNativeJS( 9010):   os: 'android' }
I/ReactNativeJS( 9010): 'TOKEN:', { token: 'd5_hxdRStso:APA91bEtIY_B3NmPjefevdwAWflnuqTDrHeePUz7MpeDO3AMVXgiZg5phTCghliCEz5rR8OebgUsjDLDWIa-kNhlfpnFoC0wNZF9DXN6VVT0pIeEqRtbonTaTGQuBDcmk7V3bSVqiLBt',
I/ReactNativeJS( 9010):   os: 'android' }
I/ReactNativeJS( 9010): BACKGROUND SCAN
I/ReactNativeJS( 9010): Beacons monitoring started successfully
I/ReactNativeJS( 9010): 'TOKEN:', { token: 'd5_hxdRStso:APA91bEtIY_B3NmPjefevdwAWflnuqTDrHeePUz7MpeDO3AMVXgiZg5phTCghliCEz5rR8OebgUsjDLDWIa-kNhlfpnFoC0wNZF9DXN6VVT0pIeEqRtbonTaTGQuBDcmk7V3bSVqiLBt',
I/ReactNativeJS( 9010):   os: 'android' }
I/ReactNativeJS( 9010): 'TOKEN:', { token: 'd5_hxdRStso:APA91bEtIY_B3NmPjefevdwAWflnuqTDrHeePUz7MpeDO3AMVXgiZg5phTCghliCEz5rR8OebgUsjDLDWIa-kNhlfpnFoC0wNZF9DXN6VVT0pIeEqRtbonTaTGQuBDcmk7V3bSVqiLBt',
I/ReactNativeJS( 9010):   os: 'android' }
I/ReactNativeJS( 9010): BACKGROUND SCAN
I/ReactNativeJS( 9010): Beacons monitoring started successfully
I/ReactNativeJS( 9010): 'TOKEN:', { token: 'd5_hxdRStso:APA91bEtIY_B3NmPjefevdwAWflnuqTDrHeePUz7MpeDO3AMVXgiZg5phTCghliCEz5rR8OebgUsjDLDWIa-kNhlfpnFoC0wNZF9DXN6VVT0pIeEqRtbonTaTGQuBDcmk7V3bSVqiLBt',
I/ReactNativeJS( 9010):   os: 'android' }
I/ReactNativeJS( 9010): 'TOKEN:', { token: 'd5_hxdRStso:APA91bEtIY_B3NmPjefevdwAWflnuqTDrHeePUz7MpeDO3AMVXgiZg5phTCghliCEz5rR8OebgUsjDLDWIa-kNhlfpnFoC0wNZF9DXN6VVT0pIeEqRtbonTaTGQuBDcmk7V3bSVqiLBt',
I/ReactNativeJS( 9010):   os: 'android' }
I/ReactNativeJS( 9010): BACKGROUND SCAN
I/ReactNativeJS( 9010): Beacons monitoring started successfully
I/ReactNativeJS( 9010): 'TOKEN:', { token: 'd5_hxdRStso:APA91bEtIY_B3NmPjefevdwAWflnuqTDrHeePUz7MpeDO3AMVXgiZg5phTCghliCEz5rR8OebgUsjDLDWIa-kNhlfpnFoC0wNZF9DXN6VVT0pIeEqRtbonTaTGQuBDcmk7V3bSVqiLBt',
I/ReactNativeJS( 9010):   os: 'android' }
I/ReactNativeJS( 9010): 'TOKEN:', { token: 'd5_hxdRStso:APA91bEtIY_B3NmPjefevdwAWflnuqTDrHeePUz7MpeDO3AMVXgiZg5phTCghliCEz5rR8OebgUsjDLDWIa-kNhlfpnFoC0wNZF9DXN6VVT0pIeEqRtbonTaTGQuBDcmk7V3bSVqiLBt',
I/ReactNativeJS( 9010):   os: 'android' }
I/BeaconBle(31908): Client requested scan, settings=BleSettings [scanMode=LOW_LATENCY, callbackType=ALL_MATCHES, reportDelayMillis=0, 4 filters, 1 clients, callingClientName=Nearby], listener=geo@43294c08
I/ReactNativeJS( 9010): BACKGROUND SCAN
I/ReactNativeJS( 9010): Beacons monitoring started successfully
I/BeaconBle(31908): Client requested scan, settings=BleSettings [scanMode=LOW_LATENCY, callbackType=ALL_MATCHES, reportDelayMillis=0, 6 filters, 1 clients, callingClientName=Nearby], listener=geo@43294c08
I/ReactNativeJS( 9010): 'TOKEN:', { token: 'd5_hxdRStso:APA91bEtIY_B3NmPjefevdwAWflnuqTDrHeePUz7MpeDO3AMVXgiZg5phTCghliCEz5rR8OebgUsjDLDWIa-kNhlfpnFoC0wNZF9DXN6VVT0pIeEqRtbonTaTGQuBDcmk7V3bSVqiLBt',
I/ReactNativeJS( 9010):   os: 'android' }
I/ReactNativeJS( 9010): 'TOKEN:', { token: 'd5_hxdRStso:APA91bEtIY_B3NmPjefevdwAWflnuqTDrHeePUz7MpeDO3AMVXgiZg5phTCghliCEz5rR8OebgUsjDLDWIa-kNhlfpnFoC0wNZF9DXN6VVT0pIeEqRtbonTaTGQuBDcmk7V3bSVqiLBt',
I/ReactNativeJS( 9010):   os: 'android' }
I/ReactNativeJS( 9010): BACKGROUND SCAN
I/ReactNativeJS( 9010): Beacons monitoring started successfully
I/ReactNativeJS( 9010): 'TOKEN:', { token: 'd5_hxdRStso:APA91bEtIY_B3NmPjefevdwAWflnuqTDrHeePUz7MpeDO3AMVXgiZg5phTCghliCEz5rR8OebgUsjDLDWIa-kNhlfpnFoC0wNZF9DXN6VVT0pIeEqRtbonTaTGQuBDcmk7V3bSVqiLBt',
I/ReactNativeJS( 9010):   os: 'android' }
I/ReactNativeJS( 9010): 'TOKEN:', { token: 'd5_hxdRStso:APA91bEtIY_B3NmPjefevdwAWflnuqTDrHeePUz7MpeDO3AMVXgiZg5phTCghliCEz5rR8OebgUsjDLDWIa-kNhlfpnFoC0wNZF9DXN6VVT0pIeEqRtbonTaTGQuBDcmk7V3bSVqiLBt',
I/ReactNativeJS( 9010):   os: 'android' }
I/ReactNativeJS( 9010): BACKGROUND SCAN
I/ReactNativeJS( 9010): Beacons monitoring started successfully
I/ReactNativeJS( 9010): 'TOKEN:', { token: 'd5_hxdRStso:APA91bEtIY_B3NmPjefevdwAWflnuqTDrHeePUz7MpeDO3AMVXgiZg5phTCghliCEz5rR8OebgUsjDLDWIa-kNhlfpnFoC0wNZF9DXN6VVT0pIeEqRtbonTaTGQuBDcmk7V3bSVqiLBt',
I/ReactNativeJS( 9010):   os: 'android' }
I/ReactNativeJS( 9010): 'TOKEN:', { token: 'd5_hxdRStso:APA91bEtIY_B3NmPjefevdwAWflnuqTDrHeePUz7MpeDO3AMVXgiZg5phTCghliCEz5rR8OebgUsjDLDWIa-kNhlfpnFoC0wNZF9DXN6VVT0pIeEqRtbonTaTGQuBDcmk7V3bSVqiLBt',
I/ReactNativeJS( 9010):   os: 'android' }
I/ReactNativeJS( 9010): BACKGROUND SCAN
I/ReactNativeJS( 9010): Beacons monitoring started successfully
I/ReactNativeJS( 9010): 'TOKEN:', { token: 'd5_hxdRStso:APA91bEtIY_B3NmPjefevdwAWflnuqTDrHeePUz7MpeDO3AMVXgiZg5phTCghliCEz5rR8OebgUsjDLDWIa-kNhlfpnFoC0wNZF9DXN6VVT0pIeEqRtbonTaTGQuBDcmk7V3bSVqiLBt',
I/ReactNativeJS( 9010):   os: 'android' }
I/ReactNativeJS( 9010): 'TOKEN:', { token: 'd5_hxdRStso:APA91bEtIY_B3NmPjefevdwAWflnuqTDrHeePUz7MpeDO3AMVXgiZg5phTCghliCEz5rR8OebgUsjDLDWIa-kNhlfpnFoC0wNZF9DXN6VVT0pIeEqRtbonTaTGQuBDcmk7V3bSVqiLBt',
I/ReactNativeJS( 9010):   os: 'android' }
I/ReactNativeJS( 9010): BACKGROUND SCAN
I/ReactNativeJS( 9010): Beacons monitoring started successfully
I/K3V3CpuGovernorPolicy( 3244): close previously scene Hmp policy : 300 , 150
I/ReactNativeJS( 9010): 'TOKEN:', { token: 'd5_hxdRStso:APA91bEtIY_B3NmPjefevdwAWflnuqTDrHeePUz7MpeDO3AMVXgiZg5phTCghliCEz5rR8OebgUsjDLDWIa-kNhlfpnFoC0wNZF9DXN6VVT0pIeEqRtbonTaTGQuBDcmk7V3bSVqiLBt',
I/ReactNativeJS( 9010):   os: 'android' }
I/ReactNativeJS( 9010): 'TOKEN:', { token: 'd5_hxdRStso:APA91bEtIY_B3NmPjefevdwAWflnuqTDrHeePUz7MpeDO3AMVXgiZg5phTCghliCEz5rR8OebgUsjDLDWIa-kNhlfpnFoC0wNZF9DXN6VVT0pIeEqRtbonTaTGQuBDcmk7V3bSVqiLBt',
I/ReactNativeJS( 9010):   os: 'android' }
I/ReactNativeJS( 9010): BACKGROUND SCAN
I/ReactNativeJS( 9010): Beacons monitoring started successfully
I/ReactNativeJS( 9010): 'TOKEN:', { token: 'd5_hxdRStso:APA91bEtIY_B3NmPjefevdwAWflnuqTDrHeePUz7MpeDO3AMVXgiZg5phTCghliCEz5rR8OebgUsjDLDWIa-kNhlfpnFoC0wNZF9DXN6VVT0pIeEqRtbonTaTGQuBDcmk7V3bSVqiLBt',
I/ReactNativeJS( 9010):   os: 'android' }
I/HwLauncher( 3303): Launcher onStop()
E/HwLauncher( 3303): Launcher dialog dismiss failed : java.lang.IllegalArgumentException: no dialog with id 1 was ever shown via Activity#showDialog
I/HwLauncher( 3303): Launcher dynamicIconsUnregister
I/HwLauncher( 3303): DynamicUpdater unregisterReceiver
I/ReactNativeJS( 9010): 'TOKEN:', { token: 'd5_hxdRStso:APA91bEtIY_B3NmPjefevdwAWflnuqTDrHeePUz7MpeDO3AMVXgiZg5phTCghliCEz5rR8OebgUsjDLDWIa-kNhlfpnFoC0wNZF9DXN6VVT0pIeEqRtbonTaTGQuBDcmk7V3bSVqiLBt',
I/ReactNativeJS( 9010):   os: 'android' }
I/HwLauncher( 3303): DynamicIcon onPause  isvisible = true   mAttachedToWindow:true    mWindowVisible:falsecom.android.deskclock
I/HwLauncher( 3303): DynamicUpdater unregisterReceiver
I/ReactNativeJS( 9010): BACKGROUND SCAN
I/HwLauncher( 3303): DynamicIcon onPause  isvisible = true   mAttachedToWindow:true    mWindowVisible:falsecom.android.calendar
I/HwLauncher( 3303): DynamicUpdater unregisterReceiver
I/ReactNativeJS( 9010): Beacons monitoring started successfully
I/HwLauncher( 3303): DynamicIcon onPause  isvisible = true   mAttachedToWindow:false    mWindowVisible:falsecom.huawei.android.totemweather
I/HwLauncher( 3303): DynamicIcon onVisibilityChanged 4 - com.android.deskclock
I/HwLauncher( 3303): DynamicIcon onVisibilityChanged 4 - com.android.calendar
I/ReactNativeJS( 9010): 'TOKEN:', { token: 'd5_hxdRStso:APA91bEtIY_B3NmPjefevdwAWflnuqTDrHeePUz7MpeDO3AMVXgiZg5phTCghliCEz5rR8OebgUsjDLDWIa-kNhlfpnFoC0wNZF9DXN6VVT0pIeEqRtbonTaTGQuBDcmk7V3bSVqiLBt',
I/ReactNativeJS( 9010):   os: 'android' }
I/ReactNativeJS( 9010): 'TOKEN:', { token: 'd5_hxdRStso:APA91bEtIY_B3NmPjefevdwAWflnuqTDrHeePUz7MpeDO3AMVXgiZg5phTCghliCEz5rR8OebgUsjDLDWIa-kNhlfpnFoC0wNZF9DXN6VVT0pIeEqRtbonTaTGQuBDcmk7V3bSVqiLBt',
I/ReactNativeJS( 9010):   os: 'android' }
I/ReactNativeJS( 9010): BACKGROUND SCAN
I/ReactNativeJS( 9010): Beacons monitoring started successfully
I/ReactNativeJS( 9010): 'TOKEN:', { token: 'd5_hxdRStso:APA91bEtIY_B3NmPjefevdwAWflnuqTDrHeePUz7MpeDO3AMVXgiZg5phTCghliCEz5rR8OebgUsjDLDWIa-kNhlfpnFoC0wNZF9DXN6VVT0pIeEqRtbonTaTGQuBDcmk7V3bSVqiLBt',
I/ReactNativeJS( 9010):   os: 'android' }
I/ReactNativeJS( 9010): 'TOKEN:', { token: 'd5_hxdRStso:APA91bEtIY_B3NmPjefevdwAWflnuqTDrHeePUz7MpeDO3AMVXgiZg5phTCghliCEz5rR8OebgUsjDLDWIa-kNhlfpnFoC0wNZF9DXN6VVT0pIeEqRtbonTaTGQuBDcmk7V3bSVqiLBt',
I/ReactNativeJS( 9010):   os: 'android' }
I/ReactNativeJS( 9010): BACKGROUND SCAN
I/ReactNativeJS( 9010): Beacons monitoring started successfully
I/ReactNativeJS( 9010): 'TOKEN:', { token: 'd5_hxdRStso:APA91bEtIY_B3NmPjefevdwAWflnuqTDrHeePUz7MpeDO3AMVXgiZg5phTCghliCEz5rR8OebgUsjDLDWIa-kNhlfpnFoC0wNZF9DXN6VVT0pIeEqRtbonTaTGQuBDcmk7V3bSVqiLBt',
I/ReactNativeJS( 9010):   os: 'android' }
I/ReactNativeJS( 9010): 'TOKEN:', { token: 'd5_hxdRStso:APA91bEtIY_B3NmPjefevdwAWflnuqTDrHeePUz7MpeDO3AMVXgiZg5phTCghliCEz5rR8OebgUsjDLDWIa-kNhlfpnFoC0wNZF9DXN6VVT0pIeEqRtbonTaTGQuBDcmk7V3bSVqiLBt',
I/ReactNativeJS( 9010):   os: 'android' }
I/ReactNativeJS( 9010): BACKGROUND SCAN
I/ReactNativeJS( 9010): Beacons monitoring started successfully
I/ReactNativeJS( 9010): 'TOKEN:', { token: 'd5_hxdRStso:APA91bEtIY_B3NmPjefevdwAWflnuqTDrHeePUz7MpeDO3AMVXgiZg5phTCghliCEz5rR8OebgUsjDLDWIa-kNhlfpnFoC0wNZF9DXN6VVT0pIeEqRtbonTaTGQuBDcmk7V3bSVqiLBt',
I/ReactNativeJS( 9010):   os: 'android' }
I/ReactNativeJS( 9010): 'TOKEN:', { token: 'd5_hxdRStso:APA91bEtIY_B3NmPjefevdwAWflnuqTDrHeePUz7MpeDO3AMVXgiZg5phTCghliCEz5rR8OebgUsjDLDWIa-kNhlfpnFoC0wNZF9DXN6VVT0pIeEqRtbonTaTGQuBDcmk7V3bSVqiLBt',
I/ReactNativeJS( 9010):   os: 'android' }
I/ReactNativeJS( 9010): BACKGROUND SCAN
I/ReactNativeJS( 9010): Beacons monitoring started successfully
W/bt-btm  (31040): BTM_SetConnectability
I/ReactNativeJS( 9010): 'TOKEN:', { token: 'd5_hxdRStso:APA91bEtIY_B3NmPjefevdwAWflnuqTDrHeePUz7MpeDO3AMVXgiZg5phTCghliCEz5rR8OebgUsjDLDWIa-kNhlfpnFoC0wNZF9DXN6VVT0pIeEqRtbonTaTGQuBDcmk7V3bSVqiLBt',
I/ReactNativeJS( 9010):   os: 'android' }
I/ReactNativeJS( 9010): 'TOKEN:', { token: 'd5_hxdRStso:APA91bEtIY_B3NmPjefevdwAWflnuqTDrHeePUz7MpeDO3AMVXgiZg5phTCghliCEz5rR8OebgUsjDLDWIa-kNhlfpnFoC0wNZF9DXN6VVT0pIeEqRtbonTaTGQuBDcmk7V3bSVqiLBt',
I/ReactNativeJS( 9010):   os: 'android' }
I/ReactNativeJS( 9010): BACKGROUND SCAN
I/ReactNativeJS( 9010): Beacons monitoring started successfully
I/ReactNativeJS( 9010): 'TOKEN:', { token: 'd5_hxdRStso:APA91bEtIY_B3NmPjefevdwAWflnuqTDrHeePUz7MpeDO3AMVXgiZg5phTCghliCEz5rR8OebgUsjDLDWIa-kNhlfpnFoC0wNZF9DXN6VVT0pIeEqRtbonTaTGQuBDcmk7V3bSVqiLBt',
I/ReactNativeJS( 9010):   os: 'android' }
I/ReactNativeJS( 9010): BACKGROUND SCAN
I/ReactNativeJS( 9010): Beacons monitoring started successfully
I/ReactNativeJS( 9010): 'TOKEN:', { token: 'd5_hxdRStso:APA91bEtIY_B3NmPjefevdwAWflnuqTDrHeePUz7MpeDO3AMVXgiZg5phTCghliCEz5rR8OebgUsjDLDWIa-kNhlfpnFoC0wNZF9DXN6VVT0pIeEqRtbonTaTGQuBDcmk7V3bSVqiLBt',
I/ReactNativeJS( 9010):   os: 'android' }
I/ReactNativeJS( 9010): 'TOKEN:', { token: 'd5_hxdRStso:APA91bEtIY_B3NmPjefevdwAWflnuqTDrHeePUz7MpeDO3AMVXgiZg5phTCghliCEz5rR8OebgUsjDLDWIa-kNhlfpnFoC0wNZF9DXN6VVT0pIeEqRtbonTaTGQuBDcmk7V3bSVqiLBt',
I/ReactNativeJS( 9010):   os: 'android' }
I/ReactNativeJS( 9010): 'TOKEN:', { token: 'd5_hxdRStso:APA91bEtIY_B3NmPjefevdwAWflnuqTDrHeePUz7MpeDO3AMVXgiZg5phTCghliCEz5rR8OebgUsjDLDWIa-kNhlfpnFoC0wNZF9DXN6VVT0pIeEqRtbonTaTGQuBDcmk7V3bSVqiLBt',
I/ReactNativeJS( 9010):   os: 'android' }
I/ReactNativeJS( 9010): BACKGROUND SCAN
I/ReactNativeJS( 9010): Beacons monitoring started successfully
I/ReactNativeJS( 9010): 'TOKEN:', { token: 'd5_hxdRStso:APA91bEtIY_B3NmPjefevdwAWflnuqTDrHeePUz7MpeDO3AMVXgiZg5phTCghliCEz5rR8OebgUsjDLDWIa-kNhlfpnFoC0wNZF9DXN6VVT0pIeEqRtbonTaTGQuBDcmk7V3bSVqiLBt',
I/ReactNativeJS( 9010):   os: 'android' }
I/ReactNativeJS( 9010): 'TOKEN:', { token: 'd5_hxdRStso:APA91bEtIY_B3NmPjefevdwAWflnuqTDrHeePUz7MpeDO3AMVXgiZg5phTCghliCEz5rR8OebgUsjDLDWIa-kNhlfpnFoC0wNZF9DXN6VVT0pIeEqRtbonTaTGQuBDcmk7V3bSVqiLBt',
I/ReactNativeJS( 9010):   os: 'android' }
I/ReactNativeJS( 9010): BACKGROUND SCAN
I/ReactNativeJS( 9010): Beacons monitoring started successfully
I/ReactNativeJS( 9010): 'TOKEN:', { token: 'd5_hxdRStso:APA91bEtIY_B3NmPjefevdwAWflnuqTDrHeePUz7MpeDO3AMVXgiZg5phTCghliCEz5rR8OebgUsjDLDWIa-kNhlfpnFoC0wNZF9DXN6VVT0pIeEqRtbonTaTGQuBDcmk7V3bSVqiLBt',
I/ReactNativeJS( 9010):   os: 'android' }
I/ReactNativeJS( 9010): 'TOKEN:', { token: 'd5_hxdRStso:APA91bEtIY_B3NmPjefevdwAWflnuqTDrHeePUz7MpeDO3AMVXgiZg5phTCghliCEz5rR8OebgUsjDLDWIa-kNhlfpnFoC0wNZF9DXN6VVT0pIeEqRtbonTaTGQuBDcmk7V3bSVqiLBt',
I/ReactNativeJS( 9010):   os: 'android' }
I/ReactNativeJS( 9010): BACKGROUND SCAN
I/ReactNativeJS( 9010): Beacons monitoring started successfully
I/ReactNativeJS( 9010): 'TOKEN:', { token: 'd5_hxdRStso:APA91bEtIY_B3NmPjefevdwAWflnuqTDrHeePUz7MpeDO3AMVXgiZg5phTCghliCEz5rR8OebgUsjDLDWIa-kNhlfpnFoC0wNZF9DXN6VVT0pIeEqRtbonTaTGQuBDcmk7V3bSVqiLBt',
I/ReactNativeJS( 9010):   os: 'android' }
I/ReactNativeJS( 9010): 'TOKEN:', { token: 'd5_hxdRStso:APA91bEtIY_B3NmPjefevdwAWflnuqTDrHeePUz7MpeDO3AMVXgiZg5phTCghliCEz5rR8OebgUsjDLDWIa-kNhlfpnFoC0wNZF9DXN6VVT0pIeEqRtbonTaTGQuBDcmk7V3bSVqiLBt',
I/ReactNativeJS( 9010):   os: 'android' }
I/ReactNativeJS( 9010): BACKGROUND SCAN
I/ReactNativeJS( 9010): Beacons monitoring started successfully
I/ReactNativeJS( 9010): 'TOKEN:', { token: 'd5_hxdRStso:APA91bEtIY_B3NmPjefevdwAWflnuqTDrHeePUz7MpeDO3AMVXgiZg5phTCghliCEz5rR8OebgUsjDLDWIa-kNhlfpnFoC0wNZF9DXN6VVT0pIeEqRtbonTaTGQuBDcmk7V3bSVqiLBt',
I/ReactNativeJS( 9010):   os: 'android' }
I/ReactNativeJS( 9010): 'TOKEN:', { token: 'd5_hxdRStso:APA91bEtIY_B3NmPjefevdwAWflnuqTDrHeePUz7MpeDO3AMVXgiZg5phTCghliCEz5rR8OebgUsjDLDWIa-kNhlfpnFoC0wNZF9DXN6VVT0pIeEqRtbonTaTGQuBDcmk7V3bSVqiLBt',
I/ReactNativeJS( 9010):   os: 'android' }
I/ReactNativeJS( 9010): BACKGROUND SCAN
I/ReactNativeJS( 9010): Beacons monitoring started successfully
I/ReactNativeJS( 9010): 'TOKEN:', { token: 'd5_hxdRStso:APA91bEtIY_B3NmPjefevdwAWflnuqTDrHeePUz7MpeDO3AMVXgiZg5phTCghliCEz5rR8OebgUsjDLDWIa-kNhlfpnFoC0wNZF9DXN6VVT0pIeEqRtbonTaTGQuBDcmk7V3bSVqiLBt',
I/ReactNativeJS( 9010):   os: 'android' }
I/ReactNativeJS( 9010): BACKGROUND SCAN
I/ReactNativeJS( 9010): Beacons monitoring started successfully
I/ReactNativeJS( 9010): 'TOKEN:', { token: 'd5_hxdRStso:APA91bEtIY_B3NmPjefevdwAWflnuqTDrHeePUz7MpeDO3AMVXgiZg5phTCghliCEz5rR8OebgUsjDLDWIa-kNhlfpnFoC0wNZF9DXN6VVT0pIeEqRtbonTaTGQuBDcmk7V3bSVqiLBt',
I/ReactNativeJS( 9010):   os: 'android' }
I/ReactNativeJS( 9010): 'TOKEN:', { token: 'd5_hxdRStso:APA91bEtIY_B3NmPjefevdwAWflnuqTDrHeePUz7MpeDO3AMVXgiZg5phTCghliCEz5rR8OebgUsjDLDWIa-kNhlfpnFoC0wNZF9DXN6VVT0pIeEqRtbonTaTGQuBDcmk7V3bSVqiLBt',
I/ReactNativeJS( 9010):   os: 'android' }
I/ReactNativeJS( 9010): 'TOKEN:', { token: 'd5_hxdRStso:APA91bEtIY_B3NmPjefevdwAWflnuqTDrHeePUz7MpeDO3AMVXgi