I/HwSystemManager( 3621): SavingSettingUtil:setAlarm and high_level_standard is 10 msg_send_interval is 240 count_frequency is 60 dangerous_level_standard is 25 dangerous_current_level is 30 min_interval_time is 3 average_current_fg is 350 count_frequency_fg is 5 app_show_level is 1
I/YhdsEngine( 3621): [EngineIntentService] Received: com.dianxinos.optimizer.engine.action.PKG_CHANGE
I/HwSystemManager( 3621): DX-Optimizer:[PackageChangeReceiver] Received: android.intent.action.PACKAGE_ADDED, data: package:com.awesomeproject, replacing: true
I/HwSystemManager( 3621): DX-Optimizer:[CommonIntentService] Received: com.dianxinos.optimizer.action.PKG_CHANGE
I/PushLogSC2539(27268): [main-1]action is android.intent.action.PACKAGE_ADDED(ds/null:-1)
I/PushLogSC2539(27268): [main-1]run push selfshow(ds/null:-1)
I/PushLogSC2539(27268): [Thread-699-699]push jarFile is not exist(ds/null:-1)
I/PushLogAC2543( 3261): [main-1]action is android.intent.action.PACKAGE_ADDED(pushagent/null:-1)
I/PushLogAC2543( 3261): [main-1]run push selfshow(pushagent/null:-1)
I/HwSystemManager( 3544): HsmIntentService:destroyed. this:com.huawei.systemmanager.util.content.HsmIntentService_bg@4337f150
I/PushLogSC2539(27268): [Thread-699-699]support ctrlsocket.(ds/null:-1)
I/PushLogAC2543( 3261): [Thread-46-46]push jarFile is not exist(pushagent/null:-1)
I/PushLogAC2543( 3261): [Thread-46-46]support ctrlsocket.(pushagent/null:-1)
I/PushLogAC2543( 3261): [main-1]PushService onStartCommand(pushagent/null:-1)
I/HwSystemManager( 3621): HsmIntentService:destroyed. this:com.huawei.systemmanager.util.content.HsmIntentService_ui@43411ef8
I/Finsky  ( 8229): [1] com.google.android.finsky.utils.as.run(3288): Package state data is missing for com.awesomeproject
I/WearableService(31908): Wear is not allowed to run on this device. Not starting Wear service.
E/Finsky  ( 8229): [1] com.google.android.finsky.wear.bl.a(847): onConnectionFailed: ConnectionResult{statusCode=API_UNAVAILABLE, resolution=null, message=null}
I/Finsky  ( 8229): [1] com.google.android.finsky.wear.aj.run(20402): Dropping command=auto_install due to Gms not connected
I/karaokeeffect.IntentReceiver(17262): Intent received, action=android.intent.action.PACKAGE_REPLACED
I/karaokeeffect.DataPortal(17262): checkAndAddApp, packageName=com.awesomeproject
W/IcingInternalCorpora(22975): getNumBytesRead when not calculated.
I/Icing   (22975): Usage reports 0 indexed 0 rejected 0 imm upload false
I/Icing   (22975): Usage reports 0 indexed 0 rejected 0 imm upload false
I/YhdsEngine( 3621): [EngineIntentService] Received: com.dianxinos.optimizer.engine.action.PKG_CHANGE
I/HwSystemManager( 3621): DX-Optimizer:[PackageChangeReceiver] Received: android.intent.action.PACKAGE_REPLACED, data: package:com.awesomeproject, replacing: true
I/HwSystemManager( 3621): DX-Optimizer:[CommonIntentService] Received: com.dianxinos.optimizer.action.PKG_CHANGE
E/NetworkScheduler.SR( 3380): Invalid parameter app
E/NetworkScheduler.SR( 3380): Invalid package name : Perhaps you didn't include a PendingIntent in the extras?
I/Icing   (22975): Usage reports 0 indexed 0 rejected 0 imm upload false
I/Icing   (22975): Usage reports 0 indexed 0 rejected 0 imm upload false
I/MultiDex( 8304): VM with version 1.6.0 does not have multidex support
I/MultiDex( 8304): install
I/MultiDex( 8304): MultiDexExtractor.load(/data/app/com.google.android.apps.magazines-2.apk, false)
I/MultiDex( 8304): Blocking on lock /data/data/com.google.android.apps.magazines/code_cache/secondary-dexes/MultiDex.lock
I/MultiDex( 8304): /data/data/com.google.android.apps.magazines/code_cache/secondary-dexes/MultiDex.lock locked
I/MultiDex( 8304): loading existing secondary dex files
I/MultiDex( 8304): load found 1 secondary dex files
I/MultiDex( 8304): install done
I/dalvikvm( 8304): Could not find method android.os.PowerManager.isInteractive, referenced from method com.google.apps.dots.android.newsstand.util.AndroidUtil.isDeviceInteractive
W/dalvikvm( 8304): VFY: unable to resolve virtual method 1548: Landroid/os/PowerManager;.isInteractive ()Z
I/dalvikvm( 8304): Could not find method android.accounts.AccountManager.getPreviousName, referenced from method com.google.apps.dots.android.newsstand.auth.AccountManagerDelegate.getPreviousName
W/dalvikvm( 8304): VFY: unable to resolve virtual method 9: Landroid/accounts/AccountManager;.getPreviousName (Landroid/accounts/Account;)Ljava/lang/String;
I/dalvikvm( 8304): Could not find method android.os.Environment.isExternalStorageEmulated, referenced from method com.google.apps.dots.android.newsstand.diskcache.StorageHelper.isExternalStorageEmulated
W/dalvikvm( 8304): VFY: unable to resolve static method 1425: Landroid/os/Environment;.isExternalStorageEmulated (Ljava/io/File;)Z
I/dalvikvm( 8304): Could not find method android.content.pm.PackageManager.getPackageInstaller, referenced from method com.google.android.gms.common.GooglePlayServicesUtilLight.zzB
W/dalvikvm( 8304): VFY: unable to resolve virtual method 601: Landroid/content/pm/PackageManager;.getPackageInstaller ()Landroid/content/pm/PackageInstaller;
I/GAv4    ( 8304): Google Analytics 10.2.98 is starting up. To enable debug logging on a device run:
I/GAv4    ( 8304):   adb shell setprop log.tag.GAv4 DEBUG
I/GAv4    ( 8304):   adb logcat -s GAv4
W/GAv4    ( 8304): AnalyticsReceiver is not registered or is disabled. Register the receiver for reliable dispatching on non-Google Play devices. See http://goo.gl/8Rd3yj for instructions.
W/GAv4    ( 8304): AnalyticsService not registered in the app manifest. Hits might not be delivered reliably. See http://goo.gl/8Rd3yj for instructions.
I/dalvikvm( 8304): Could not find method android.os.PowerManager.isPowerSaveMode, referenced from method com.google.apps.dots.android.newsstand.net.NSConnectivityManager.isPowerSaveMode
W/dalvikvm( 8304): VFY: unable to resolve virtual method 1549: Landroid/os/PowerManager;.isPowerSaveMode ()Z
I/dalvikvm( 8304): Could not find method java.util.Locale.forLanguageTag, referenced from method com.google.apps.dots.android.newsstand.translation.Translation.localeFromLanguageTag
W/dalvikvm( 8304): VFY: unable to resolve static method 25472: Ljava/util/Locale;.forLanguageTag (Ljava/lang/String;)Ljava/util/Locale;
I/dalvikvm( 8304): Could not find method java.util.Locale.toLanguageTag, referenced from method com.google.apps.dots.android.newsstand.pushmessage.NSGcmClient.buildGcmRegistrationParams
W/dalvikvm( 8304): VFY: unable to resolve virtual method 62983: Ljava/util/Locale;.toLanguageTag ()Ljava/lang/String;
I/NSApplication( 8304): Starting up...
I/PushLogAC2543( 3261): [main-1]action is com.huawei.intent.action.PUSH(pushagent/null:-1)
I/PushLogAC2543( 3261): [main-1]PushService onStartCommand(pushagent/null:-1)
I/PushLogAC2543( 3261): [main-1]action is com.huawei.intent.action.PUSH(pushagent/null:-1)
I/PushLogAC2543( 3261): [ReceiverDispatcher-50]lastnetWorkType:1 curNetWorkType:1(pushagent/null:-1)
I/PushLogAC2543( 3261): [main-1]PushService onStartCommand(pushagent/null:-1)
W/System.err( 3223): java.lang.SecurityException: No permission to write APN settings: Neither user 10093 nor current process has android.permission.WRITE_APN_SETTINGS.
W/System.err( 3223): 	at android.app.ContextImpl.enforce(ContextImpl.java:1775)
W/System.err( 3223): 	at android.app.ContextImpl.enforceCallingOrSelfPermission(ContextImpl.java:1804)
W/System.err( 3223): 	at com.android.providers.telephony.TelephonyProvider.checkPermission(TelephonyProvider.java:1984)
W/System.err( 3223): 	at com.android.providers.telephony.TelephonyProvider.query(TelephonyProvider.java:1558)
W/System.err( 3223): 	at android.content.ContentProvider.query(ContentProvider.java:857)
W/System.err( 3223): 	at android.content.ContentProvider$Transport.query(ContentProvider.java:200)
W/System.err( 3223): 	at android.content.ContentProviderNative.onTransact(ContentProviderNative.java:112)
W/System.err( 3223): 	at android.os.Binder.execTransact(Binder.java:404)
W/System.err( 3223): 	at dalvik.system.NativeStart.run(Native Method)
E/DatabaseUtils( 3223): Writing exception to parcel
E/DatabaseUtils( 3223): java.lang.SecurityException: No permission to write APN settings: Neither user 10093 nor current process has android.permission.WRITE_APN_SETTINGS.
E/DatabaseUtils( 3223): 	at android.app.ContextImpl.enforce(ContextImpl.java:1775)
E/DatabaseUtils( 3223): 	at android.app.ContextImpl.enforceCallingOrSelfPermission(ContextImpl.java:1804)
E/DatabaseUtils( 3223): 	at com.android.providers.telephony.TelephonyProvider.checkPermission(TelephonyProvider.java:1984)
E/DatabaseUtils( 3223): 	at com.android.providers.telephony.TelephonyProvider.query(TelephonyProvider.java:1558)
E/DatabaseUtils( 3223): 	at android.content.ContentProvider.query(ContentProvider.java:857)
E/DatabaseUtils( 3223): 	at android.content.ContentProvider$Transport.query(ContentProvider.java:200)
E/DatabaseUtils( 3223): 	at android.content.ContentProviderNative.onTransact(ContentProviderNative.java:112)
E/DatabaseUtils( 3223): 	at android.os.Binder.execTransact(Binder.java:404)
E/DatabaseUtils( 3223): 	at dalvik.system.NativeStart.run(Native Method)
I/PushLogAC2543( 3261): [ReceiverDispatcher-50]lastnetWorkType:1 curNetWorkType:1(pushagent/null:-1)
W/System.err( 3223): java.lang.SecurityException: No permission to write APN settings: Neither user 10093 nor current process has android.permission.WRITE_APN_SETTINGS.
W/System.err( 3223): 	at android.app.ContextImpl.enforce(ContextImpl.java:1775)
W/System.err( 3223): 	at android.app.ContextImpl.enforceCallingOrSelfPermission(ContextImpl.java:1804)
W/System.err( 3223): 	at com.android.providers.telephony.TelephonyProvider.checkPermission(TelephonyProvider.java:1984)
W/System.err( 3223): 	at com.android.providers.telephony.TelephonyProvider.query(TelephonyProvider.java:1558)
W/System.err( 3223): 	at android.content.ContentProvider.query(ContentProvider.java:857)
W/System.err( 3223): 	at android.content.ContentProvider$Transport.query(ContentProvider.java:200)
W/System.err( 3223): 	at android.content.ContentProviderNative.onTransact(ContentProviderNative.java:112)
W/System.err( 3223): 	at android.os.Binder.execTransact(Binder.java:404)
W/System.err( 3223): 	at dalvik.system.NativeStart.run(Native Method)
E/DatabaseUtils( 3223): Writing exception to parcel
E/DatabaseUtils( 3223): java.lang.SecurityException: No permission to write APN settings: Neither user 10093 nor current process has android.permission.WRITE_APN_SETTINGS.
E/DatabaseUtils( 3223): 	at android.app.ContextImpl.enforce(ContextImpl.java:1775)
E/DatabaseUtils( 3223): 	at android.app.ContextImpl.enforceCallingOrSelfPermission(ContextImpl.java:1804)
E/DatabaseUtils( 3223): 	at com.android.providers.telephony.TelephonyProvider.checkPermission(TelephonyProvider.java:1984)
E/DatabaseUtils( 3223): 	at com.android.providers.telephony.TelephonyProvider.query(TelephonyProvider.java:1558)
E/DatabaseUtils( 3223): 	at android.content.ContentProvider.query(ContentProvider.java:857)
E/DatabaseUtils( 3223): 	at android.content.ContentProvider$Transport.query(ContentProvider.java:200)
E/DatabaseUtils( 3223): 	at android.content.ContentProviderNative.onTransact(ContentProviderNative.java:112)
E/DatabaseUtils( 3223): 	at android.os.Binder.execTransact(Binder.java:404)
E/DatabaseUtils( 3223): 	at dalvik.system.NativeStart.run(Native Method)
I/NetworkQualityMonitor( 8304): Updated PredictedNetworkQuality to com.google.android.gms.herrevad.PredictedNetworkQuality[
I/NetworkQualityMonitor( 8304): networkType: 1
I/NetworkQualityMonitor( 8304): predictedLatencyMicros: 2858514
I/NetworkQualityMonitor( 8304): predictedDownThroughputBps: 562307
I/NetworkQualityMonitor( 8304): predictedUpThroughputBps: -1
I/NetworkQualityMonitor( 8304): ]
I/Icing   (22975): Indexing 6FD549458C8E698048E0A603527B0A114C16BB93 from com.google.android.gms
I/Icing   (22975): Indexing done 6FD549458C8E698048E0A603527B0A114C16BB93
I/wpa_supplicant(15735): wlan0: HEART-BEAT-ACK: 283
I/LockScreenCallbackImpl( 3033): onTimeChanged
E/Thermal-daemon( 2431): [ap] temp_new :34  temp_old :33
W/MonitorImpl( 3033): onReceive - onPreBrocastReceive return false
I/ApplicationsProvider( 3350): System.gc()
W/ctxmgr  (31908): [AclManager]No 2 for (accnt=account#225735344#, com.google.android.gms(10009):UserLocationProducer, vrsn=10298000, 0, 3pPkg = null ,  3pMdlId = null). Was: 2 for 1, account#225735344#
E/android_hardware_fm.cpp( 8351): register_android_hardware_fm_fmradio
E/FM_HAL  ( 8351): [FM_HAL], fm_dynamic_lib is libbcmfm_if
E/FM_HAL  ( 8351): [FM_HAL], libname is libbcmfm_if
E/fm_if.c ( 8351): find the id:libbcmfm_if and begins to open the devices
E/android_hardware_fm.cpp( 8351): register_android_hardware_fm_fmradio, ret is 0
E/        ( 8351): ProtocolErrorLog wangkang test!!
I/K3V3CpuGovernorPolicy( 3244): set scene Hmp policy : 300 , 150
I/dalvikvm( 8362): Could not find method android.content.pm.PackageManager.getPackageInstaller, referenced from method com.google.android.gms.common.zzg.zzz
W/dalvikvm( 8362): VFY: unable to resolve virtual method 645: Landroid/content/pm/PackageManager;.getPackageInstaller ()Landroid/content/pm/PackageInstaller;
I/dalvikvm( 8362): Could not find method android.provider.Settings.canDrawOverlays, referenced from method com.facebook.react.ReactActivityDelegate.onActivityResult
W/dalvikvm( 8362): VFY: unable to resolve static method 1802: Landroid/provider/Settings;.canDrawOverlays (Landroid/content/Context;)Z
I/dalvikvm( 8362): Could not find method android.provider.Settings.canDrawOverlays, referenced from method com.facebook.react.ReactActivityDelegate.onCreate
W/dalvikvm( 8362): VFY: unable to resolve static method 1802: Landroid/provider/Settings;.canDrawOverlays (Landroid/content/Context;)Z
I/dalvikvm( 8362): Could not find method android.app.Activity.requestPermissions, referenced from method com.facebook.react.ReactActivityDelegate.requestPermissions
W/dalvikvm( 8362): VFY: unable to resolve virtual method 83: Landroid/app/Activity;.requestPermissions ([Ljava/lang/String;I)V
W/unknown:React( 8362): Packager connection already open, nooping.
W/unknown:React( 8362): Inspector connection already open, nooping.
W/dalvikvm( 8362): VFY: unable to find class referenced in signature (Ljava/nio/file/Path;)
W/dalvikvm( 8362): VFY: unable to find class referenced in signature ([Ljava/nio/file/OpenOption;)
I/dalvikvm( 8362): Could not find method java.nio.file.Files.newOutputStream, referenced from method okio.Okio.sink
W/dalvikvm( 8362): VFY: unable to resolve static method 41504: Ljava/nio/file/Files;.newOutputStream (Ljava/nio/file/Path;[Ljava/nio/file/OpenOption;)Ljava/io/OutputStream;
W/dalvikvm( 8362): VFY: unable to find class referenced in signature (Ljava/nio/file/Path;)
W/dalvikvm( 8362): VFY: unable to find class referenced in signature ([Ljava/nio/file/OpenOption;)
I/dalvikvm( 8362): Could not find method java.nio.file.Files.newInputStream, referenced from method okio.Okio.source
W/dalvikvm( 8362): VFY: unable to resolve static method 41503: Ljava/nio/file/Files;.newInputStream (Ljava/nio/file/Path;[Ljava/nio/file/OpenOption;)Ljava/io/InputStream;
I/ActivityManager( 2928): Displayed com.awesomeproject/.MainActivity: +461ms (total +504ms)
I/AppsCleanUp( 3244): add top view, pid:8362 count:1
I/dalvikvm( 8362): threadid=1: recursive native library load attempt (/data/app-lib/com.awesomeproject-1/libfb.so)
I/dalvikvm( 8362): Could not find method android.view.View.setElevation, referenced from method com.facebook.react.uimanager.BaseViewManager.setElevation
W/dalvikvm( 8362): VFY: unable to resolve virtual method 18562: Landroid/view/View;.setElevation (F)V
I/dalvikvm( 8362): Could not find method com.facebook.react.views.view.ReactViewGroup.drawableHotspotChanged, referenced from method com.facebook.react.views.view.ReactViewManager.receiveCommand
W/dalvikvm( 8362): VFY: unable to resolve virtual method 32845: Lcom/facebook/react/views/view/ReactViewGroup;.drawableHotspotChanged (FF)V
I/dalvikvm( 8362): Could not find method com.facebook.react.views.view.ReactViewGroup.setForeground, referenced from method com.facebook.react.views.view.ReactViewManager.setNativeForeground
W/dalvikvm( 8362): VFY: unable to resolve virtual method 32885: Lcom/facebook/react/views/view/ReactViewGroup;.setForeground (Landroid/graphics/drawable/Drawable;)V
W/unknown:ViewManagerPropertyUpdater( 8362): Could not find generated setter for class com.facebook.react.views.art.ARTGroupViewManager
W/unknown:ViewManagerPropertyUpdater( 8362): Could not find generated setter for class com.facebook.react.views.art.ARTGroupShadowNode
W/unknown:ViewManagerPropertyUpdater( 8362): Could not find generated setter for class com.facebook.react.views.art.ARTShapeViewManager
W/unknown:ViewManagerPropertyUpdater( 8362): Could not find generated setter for class com.facebook.react.views.art.ARTShapeShadowNode
W/unknown:ViewManagerPropertyUpdater( 8362): Could not find generated setter for class com.facebook.react.views.art.ARTTextViewManager
W/unknown:ViewManagerPropertyUpdater( 8362): Could not find generated setter for class com.facebook.react.views.art.ARTTextShadowNode
W/unknown:ViewManagerPropertyUpdater( 8362): Could not find generated setter for class com.facebook.react.views.art.ARTSurfaceViewManager
W/unknown:ViewManagerPropertyUpdater( 8362): Could not find generated setter for class com.facebook.react.views.art.ARTSurfaceViewShadowNode
I/AppsCleanUp( 3244): remove top view, pid:8362 count:0
W/unknown:ViewManagerPropertyUpdater( 8362): Could not find generated setter for class com.facebook.react.views.picker.ReactDialogPickerManager
W/unknown:ViewManagerPropertyUpdater( 8362): Could not find generated setter for class com.facebook.react.uimanager.LayoutShadowNode
W/unknown:ViewManagerPropertyUpdater( 8362): Could not find generated setter for class com.facebook.react.views.drawer.ReactDrawerLayoutManager
W/unknown:ViewManagerPropertyUpdater( 8362): Could not find generated setter for class com.facebook.react.views.picker.ReactDropdownPickerManager
W/unknown:ViewManagerPropertyUpdater( 8362): Could not find generated setter for class com.facebook.react.views.scroll.ReactHorizontalScrollViewManager
W/unknown:ViewManagerPropertyUpdater( 8362): Could not find generated setter for class com.facebook.react.views.image.ReactImageManager
W/unknown:ViewManagerPropertyUpdater( 8362): Could not find generated setter for class com.facebook.react.views.modal.ReactModalHostManager
W/unknown:ViewManagerPropertyUpdater( 8362): Could not find generated setter for class com.facebook.react.views.modal.ModalHostShadowNode
W/unknown:ViewManagerPropertyUpdater( 8362): Could not find generated setter for class com.facebook.react.views.progressbar.ReactProgressBarViewManager
W/unknown:ViewManagerPropertyUpdater( 8362): Could not find generated setter for class com.facebook.react.views.progressbar.ProgressBarShadowNode
W/unknown:ViewManagerPropertyUpdater( 8362): Could not find generated setter for class com.facebook.react.views.text.ReactRawTextManager
W/unknown:ViewManagerPropertyUpdater( 8362): Could not find generated setter for class com.facebook.react.views.text.ReactTextShadowNode
W/unknown:ViewManagerPropertyUpdater( 8362): Could not find generated setter for class com.facebook.react.views.scroll.ReactScrollViewManager
W/unknown:ViewManagerPropertyUpdater( 8362): Could not find generated setter for class com.facebook.react.views.slider.ReactSliderManager
W/unknown:ViewManagerPropertyUpdater( 8362): Could not find generated setter for class com.facebook.react.views.slider.ReactSliderManager$ReactSliderShadowNode
W/unknown:ViewManagerPropertyUpdater( 8362): Could not find generated setter for class com.facebook.react.views.switchview.ReactSwitchManager
W/unknown:ViewManagerPropertyUpdater( 8362): Could not find generated setter for class com.facebook.react.views.switchview.ReactSwitchManager$ReactSwitchShadowNode
W/unknown:ViewManagerPropertyUpdater( 8362): Could not find generated setter for class com.facebook.react.views.text.frescosupport.FrescoBasedReactTextInlineImageViewManager
W/unknown:ViewManagerPropertyUpdater( 8362): Could not find generated setter for class com.facebook.react.views.text.frescosupport.FrescoBasedReactTextInlineImageShadowNode
W/unknown:ViewManagerPropertyUpdater( 8362): Could not find generated setter for class com.facebook.react.views.textinput.ReactTextInputManager
W/unknown:ViewManagerPropertyUpdater( 8362): Could not find generated setter for class com.facebook.react.views.textinput.ReactTextInputShadowNode
W/unknown:ViewManagerPropertyUpdater( 8362): Could not find generated setter for class com.facebook.react.views.text.ReactTextViewManager
W/unknown:ViewManagerPropertyUpdater( 8362): Could not find generated setter for class com.facebook.react.views.toolbar.ReactToolbarManager
W/unknown:ViewManagerPropertyUpdater( 8362): Could not find generated setter for class com.facebook.react.views.view.ReactViewManager
W/unknown:ViewManagerPropertyUpdater( 8362): Could not find generated setter for class com.facebook.react.views.viewpager.ReactViewPagerManager
W/unknown:ViewManagerPropertyUpdater( 8362): Could not find generated setter for class com.facebook.react.views.text.ReactVirtualTextViewManager
W/unknown:ViewManagerPropertyUpdater( 8362): Could not find generated setter for class com.facebook.react.views.webview.ReactWebViewManager
W/unknown:ViewManagerPropertyUpdater( 8362): Could not find generated setter for class com.facebook.react.views.recyclerview.RecyclerViewBackedScrollViewManager
W/unknown:ViewManagerPropertyUpdater( 8362): Could not find generated setter for class com.facebook.react.views.swiperefresh.SwipeRefreshLayoutManager
W/unknown:ViewManagerPropertyUpdater( 8362): Could not find generated setter for class com.facebook.reactnative.androidsdk.FBLikeViewManager
W/unknown:ViewManagerPropertyUpdater( 8362): Could not find generated setter for class com.facebook.reactnative.androidsdk.FBLoginButtonManager
W/unknown:ViewManagerPropertyUpdater( 8362): Could not find generated setter for class com.facebook.reactnative.androidsdk.FBSendButtonManager
W/unknown:ViewManagerPropertyUpdater( 8362): Could not find generated setter for class com.facebook.reactnative.androidsdk.FBShareButtonManager
I/dalvikvm( 8362): Could not find method android.webkit.CookieManager.setCookie, referenced from method com.facebook.react.modules.network.ForwardingCookieHandler.addCookieAsync
W/dalvikvm( 8362): VFY: unable to resolve virtual method 19132: Landroid/webkit/CookieManager;.setCookie (Ljava/lang/String;Ljava/lang/String;Landroid/webkit/ValueCallback;)V
I/dalvikvm( 8362): Could not find method android.webkit.CookieManager.removeAllCookies, referenced from method com.facebook.react.modules.network.ForwardingCookieHandler.clearCookiesAsync
W/dalvikvm( 8362): VFY: unable to resolve virtual method 19129: Landroid/webkit/CookieManager;.removeAllCookies (Landroid/webkit/ValueCallback;)V
I/dalvikvm( 8362): Could not find method android.webkit.CookieManager.flush, referenced from method com.facebook.react.modules.network.ForwardingCookieHandler$CookieSaver.flush
W/dalvikvm( 8362): VFY: unable to resolve virtual method 19125: Landroid/webkit/CookieManager;.flush ()V
I/dalvikvm( 8362): Could not find method android.content.Context.checkSelfPermission, referenced from method com.facebook.react.modules.permissions.PermissionsModule.checkPermission
W/dalvikvm( 8362): VFY: unable to resolve virtual method 472: Landroid/content/Context;.checkSelfPermission (Ljava/lang/String;)I
I/dalvikvm( 8362): Could not find method android.content.Context.checkSelfPermission, referenced from method com.facebook.react.modules.permissions.PermissionsModule.requestMultiplePermissions
W/dalvikvm( 8362): VFY: unable to resolve virtual method 472: Landroid/content/Context;.checkSelfPermission (Ljava/lang/String;)I
I/dalvikvm( 8362): Could not find method android.content.Context.checkSelfPermission, referenced from method com.facebook.react.modules.permissions.PermissionsModule.requestPermission
W/dalvikvm( 8362): VFY: unable to resolve virtual method 472: Landroid/content/Context;.checkSelfPermission (Ljava/lang/String;)I
W/ModelSpecificDistanceCalculator( 8362): Cannot find match for this device.  Using default
W/ModelSpecificDistanceCalculator( 8362): Cannot find match for this device.  Using default
I/dalvikvm( 8362): Could not find method android.widget.ImageView.<init>, referenced from method com.facebook.drawee.view.DraweeView.<init>
W/dalvikvm( 8362): VFY: unable to resolve direct method 19408: Landroid/widget/ImageView;.<init> (Landroid/content/Context;Landroid/util/AttributeSet;II)V
I/dalvikvm( 8362): Could not find method com.facebook.drawee.view.DraweeView.getImageTintList, referenced from method com.facebook.drawee.view.DraweeView.init
W/dalvikvm( 8362): VFY: unable to resolve virtual method 23157: Lcom/facebook/drawee/view/DraweeView;.getImageTintList ()Landroid/content/res/ColorStateList;
I/HwLockScreenImpl( 3033): onResume: 1
I/HwLockScreenImpl( 3033): Do not need screenshot
I/LockScreenCallbackImpl( 3033): refreshLockScreenInfo
I/LockScreenCallbackImpl( 3033): getSimState
I/LockScreenCallbackImpl( 3033): traverseCardStatus : mUpdateMonitor.getSimState(0)=READY
I/LockScreenCallbackImpl( 3033): getCurrentStatus simState=READY
E/AudioFlinger( 2426): setLppDtsGeq():invalid keyValue of dts geq.
I/ReactNativeJS( 8362): Running application "AwesomeProject" with appParams: {"initialProps":{},"rootTag":1}. __DEV__ === true, development-level warning are ON, performance optimizations are OFF
I/dalvikvm( 8362): Could not find method android.text.StaticLayout$Builder.obtain, referenced from method com.facebook.react.views.text.ReactTextShadowNode$1.measure
W/dalvikvm( 8362): VFY: unable to resolve static method 17992: Landroid/text/StaticLayout$Builder;.obtain (Ljava/lang/CharSequence;IILandroid/text/TextPaint;I)Landroid/text/StaticLayout$Builder;
I/dalvikvm( 8362): Could not find method android.text.StaticLayout$Builder.obtain, referenced from method com.facebook.react.views.text.ReactTextShadowNode$1.measure
W/dalvikvm( 8362): VFY: unable to resolve static method 17992: Landroid/text/StaticLayout$Builder;.obtain (Ljava/lang/CharSequence;IILandroid/text/TextPaint;I)Landroid/text/StaticLayout$Builder;
W/unknown:ViewManagerPropertyUpdater( 8362): Could not find generated setter for class com.facebook.react.views.text.ReactVirtualTextShadowNode
I/BeaconBle(31908): Client requested scan, settings=BleSettings [scanMode=LOW_LATENCY, callbackType=ALL_MATCHES, reportDelayMillis=0, 6 filters, 1 clients, callingClientName=Nearby], listener=geo@435961d0
I/PGFreezeAdapter( 3244): setAlarmsPending [false] -> [[]]
I/AppsCleanUp( 3244): success pending alarm state:false
I/dalvikvm( 8362): Could not find method android.content.Context.getNoBackupFilesDir, referenced from method com.google.android.gms.common.util.zzx.getNoBackupFilesDir
W/dalvikvm( 8362): VFY: unable to resolve virtual method 495: Landroid/content/Context;.getNoBackupFilesDir ()Ljava/io/File;
W/bt-btif (31040):  bta_dm_ble_observe BTM_BleObserve  failed. status 2
I/ReactNativeJS( 8362): 'TOKEN:', { token: 'd5_hxdRStso:APA91bEtIY_B3NmPjefevdwAWflnuqTDrHeePUz7MpeDO3AMVXgiZg5phTCghliCEz5rR8OebgUsjDLDWIa-kNhlfpnFoC0wNZF9DXN6VVT0pIeEqRtbonTaTGQuBDcmk7V3bSVqiLBt',
I/ReactNativeJS( 8362):   os: 'android' }
I/ReactNativeJS( 8362): 'TOKEN:', { token: 'd5_hxdRStso:APA91bEtIY_B3NmPjefevdwAWflnuqTDrHeePUz7MpeDO3AMVXgiZg5phTCghliCEz5rR8OebgUsjDLDWIa-kNhlfpnFoC0wNZF9DXN6VVT0pIeEqRtbonTaTGQuBDcmk7V3bSVqiLBt',
I/ReactNativeJS( 8362):   os: 'android' }
W/dalvikvm( 8362): VFY: unable to find class referenced in signature (Landroid/graphics/Outline;)
I/dalvikvm( 8362): Could not find method android.graphics.drawable.Drawable.getOutline, referenced from method com.facebook.react.views.view.ReactViewBackgroundDrawable.getOutline
W/dalvikvm( 8362): VFY: unable to resolve virtual method 1129: Landroid/graphics/drawable/Drawable;.getOutline (Landroid/graphics/Outline;)V
I/dalvikvm( 8362): Could not find method android.graphics.Outline.setConvexPath, referenced from method com.facebook.react.views.view.ReactViewBackgroundDrawable.getOutline
W/dalvikvm( 8362): VFY: unable to resolve virtual method 954: Landroid/graphics/Outline;.setConvexPath (Landroid/graphics/Path;)V
I/dalvikvm( 8362): Could not find method android.graphics.Outline.setRect, referenced from method com.facebook.react.views.view.ReactViewBackgroundDrawable.getOutline
W/dalvikvm( 8362): VFY: unable to resolve virtual method 955: Landroid/graphics/Outline;.setRect (Landroid/graphics/Rect;)V
I/dalvikvm( 8362): Could not find method com.facebook.react.views.text.ReactTextView.getBreakStrategy, referenced from method com.facebook.react.views.text.ReactTextView.setText
W/dalvikvm( 8362): VFY: unable to resolve virtual method 32341: Lcom/facebook/react/views/text/ReactTextView;.getBreakStrategy ()I
I/dalvikvm( 8362): Could not find method android.content.res.Resources.getDrawable, referenced from method com.facebook.react.views.view.ReactDrawableHelper.createDrawableFromJSDescription
W/dalvikvm( 8362): VFY: unable to resolve virtual method 697: Landroid/content/res/Resources;.getDrawable (ILandroid/content/res/Resources$Theme;)Landroid/graphics/drawable/Drawable;
E/dalvikvm( 8362): Could not find class 'android.graphics.drawable.RippleDrawable', referenced from method com.facebook.react.views.view.ReactDrawableHelper.createDrawableFromJSDescription
W/dalvikvm( 8362): VFY: unable to resolve new-instance 207 (Landroid/graphics/drawable/RippleDrawable;) in Lcom/facebook/react/views/view/ReactDrawableHelper;
I/dalvikvm( 8362): Could not find method android.content.Context.getColorStateList, referenced from method android.support.v7.content.res.AppCompatResources.getColorStateList
W/dalvikvm( 8362): VFY: unable to resolve virtual method 484: Landroid/content/Context;.getColorStateList (I)Landroid/content/res/ColorStateList;
I/HwLockScreenImpl( 3033): onTrigger startActivity intent=null
I/PhoneStatusBar( 3082): hw_status_bar_operators = false, setSystemUIVisibily(SHOW_OPERATOR = false)
I/HwUpdateMonitor( 3033): unRegisterCallback com.android.huawei.hwlockscreen.utils.EventNotifyView$1@456e4c78, callback size = 2
I/Authzen (22975): [DeviceStateSyncManager] Device state fast sync is disabled
I/InfoCenterView( 3033): unRegisterCallback com.android.huawei.music.HwMusicView$2@43209fb8, callback size = 1
I/CameraLayout( 3033): onDetachedFromWindow
I/HwMusicManager( 3033): unRegisterMusicObserver 
I/HwUpdateMonitor( 3033): unRegisterCallback com.android.huawei.hwlockscreen.infocenter.InfoCenterView$1@467d55b8, callback size = 1
I/HwUpdateMonitor( 3033): unRegisterMonitor
I/bt-hci  (31040): BLE HCI(id=62) event = 0x02)
I/bt-hci  (31040): btu_ble_process_adv_pkt
I/bt-hci  (31040): BLE HCI(id=62) event = 0x02)
I/bt-hci  (31040): btu_ble_process_adv_pkt
W/bt-btm  (31040): BTM_SetConnectability
W/bt-btif (31040):  bta_dm_ble_observe BTM_BleObserve  failed. status 2
I/K3V3CpuGovernorPolicy( 3244): close previously scene Hmp policy : 300 , 150
E/CommandListener( 2418): readDefRoute call readDefRoute
E/SecondaryTablController( 2418): isWifiDefaultRouteExisted /system/bin/ip route
W/bt-btm  (31040): BTM_SetConnectability
W/bt-btif (31040):  bta_dm_ble_observe BTM_BleObserve  failed. status 2
W/bt-btm  (31040): BTM_SetConnectability
W/bt-btif (31040):  bta_dm_ble_observe BTM_BleObserve  failed. status 2
I/Finsky  ( 8229): [1595] com.google.android.finsky.f.f.run(2154): Replicating app states via DFE.
I/Finsky  ( 8229): [1595] com.google.android.finsky.f.d.a(319): Completed 0 account content syncs with 0 successful.
I/Finsky  ( 8229): [1] com.google.android.finsky.services.j.a(149): Installation state replication succeeded.
E/CommandListener( 2418): readDefRoute Rsp ok
I/bt-hci  (31040): BLE HCI(id=62) event = 0x02)
I/bt-hci  (31040): btu_ble_process_adv_pkt
W/bt-btm  (31040): BTM_SetConnectability
W/bt-btif (31040):  bta_dm_ble_observe BTM_BleObserve  failed. status 2
W/Settings( 2928): Setting device_provisioned has moved from android.provider.Settings.Secure to android.provider.Settings.Global.
I/bt-hci  (31040): BLE HCI(id=62) event = 0x02)
I/bt-hci  (31040): btu_ble_process_adv_pkt
W/bt-btm  (31040): BTM_SetConnectability
W/bt-btif (31040):  bta_dm_ble_observe BTM_BleObserve  failed. status 2
W/bt-btm  (31040): BTM_SetConnectability
W/bt-btif (31040):  bta_dm_ble_observe BTM_BleObserve  failed. status 2
I/wpa_supplicant(15735): wlan0: HEART-BEAT-ACK: 284
W/Settings( 3082): Setting airplane_mode_on has moved from android.provider.Settings.System to android.provider.Settings.Global, returning read-only value.
E/Thermal-daemon( 2431): [pa_0] temp_new :31  temp_old :30
E/Thermal-daemon( 2431): [flash_led] temp_new :33  temp_old :32
E/Thermal-daemon( 2431): [ap] temp_new :35  temp_old :34
W/bt-btm  (31040): BTM_SetConnectability
W/bt-btif (31040):  bta_dm_ble_observe BTM_BleObserve  failed. status 2
I/BeaconBle(31908): Client requested scan, settings=BleSettings [scanMode=ZERO_POWER, callbackType=ALL_MATCHES, reportDelayMillis=0, 6 filters, 1 clients, callingClientName=Nearby], listener=geo@435961d0
W/bt-btm  (31040): BTM_SetConnectability
I/BeaconBle(31908): Scan : No clients left, canceling alarm.
W/bt-btm  (31040): BTM_SetConnectability
I/bt-hci  (31040): BLE HCI(id=62) event = 0x02)
I/bt-hci  (31040): btu_ble_process_adv_pkt
W/bt-btm  (31040): BTM_SetConnectability
I/bt-hci  (31040): BLE HCI(id=62) event = 0x02)
I/bt-hci  (31040): btu_ble_process_adv_pkt
I/bt-hci  (31040): BLE HCI(id=62) event = 0x02)
I/bt-hci  (31040): btu_ble_process_adv_pkt
W/bt-btm  (31040): BTM_SetConnectability
I/StatusBar.KeyButtonView( 3082): action=0, flags=0, when=23609999, repeatCount=0, mDownTime=23609999, mCode=3
I/StatusBar.KeyButtonView( 3082): action=1, flags=0, when=23610116, repeatCount=0, mDownTime=23609999, mCode=3
E/HwLauncher( 3303): Launcher dialog dismiss failed : java.lang.IllegalArgumentException: no dialog with id 1 was ever shown via Activity#showDialog
I/K3V3CpuGovernorPolicy( 3244): set scene Hmp policy : 300 , 150
I/HwLauncher( 3303): DynamicIcon onWindowVisibilityChanged 4 - com.android.deskclock
I/HwLauncher( 3303): DynamicIcon onWindowVisibilityChanged 4 - com.android.calendar
I/HwLauncher( 3303): Launcher  onNewIntent mIsToUninstallApp = false
E/HwLauncher( 3303): Launcher dialog dismiss failed : java.lang.IllegalArgumentException: no dialog with id 1 was ever shown via Activity#showDialog
W/HwLauncher( 3303): Launcher null folder is animating process
I/HwLauncher( 3303): Launcher onStart()
I/HwLauncher( 3303): Launcher dynamicIconsRegister
I/HwLauncher( 3303): DynamicUpdater registerReceiver
I/HwLauncher( 3303): DynamicIconData , getDrawableForDynamic begin, pkg = com.android.deskclock, picName = deskclock_bg
I/HwLauncher( 3303): DynamicIconData , getDrawableForDynamic end, pkg = com.android.deskclock, picName = deskclock_bg
I/HwLauncher( 3303): ClockDynamicUpdater calender update folder at CalenderDynamicUpdater
I/HwLauncher( 3303): DynamicUpdater call updateFolder
I/HwLauncher( 3303): DynamicUpdater call updateFolder
I/HwLauncher( 3303): DynamicIcon onResume  isvisible = false   mAttachedToWindow:true    mWindowVisible:falsecom.android.deskclock
I/HwLauncher( 3303): DynamicUpdater registerReceiver
I/HwLauncher( 3303): DynamicUpdater call updateFolder
I/HwLauncher( 3303): DynamicIcon onResume  isvisible = false   mAttachedToWindow:true    mWindowVisible:falsecom.android.calendar
I/HwLauncher( 3303): DynamicUpdater registerReceiver
I/HwLauncher( 3303): DynamicUpdater call updateFolder
I/HwLauncher( 3303): WeatherDynamicUpdaterpositiveUpdate at WeatherDynamicUpdater
I/HwLauncher( 3303): DynamicIcon onResume  isvisible = true   mAttachedToWindow:false    mWindowVisible:falsecom.huawei.android.totemweather
I/HwLauncher( 3303): Launcher onResume()
I/HwLauncher( 3303): Launcher doResumeWork()
W/MotionDetectionManager( 3303): startMotionAppsReco motionApps: 402 disabled
W/HwLauncher( 3303): Launcher.MotionManager failed to start TYPE_SHAKE_CHANGE_WALLPAPER
I/HwLauncher( 3303): Launcher.MotionManager startShakeMotion mIsShakeInHome=true
W/MotionDetectionManager( 3303): startMotionAppsReco motionApps: 404 disabled
W/HwLauncher( 3303): Launcher.MotionManager failed to start TYPE_SHAKE_START_PRIVACY
I/HwLauncher( 3303): PagedView snapToPage.getChildOffset(): 0
I/HwLauncher( 3303): PagedView snapToPage.getRelativeChildOffset(): 1080, 1080
I/HwLauncher( 3303): Launcher changeNaviBarStatus
W/HwLauncher( 3303): Launcher  updateMarginLayoutParamsForView:the target view is null.
I/HwLauncher( 3303): Launcher  onResume mIsToUninstallApp = false
I/HwLauncher( 3303): DynamicIcon onVisibilityChanged 0 - com.android.deskclock
I/HwLauncher( 3303): DynamicIcon onVisibilityChanged 0 - com.android.calendar
I/HwLauncher( 3303): DynamicIcon onWindowVisibilityChanged 0 - com.android.deskclock
I/HwLauncher( 3303): DynamicIcon onWindowVisibilityChanged 0 - com.android.calendar
I/PhoneStatusBar( 3082): hw_status_bar_operators = false, setSystemUIVisibily(SHOW_OPERATOR = false)
I/HwLauncher( 3303): WeatherDynamicUpdaterreceive action = com.huawei.android.action.launcher_weather_icon_change
I/HwLauncher( 3303): WeatherDynamicUpdaterreceiver data is int[] = [0, 0, 4, 0, 2, 0, 0, 0]
I/HwLauncher( 3303):  stringArray[] [mostlycloudy, num2, num2, tempc]
I/bt-hci  (31040): BLE HCI(id=62) event = 0x02)
I/bt-hci  (31040): btu_ble_process_adv_pkt
I/PhoneStatusBar( 3082): hw_status_bar_operators = false, setSystemUIVisibily(SHOW_OPERATOR = false)
W/bt-btm  (31040): BTM_SetConnectability
I/CAPALiteReceiver( 3244): USER STATE: STATIONARY SUB STATE: UNKNOWN
I/K3V3CpuGovernorPolicy( 3244): close previously scene Hmp policy : 300 , 150
W/Settings( 2928): Setting device_provisioned has moved from android.provider.Settings.Secure to android.provider.Settings.Global.
I/bt-hci  (31040): BLE HCI(id=62) event = 0x02)
I/bt-hci  (31040): btu_ble_process_adv_pkt
I/bt-hci  (31040): BLE HCI(id=62) event = 0x02)
I/bt-hci  (31040): btu_ble_process_adv_pkt
W/Settings( 3082): Setting airplane_mode_on has moved from android.provider.Settings.System to android.provider.Settings.Global, returning read-only value.
I/PhoneStatusBar( 3082): hw_status_bar_operators = false, setSystemUIVisibily(SHOW_OPERATOR = false)
I/bt-hci  (31040): BLE HCI(id=62) event = 0x02)
I/bt-hci  (31040): btu_ble_process_adv_pkt
W/bt-btm  (31040): BTM_SetConnectability
I/bt-hci  (31040): BLE HCI(id=62) event = 0x02)
I/bt-hci  (31040): btu_ble_process_adv_pkt
I/bt-hci  (31040): BLE HCI(id=62) event = 0x02)
I/bt-hci  (31040): btu_ble_process_adv_pkt
I/BluetoothAdapterState(31040): Bluetooth adapter state changed: 12-> 13
W/bt-btm  (31040): BTM_SetDiscoverability
I/BluetoothAdapterState(31040): Entering PendingCommandState State: isTurningOn()=false, isTurningOff()=true
W/bt-btm  (31040): BTM_SetConnectability
I/BluetoothAdapterProperties(31040): adapterPropertyChangedCallback with type:7 len:4
W/bt-btif (31040): btif_disable_bluetooth, btif_core_radio_ref_count=1
W/bt-btif (31040): BTIF DISABLE BLUETOOTH
E/bt-btif (31040): bta_jv_rfcomm_stop_server
E/bt-btif (31040): bta_jv_rfcomm_stop_server
E/bt-btif (31040): bta_jv_rfcomm_stop_server
W/bt-btif (31040): bta_dm_disable
E/BtOppRfcommListener(31040): Error accept connection java.io.IOException: read failed, socket might closed or timeout, read ret: -1
W/bt-btif (31040): bta_sys_disable: module 0
W/bt-btm  (31040): BTM_SetDiscoverability
W/bt-btm  (31040): BTM_SetConnectability
W/bt-btif (31040): bta_dm_disable BTA_DISABLE_DELAY set to 200 ms
W/bt-l2cap(31040): L2CAP - PSM: 0x0019 not found for deregistration
W/bt-l2cap(31040): L2CAP - PSM: 0x0017 not found for deregistration
W/bt-btm  (31040): BTM_SetConnectability
W/bt-btm  (31040): BTM_SetConnectability
I/BtOppRfcommListener(31040): stopping Accept Thread
I/BtOppRfcommListener(31040): BluetoothSocket listen thread finished
I/ReactNativeJS( 8362): BACKGROUND SCAN
I/ReactNativeJS( 8362): Beacons monitoring started successfully
I/ReactNativeJS( 8362): 'TOKEN:', { token: 'd5_hxdRStso:APA91bEtIY_B3NmPjefevdwAWflnuqTDrHeePUz7MpeDO3AMVXgiZg5phTCghliCEz5rR8OebgUsjDLDWIa-kNhlfpnFoC0wNZF9DXN6VVT0pIeEqRtbonTaTGQuBDcmk7V3bSVqiLBt',
I/ReactNativeJS( 8362):   os: 'android' }
I/ReactNativeJS( 8362): 'TOKEN:', { token: 'd5_hxdRStso:APA91bEtIY_B3NmPjefevdwAWflnuqTDrHeePUz7MpeDO3AMVXgiZg5phTCghliCEz5rR8OebgUsjDLDWIa-kNhlfpnFoC0wNZF9DXN6VVT0pIeEqRtbonTaTGQuBDcmk7V3bSVqiLBt',
I/ReactNativeJS( 8362):   os: 'android' }
W/Settings( 3082): Setting airplane_mode_on has moved from android.provider.Settings.System to android.provider.Settings.Global, returning read-only value.
I/ReactNativeJS( 8362): BACKGROUND SCAN
I/ReactNativeJS( 8362): Beacons monitoring started successfully
W/bt-btif (31040): bta_dm_disable_conn_down_timer_cback
W/bt-btif (31040): bta_dm_disable_conn_down_timer_cback:sending BTA_SYS_API_DISABLE_EVT
W/bt-btif (31040): bta_sys_hw_api_disable for 0, active modules: 0x0001
W/bt-btif (31040): bta_sys_disable: module 0
W/bt-btif (31040): call bta_sys_hw_co_disable
W/bt-btif (31040): sending BTA_SYS_EVT_DISABLED_EVT
W/bt-btif (31040): bta_sys_hw_evt_disabled - module 0x0
W/bt-btif (31040):  bta_dm_sys_hw_cback with event: 0
W/bt-btif (31040): btif_disable_bluetooth_evt, btif_core_is_radio_req = 0
W/bt-btif (31040): btif_dm_disable_bt_services
W/bt-btif (31040): btif_dm_disable_bt_services i=6
W/bt-btif (31040): ag scb idx 1 not allocated
E/bt-btif (31040): BTA AG is already disabled, ignoring ...
W/bt-btif (31040): btif_dm_disable_bt_services i=18
W/bt-l2cap(31040): L2CAP - PSM: 0x0019 not found for deregistration
W/bt-l2cap(31040): L2CAP - PSM: 0x0017 not found for deregistration
W/bt-l2cap(31040): L2CAP - PSM: 0x0019 not found for deregistration
W/bt-l2cap(31040): L2CAP - PSM: 0x0017 not found for deregistration
W/bt-l2cap(31040): L2CAP - PSM: 0x0019 not found for deregistration
W/bt-l2cap(31040): L2CAP - PSM: 0x0017 not found for deregistration
W/bt-btif (31040): btif_dm_disable_bt_services i=20
W/bt-btif (31040): bte_main_enable_lpm
W/bt-btif (31040): bte_main_disable
I/bt_hci_bdroid(31040): bt_hc_worker_thread exiting
W/bt_userial(31040): select_read return size <=0:-1, exiting userial_read_thread
I/bt_userial_vendor(31040): device fd = 84 close
I/BTAPP_FM(31040): btapp_fm_disable: current_bta_path = 0x1
I/BTL-IFS (31040): BTL_IF_UnregisterSubSystem: Unregistered subsystem [FM]
I/BTAPP_FM(31040): fm_app_task is exiting.
I/GKI_LINUX(31040): gki_task_entry: gki_task task_id=3 [APPL] terminating
I/GKI_LINUX(31040): GKI_exit_task: GKI_exit_task 3 done
I/GKI_LINUX(31040): GKI_destroy_task: GKI_shutdown(): task [APPL] terminated
I/GKI_LINUX(31040): gki_task_entry: gki_task task_id=0 [BTU] terminating
I/GKI_LINUX(31040): GKI_exit_task: GKI_exit_task 0 done
I/GKI_LINUX(31040): GKI_destroy_task: GKI_shutdown(): task [BTU] terminated
W/BluetoothAdapterService(31040): Stopping service com.android.bluetooth.hfp.HeadsetService
W/BluetoothAdapterService(31040): Stopping service com.android.bluetooth.a2dp.A2dpService
W/BluetoothAdapterService(31040): Stopping service com.android.bluetooth.hid.HidService
W/BluetoothAdapterService(31040): Stopping service com.android.bluetooth.hdp.HealthService
I/ReactNativeJS( 8362): 'TOKEN:', { token: 'd5_hxdRStso:APA91bEtIY_B3NmPjefevdwAWflnuqTDrHeePUz7MpeDO3AMVXgiZg5phTCghliCEz5rR8OebgUsjDLDWIa-kNhlfpnFoC0wNZF9DXN6VVT0pIeEqRtbonTaTGQuBDcmk7V3bSVqiLBt',
I/ReactNativeJS( 8362):   os: 'android' }
W/BluetoothAdapterService(31040): Stopping service com.android.bluetooth.pan.PanService
W/BluetoothAdapterService(31040): Stopping service com.android.bluetooth.gatt.GattService
W/BluetoothHeadsetServiceJni(31040): Cleaning up Bluetooth Handsfree Interface...
W/BluetoothHeadsetServiceJni(31040): Cleaning up Bluetooth Handsfree callback object
W/BluetoothAdapterService(31040): Stopping service com.android.bluetooth.map.BluetoothMapService
I/GKI_LINUX(31040): gki_task_entry: gki_task task_id=2 [A2DP-MEDIA] terminating
I/ReactNativeJS( 8362): 'TOKEN:', { token: 'd5_hxdRStso:APA91bEtIY_B3NmPjefevdwAWflnuqTDrHeePUz7MpeDO3AMVXgiZg5phTCghliCEz5rR8OebgUsjDLDWIa-kNhlfpnFoC0wNZF9DXN6VVT0pIeEqRtbonTaTGQuBDcmk7V3bSVqiLBt',
I/ReactNativeJS( 8362):   os: 'android' }
I/GKI_LINUX(31040): GKI_exit_task: GKI_exit_task 2 done
I/GKI_LINUX(31040): GKI_destroy_task: GKI_shutdown(): task [A2DP-MEDIA] terminated
E/BluetoothTethering( 2928): attempted to stop reverse tether with nothing tethered
W/BluetoothHidServiceJni(31040): Cleaning up Bluetooth HID Interface...
W/bt-btif (31040): cleanup: HH disabling or disabled already, status = 0
W/BluetoothHidServiceJni(31040): Cleaning up Bluetooth GID callback object
W/BluetoothHealthServiceJni(31040): Cleaning up Bluetooth Health Interface...
W/BluetoothHealthServiceJni(31040): Cleaning up Bluetooth Health object
W/BluetoothPanServiceJni(31040): Cleaning up Bluetooth PAN Interface...
W/BluetoothPanServiceJni(31040): Cleaning up Bluetooth PAN callback object
I/BluetoothAdapterState(31040): Bluetooth adapter state changed: 13-> 10
I/BluetoothAdapterState(31040): Entering OffState
I/BeaconBle(31908): Client requested to stop, listener=geo@435961d0
I/BeaconBle(31908): Scan : No clients left, canceling alarm.
I/BeaconBle(31908): Scan canceled successfully.
I/GKI_LINUX(31040): gki_task_entry: gki_task task_id=1 [BTIF] terminating
I/GKI_LINUX(31040): GKI_exit_task: GKI_exit_task 1 done
I/GKI_LINUX(31040): GKI_destroy_task: GKI_shutdown(): task [BTIF] terminated
W/bt-btif (31040): btif_shutdown_bluetooth done
I/BluetoothServiceJni(31040): cleanupNative: return from cleanup
I/BluetoothServiceJni(31040): OoO sJniCallbacksObj has init before clean? 1
W/NearbyMessages(31908): NetworkPollManager:  No operations for client(com.google.android.gms#0p:discoverer). It should not be in the tracker.
W/NearbyMessages(31908): NetworkPollManager:  RPC was requested, but deemed unnecessary.
W/bt-btif (31040): GATTC Module not enabled/already disabled
W/bt-btif (31040): GATTS Module not enabled/already disabled
I/ReactNativeJS( 8362): BACKGROUND SCAN
I/ReactNativeJS( 8362): Beacons monitoring started successfully
I/EasyUnlock( 3380): [EasyUnlockService] EasyUnlock not enabled, skipping initialization.
W/Settings( 3082): Setting airplane_mode_on has moved from android.provider.Settings.System to android.provider.Settings.Global, returning read-only value.
I/ReactNativeJS( 8362): 'TOKEN:', { token: 'd5_hxdRStso:APA91bEtIY_B3NmPjefevdwAWflnuqTDrHeePUz7MpeDO3AMVXgiZg5phTCghliCEz5rR8OebgUsjDLDWIa-kNhlfpnFoC0wNZF9DXN6VVT0pIeEqRtbonTaTGQuBDcmk7V3bSVqiLBt',
I/ReactNativeJS( 8362):   os: 'android' }
I/ReactNativeJS( 8362): 'TOKEN:', { token: 'd5_hxdRStso:APA91bEtIY_B3NmPjefevdwAWflnuqTDrHeePUz7MpeDO3AMVXgiZg5phTCghliCEz5rR8OebgUsjDLDWIa-kNhlfpnFoC0wNZF9DXN6VVT0pIeEqRtbonTaTGQuBDcmk7V3bSVqiLBt',
I/ReactNativeJS( 8362):   os: 'android' }
W/NearbyMessages(31908): NetworkPollManager:  RPC was requested, but deemed unnecessary.
I/ReactNativeJS( 8362): BACKGROUND SCAN
I/ReactNativeJS( 8362): Beacons monitoring started successfully
I/ReactNativeJS( 8362): 'TOKEN:', { token: 'd5_hxdRStso:APA91bEtIY_B3NmPjefevdwAWflnuqTDrHeePUz7MpeDO3AMVXgiZg5phTCghliCEz5rR8OebgUsjDLDWIa-kNhlfpnFoC0wNZF9DXN6VVT0pIeEqRtbonTaTGQuBDcmk7V3bSVqiLBt',
I/ReactNativeJS( 8362):   os: 'android' }
I/ReactNativeJS( 8362): 'TOKEN:', { token: 'd5_hxdRStso:APA91bEtIY_B3NmPjefevdwAWflnuqTDrHeePUz7MpeDO3AMVXgiZg5phTCghliCEz5rR8OebgUsjDLDWIa-kNhlfpnFoC0wNZF9DXN6VVT0pIeEqRtbonTaTGQuBDcmk7V3bSVqiLBt',
I/ReactNativeJS( 8362):   os: 'android' }
I/ReactNativeJS( 8362): BACKGROUND SCAN
I/ReactNativeJS( 8362): Beacons monitoring started successfully
I/ReactNativeJS( 8362): 'TOKEN:', { token: 'd5_hxdRStso:APA91bEtIY_B3NmPjefevdwAWflnuqTDrHeePUz7MpeDO3AMVXgiZg5phTCghliCEz5rR8OebgUsjDLDWIa-kNhlfpnFoC0wNZF9DXN6VVT0pIeEqRtbonTaTGQuBDcmk7V3bSVqiLBt',
I/ReactNativeJS( 8362):   os: 'android' }
I/ReactNativeJS( 8362): 'TOKEN:', { token: 'd5_hxdRStso:APA91bEtIY_B3NmPjefevdwAWflnuqTDrHeePUz7MpeDO3AMVXgiZg5phTCghliCEz5rR8OebgUsjDLDWIa-kNhlfpnFoC0wNZF9DXN6VVT0pIeEqRtbonTaTGQuBDcmk7V3bSVqiLBt',
I/ReactNativeJS( 8362):   os: 'android' }
I/ReactNativeJS( 8362): BACKGROUND SCAN
I/ReactNativeJS( 8362): Beacons monitoring started successfully
I/ReactNativeJS( 8362): 'TOKEN:', { token: 'd5_hxdRStso:APA91bEtIY_B3NmPjefevdwAWflnuqTDrHeePUz7MpeDO3AMVXgiZg5phTCghliCEz5rR8OebgUsjDLDWIa-kNhlfpnFoC0wNZF9DXN6VVT0pIeEqRtbonTaTGQuBDcmk7V3bSVqiLBt',
I/ReactNativeJS( 8362):   os: 'android' }
I/ReactNativeJS( 8362): 'TOKEN:', { token: 'd5_hxdRStso:APA91bEtIY_B3NmPjefevdwAWflnuqTDrHeePUz7MpeDO3AMVXgiZg5phTCghliCEz5rR8OebgUsjDLDWIa-kNhlfpnFoC0wNZF9DXN6VVT0pIeEqRtbonTaTGQuBDcmk7V3bSVqiLBt',
I/ReactNativeJS( 8362):   os: 'android' }
I/ReactNativeJS( 8362): BACKGROUND SCAN
I/ReactNativeJS( 8362): Beacons monitoring started successfully
I/ReactNativeJS( 8362): 'TOKEN:', { token: 'd5_hxdRStso:APA91bEtIY_B3NmPjefevdwAWflnuqTDrHeePUz7MpeDO3AMVXgiZg5phTCghliCEz5rR8OebgUsjDLDWIa-kNhlfpnFoC0wNZF9DXN6VVT0pIeEqRtbonTaTGQuBDcmk7V3bSVqiLBt',
I/ReactNativeJS( 8362):   os: 'android' }
I/ReactNativeJS( 8362): BACKGROUND SCAN
I/ReactNativeJS( 8362): Beacons monitoring started successfully
I/ReactNativeJS( 8362): 'TOKEN:', { token: 'd5_hxdRStso:APA91bEtIY_B3NmPjefevdwAWflnuqTDrHeePUz7MpeDO3AMVXgiZg5phTCghliCEz5rR8OebgUsjDLDWIa-kNhlfpnFoC0wNZF9DXN6VVT0pIeEqRtbonTaTGQuBDcmk7V3bSVqiLBt',
I/ReactNativeJS( 8362):   os: 'android' }
I/ReactNativeJS( 8362): 'TOKEN:', { token: 'd5_hxdRStso:APA91bEtIY_B3NmPjefevdwAWflnuqTDrHeePUz7MpeDO3AMVXgiZg5phTCghliCEz5rR8OebgUsjDLDWIa-kNhlfpnFoC0wNZF9DXN6VVT0pIeEqRtbonTaTGQuBDcmk7V3bSVqiLBt',
I/ReactNativeJS( 8362):   os: 'android' }
I/ReactNativeJS( 8362): 'TOKEN:', { token: 'd5_hxdRStso:APA91bEtIY_B3NmPjefevdwAWflnuqTDrHeePUz7MpeDO3AMVXgiZg5phTCghliCEz5rR8OebgUsjDLDWIa-kNhlfpnFoC0wNZF9DXN6VVT0pIeEqRtbonTaTGQuBDcmk7V3bSVqiLBt',
I/ReactNativeJS( 8362):   os: 'android' }
