I/ReactNativeJS( 7642): 'TOKEN:', { token: 'd5_hxdRStso:APA91bEtIY_B3NmPjefevdwAWflnuqTDrHeePUz7MpeDO3AMVXgiZg5phTCghliCEz5rR8OebgUsjDLDWIa-kNhlfpnFoC0wNZF9DXN6VVT0pIeEqRtbonTaTGQuBDcmk7V3bSVqiLBt',
I/ReactNativeJS( 7642):   os: 'android' }
W/NearbyMessages(31908): NetworkPollManager:  RPC was requested, but deemed unnecessary.
I/ReactNativeJS( 7642): BACKGROUND SCAN
I/ReactNativeJS( 7642): Beacons monitoring started successfully
I/ReactNativeJS( 7642): 'TOKEN:', { token: 'd5_hxdRStso:APA91bEtIY_B3NmPjefevdwAWflnuqTDrHeePUz7MpeDO3AMVXgiZg5phTCghliCEz5rR8OebgUsjDLDWIa-kNhlfpnFoC0wNZF9DXN6VVT0pIeEqRtbonTaTGQuBDcmk7V3bSVqiLBt',
I/ReactNativeJS( 7642):   os: 'android' }
I/ReactNativeJS( 7642): 'TOKEN:', { token: 'd5_hxdRStso:APA91bEtIY_B3NmPjefevdwAWflnuqTDrHeePUz7MpeDO3AMVXgiZg5phTCghliCEz5rR8OebgUsjDLDWIa-kNhlfpnFoC0wNZF9DXN6VVT0pIeEqRtbonTaTGQuBDcmk7V3bSVqiLBt',
I/ReactNativeJS( 7642):   os: 'android' }
I/ReactNativeJS( 7642): BACKGROUND SCAN
I/ReactNativeJS( 7642): Beacons monitoring started successfully
I/ReactNativeJS( 7642): 'TOKEN:', { token: 'd5_hxdRStso:APA91bEtIY_B3NmPjefevdwAWflnuqTDrHeePUz7MpeDO3AMVXgiZg5phTCghliCEz5rR8OebgUsjDLDWIa-kNhlfpnFoC0wNZF9DXN6VVT0pIeEqRtbonTaTGQuBDcmk7V3bSVqiLBt',
I/ReactNativeJS( 7642):   os: 'android' }
I/ReactNativeJS( 7642): 'TOKEN:', { token: 'd5_hxdRStso:APA91bEtIY_B3NmPjefevdwAWflnuqTDrHeePUz7MpeDO3AMVXgiZg5phTCghliCEz5rR8OebgUsjDLDWIa-kNhlfpnFoC0wNZF9DXN6VVT0pIeEqRtbonTaTGQuBDcmk7V3bSVqiLBt',
I/ReactNativeJS( 7642):   os: 'android' }
I/ReactNativeJS( 7642): BACKGROUND SCAN
I/ReactNativeJS( 7642): Beacons monitoring started successfully
I/ReactNativeJS( 7642): 'TOKEN:', { token: 'd5_hxdRStso:APA91bEtIY_B3NmPjefevdwAWflnuqTDrHeePUz7MpeDO3AMVXgiZg5phTCghliCEz5rR8OebgUsjDLDWIa-kNhlfpnFoC0wNZF9DXN6VVT0pIeEqRtbonTaTGQuBDcmk7V3bSVqiLBt',
I/ReactNativeJS( 7642):   os: 'android' }
I/ReactNativeJS( 7642): 'TOKEN:', { token: 'd5_hxdRStso:APA91bEtIY_B3NmPjefevdwAWflnuqTDrHeePUz7MpeDO3AMVXgiZg5phTCghliCEz5rR8OebgUsjDLDWIa-kNhlfpnFoC0wNZF9DXN6VVT0pIeEqRtbonTaTGQuBDcmk7V3bSVqiLBt',
I/ReactNativeJS( 7642):   os: 'android' }
I/ReactNativeJS( 7642): BACKGROUND SCAN
I/ReactNativeJS( 7642): Beacons monitoring started successfully
I/ReactNativeJS( 7642): 'TOKEN:', { token: 'd5_hxdRStso:APA91bEtIY_B3NmPjefevdwAWflnuqTDrHeePUz7MpeDO3AMVXgiZg5phTCghliCEz5rR8OebgUsjDLDWIa-kNhlfpnFoC0wNZF9DXN6VVT0pIeEqRtbonTaTGQuBDcmk7V3bSVqiLBt',
I/ReactNativeJS( 7642):   os: 'android' }
I/ReactNativeJS( 7642): 'TOKEN:', { token: 'd5_hxdRStso:APA91bEtIY_B3NmPjefevdwAWflnuqTDrHeePUz7MpeDO3AMVXgiZg5phTCghliCEz5rR8OebgUsjDLDWIa-kNhlfpnFoC0wNZF9DXN6VVT0pIeEqRtbonTaTGQuBDcmk7V3bSVqiLBt',
I/ReactNativeJS( 7642):   os: 'android' }
I/ReactNativeJS( 7642): BACKGROUND SCAN
I/ReactNativeJS( 7642): Beacons monitoring started successfully
I/ReactNativeJS( 7642): 'TOKEN:', { token: 'd5_hxdRStso:APA91bEtIY_B3NmPjefevdwAWflnuqTDrHeePUz7MpeDO3AMVXgiZg5phTCghliCEz5rR8OebgUsjDLDWIa-kNhlfpnFoC0wNZF9DXN6VVT0pIeEqRtbonTaTGQuBDcmk7V3bSVqiLBt',
I/ReactNativeJS( 7642):   os: 'android' }
I/ReactNativeJS( 7642): 'TOKEN:', { token: 'd5_hxdRStso:APA91bEtIY_B3NmPjefevdwAWflnuqTDrHeePUz7MpeDO3AMVXgiZg5phTCghliCEz5rR8OebgUsjDLDWIa-kNhlfpnFoC0wNZF9DXN6VVT0pIeEqRtbonTaTGQuBDcmk7V3bSVqiLBt',
I/ReactNativeJS( 7642):   os: 'android' }
I/ReactNativeJS( 7642): BACKGROUND SCAN
I/ReactNativeJS( 7642): Beacons monitoring started successfully
I/ReactNativeJS( 7642): 'TOKEN:', { token: 'd5_hxdRStso:APA91bEtIY_B3NmPjefevdwAWflnuqTDrHeePUz7MpeDO3AMVXgiZg5phTCghliCEz5rR8OebgUsjDLDWIa-kNhlfpnFoC0wNZF9DXN6VVT0pIeEqRtbonTaTGQuBDcmk7V3bSVqiLBt',
I/ReactNativeJS( 7642):   os: 'android' }
I/ReactNativeJS( 7642): 'TOKEN:', { token: 'd5_hxdRStso:APA91bEtIY_B3NmPjefevdwAWflnuqTDrHeePUz7MpeDO3AMVXgiZg5phTCghliCEz5rR8OebgUsjDLDWIa-kNhlfpnFoC0wNZF9DXN6VVT0pIeEqRtbonTaTGQuBDcmk7V3bSVqiLBt',
I/ReactNativeJS( 7642):   os: 'android' }
I/ReactNativeJS( 7642): BACKGROUND SCAN
I/ReactNativeJS( 7642): Beacons monitoring started successfully
I/ReactNativeJS( 7642): 'TOKEN:', { token: 'd5_hxdRStso:APA91bEtIY_B3NmPjefevdwAWflnuqTDrHeePUz7MpeDO3AMVXgiZg5phTCghliCEz5rR8OebgUsjDLDWIa-kNhlfpnFoC0wNZF9DXN6VVT0pIeEqRtbonTaTGQuBDcmk7V3bSVqiLBt',
I/ReactNativeJS( 7642):   os: 'android' }
I/ReactNativeJS( 7642): 'TOKEN:', { token: 'd5_hxdRStso:APA91bEtIY_B3NmPjefevdwAWflnuqTDrHeePUz7MpeDO3AMVXgiZg5phTCghliCEz5rR8OebgUsjDLDWIa-kNhlfpnFoC0wNZF9DXN6VVT0pIeEqRtbonTaTGQuBDcmk7V3bSVqiLBt',
I/ReactNativeJS( 7642):   os: 'android' }
I/ReactNativeJS( 7642): BACKGROUND SCAN
I/ReactNativeJS( 7642): Beacons monitoring started successfully
I/ReactNativeJS( 7642): 'TOKEN:', { token: 'd5_hxdRStso:APA91bEtIY_B3NmPjefevdwAWflnuqTDrHeePUz7MpeDO3AMVXgiZg5phTCghliCEz5rR8OebgUsjDLDWIa-kNhlfpnFoC0wNZF9DXN6VVT0pIeEqRtbonTaTGQuBDcmk7V3bSVqiLBt',
I/ReactNativeJS( 7642):   os: 'android' }
I/ReactNativeJS( 7642): 'TOKEN:', { token: 'd5_hxdRStso:APA91bEtIY_B3NmPjefevdwAWflnuqTDrHeePUz7MpeDO3AMVXgiZg5phTCghliCEz5rR8OebgUsjDLDWIa-kNhlfpnFoC0wNZF9DXN6VVT0pIeEqRtbonTaTGQuBDcmk7V3bSVqiLBt',
I/ReactNativeJS( 7642):   os: 'android' }
I/ReactNativeJS( 7642): BACKGROUND SCAN
I/ReactNativeJS( 7642): Beacons monitoring started successfully
I/ReactNativeJS( 7642): 'TOKEN:', { token: 'd5_hxdRStso:APA91bEtIY_B3NmPjefevdwAWflnuqTDrHeePUz7MpeDO3AMVXgiZg5phTCghliCEz5rR8OebgUsjDLDWIa-kNhlfpnFoC0wNZF9DXN6VVT0pIeEqRtbonTaTGQuBDcmk7V3bSVqiLBt',
I/ReactNativeJS( 7642):   os: 'android' }
I/ReactNativeJS( 7642): 'TOKEN:', { token: 'd5_hxdRStso:APA91bEtIY_B3NmPjefevdwAWflnuqTDrHeePUz7MpeDO3AMVXgiZg5phTCghliCEz5rR8OebgUsjDLDWIa-kNhlfpnFoC0wNZF9DXN6VVT0pIeEqRtbonTaTGQuBDcmk7V3bSVqiLBt',
I/ReactNativeJS( 7642):   os: 'android' }
I/ReactNativeJS( 7642): BACKGROUND SCAN
I/ReactNativeJS( 7642): Beacons monitoring started successfully
I/ReactNativeJS( 7642): 'TOKEN:', { token: 'd5_hxdRStso:APA91bEtIY_B3NmPjefevdwAWflnuqTDrHeePUz7MpeDO3AMVXgiZg5phTCghliCEz5rR8OebgUsjDLDWIa-kNhlfpnFoC0wNZF9DXN6VVT0pIeEqRtbonTaTGQuBDcmk7V3bSVqiLBt',
I/ReactNativeJS( 7642):   os: 'android' }
I/ReactNativeJS( 7642): 'TOKEN:', { token: 'd5_hxdRStso:APA91bEtIY_B3NmPjefevdwAWflnuqTDrHeePUz7MpeDO3AMVXgiZg5phTCghliCEz5rR8OebgUsjDLDWIa-kNhlfpnFoC0wNZF9DXN6VVT0pIeEqRtbonTaTGQuBDcmk7V3bSVqiLBt',
I/ReactNativeJS( 7642):   os: 'android' }
I/ReactNativeJS( 7642): BACKGROUND SCAN
I/ReactNativeJS( 7642): Beacons monitoring started successfully
I/ReactNativeJS( 7642): 'TOKEN:', { token: 'd5_hxdRStso:APA91bEtIY_B3NmPjefevdwAWflnuqTDrHeePUz7MpeDO3AMVXgiZg5phTCghliCEz5rR8OebgUsjDLDWIa-kNhlfpnFoC0wNZF9DXN6VVT0pIeEqRtbonTaTGQuBDcmk7V3bSVqiLBt',
I/ReactNativeJS( 7642):   os: 'android' }
I/ReactNativeJS( 7642): 'TOKEN:', { token: 'd5_hxdRStso:APA91bEtIY_B3NmPjefevdwAWflnuqTDrHeePUz7MpeDO3AMVXgiZg5phTCghliCEz5rR8OebgUsjDLDWIa-kNhlfpnFoC0wNZF9DXN6VVT0pIeEqRtbonTaTGQuBDcmk7V3bSVqiLBt',
I/ReactNativeJS( 7642):   os: 'android' }
I/ReactNativeJS( 7642): BACKGROUND SCAN
I/ReactNativeJS( 7642): Beacons monitoring started successfully
I/ReactNativeJS( 7642): 'TOKEN:', { token: 'd5_hxdRStso:APA91bEtIY_B3NmPjefevdwAWflnuqTDrHeePUz7MpeDO3AMVXgiZg5phTCghliCEz5rR8OebgUsjDLDWIa-kNhlfpnFoC0wNZF9DXN6VVT0pIeEqRtbonTaTGQuBDcmk7V3bSVqiLBt',
I/ReactNativeJS( 7642):   os: 'android' }
I/ReactNativeJS( 7642): 'TOKEN:', { token: 'd5_hxdRStso:APA91bEtIY_B3NmPjefevdwAWflnuqTDrHeePUz7MpeDO3AMVXgiZg5phTCghliCEz5rR8OebgUsjDLDWIa-kNhlfpnFoC0wNZF9DXN6VVT0pIeEqRtbonTaTGQuBDcmk7V3bSVqiLBt',
I/ReactNativeJS( 7642):   os: 'android' }
I/ReactNativeJS( 7642): BACKGROUND SCAN
I/ReactNativeJS( 7642): Beacons monitoring started successfully
I/ReactNativeJS( 7642): 'TOKEN:', { token: 'd5_hxdRStso:APA91bEtIY_B3NmPjefevdwAWflnuqTDrHeePUz7MpeDO3AMVXgiZg5phTCghliCEz5rR8OebgUsjDLDWIa-kNhlfpnFoC0wNZF9DXN6VVT0pIeEqRtbonTaTGQuBDcmk7V3bSVqiLBt',
I/ReactNativeJS( 7642):   os: 'android' }
I/ReactNativeJS( 7642): 'TOKEN:', { token: 'd5_hxdRStso:APA91bEtIY_B3NmPjefevdwAWflnuqTDrHeePUz7MpeDO3AMVXgiZg5phTCghliCEz5rR8OebgUsjDLDWIa-kNhlfpnFoC0wNZF9DXN6VVT0pIeEqRtbonTaTGQuBDcmk7V3bSVqiLBt',
I/ReactNativeJS( 7642):   os: 'android' }
I/ReactNativeJS( 7642): BACKGROUND SCAN
I/ReactNativeJS( 7642): Beacons monitoring started successfully
I/ReactNativeJS( 7642): 'TOKEN:', { token: 'd5_hxdRStso:APA91bEtIY_B3NmPjefevdwAWflnuqTDrHeePUz7MpeDO3AMVXgiZg5phTCghliCEz5rR8OebgUsjDLDWIa-kNhlfpnFoC0wNZF9DXN6VVT0pIeEqRtbonTaTGQuBDcmk7V3bSVqiLBt',
I/ReactNativeJS( 7642):   os: 'android' }
I/ReactNativeJS( 7642): 'TOKEN:', { token: 'd5_hxdRStso:APA91bEtIY_B3NmPjefevdwAWflnuqTDrHeePUz7MpeDO3AMVXgiZg5phTCghliCEz5rR8OebgUsjDLDWIa-kNhlfpnFoC0wNZF9DXN6VVT0pIeEqRtbonTaTGQuBDcmk7V3bSVqiLBt',
I/ReactNativeJS( 7642):   os: 'android' }
I/ReactNativeJS( 7642): BACKGROUND SCAN
I/ReactNativeJS( 7642): Beacons monitoring started successfully
I/ReactNativeJS( 7642): 'TOKEN:', { token: 'd5_hxdRStso:APA91bEtIY_B3NmPjefevdwAWflnuqTDrHeePUz7MpeDO3AMVXgiZg5phTCghliCEz5rR8OebgUsjDLDWIa-kNhlfpnFoC0wNZF9DXN6VVT0pIeEqRtbonTaTGQuBDcmk7V3bSVqiLBt',
I/ReactNativeJS( 7642):   os: 'android' }
I/ReactNativeJS( 7642): 'TOKEN:', { token: 'd5_hxdRStso:APA91bEtIY_B3NmPjefevdwAWflnuqTDrHeePUz7MpeDO3AMVXgiZg5phTCghliCEz5rR8OebgUsjDLDWIa-kNhlfpnFoC0wNZF9DXN6VVT0pIeEqRtbonTaTGQuBDcmk7V3bSVqiLBt',
I/ReactNativeJS( 7642):   os: 'android' }
I/ReactNativeJS( 7642): BACKGROUND SCAN
I/ReactNativeJS( 7642): Beacons monitoring started successfully
I/ReactNativeJS( 7642): 'TOKEN:', { token: 'd5_hxdRStso:APA91bEtIY_B3NmPjefevdwAWflnuqTDrHeePUz7MpeDO3AMVXgiZg5phTCghliCEz5rR8OebgUsjDLDWIa-kNhlfpnFoC0wNZF9DXN6VVT0pIeEqRtbonTaTGQuBDcmk7V3bSVqiLBt',
I/ReactNativeJS( 7642):   os: 'android' }
I/ReactNativeJS( 7642): 'TOKEN:', { token: 'd5_hxdRStso:APA91bEtIY_B3NmPjefevdwAWflnuqTDrHeePUz7MpeDO3AMVXgiZg5phTCghliCEz5rR8OebgUsjDLDWIa-kNhlfpnFoC0wNZF9DXN6VVT0pIeEqRtbonTaTGQuBDcmk7V3bSVqiLBt',
I/ReactNativeJS( 7642):   os: 'android' }
I/ReactNativeJS( 7642): BACKGROUND SCAN
I/ReactNativeJS( 7642): Beacons monitoring started successfully
I/ReactNativeJS( 7642): 'TOKEN:', { token: 'd5_hxdRStso:APA91bEtIY_B3NmPjefevdwAWflnuqTDrHeePUz7MpeDO3AMVXgiZg5phTCghliCEz5rR8OebgUsjDLDWIa-kNhlfpnFoC0wNZF9DXN6VVT0pIeEqRtbonTaTGQuBDcmk7V3bSVqiLBt',
I/ReactNativeJS( 7642):   os: 'android' }
I/ReactNativeJS( 7642): 'TOKEN:', { token: 'd5_hxdRStso:APA91bEtIY_B3NmPjefevdwAWflnuqTDrHeePUz7MpeDO3AMVXgiZg5phTCghliCEz5rR8OebgUsjDLDWIa-kNhlfpnFoC0wNZF9DXN6VVT0pIeEqRtbonTaTGQuBDcmk7V3bSVqiLBt',
I/ReactNativeJS( 7642):   os: 'android' }
I/ReactNativeJS( 7642): BACKGROUND SCAN
I/ReactNativeJS( 7642): Beacons monitoring started successfully
I/ReactNativeJS( 7642): 'TOKEN:', { token: 'd5_hxdRStso:APA91bEtIY_B3NmPjefevdwAWflnuqTDrHeePUz7MpeDO3AMVXgiZg5phTCghliCEz5rR8OebgUsjDLDWIa-kNhlfpnFoC0wNZF9DXN6VVT0pIeEqRtbonTaTGQuBDcmk7V3bSVqiLBt',
I/ReactNativeJS( 7642):   os: 'android' }
I/ReactNativeJS( 7642): 'TOKEN:', { token: 'd5_hxdRStso:APA91bEtIY_B3NmPjefevdwAWflnuqTDrHeePUz7MpeDO3AMVXgiZg5phTCghliCEz5rR8OebgUsjDLDWIa-kNhlfpnFoC0wNZF9DXN6VVT0pIeEqRtbonTaTGQuBDcmk7V3bSVqiLBt',
I/ReactNativeJS( 7642):   os: 'android' }
I/ReactNativeJS( 7642): BACKGROUND SCAN
I/ReactNativeJS( 7642): Beacons monitoring started successfully
I/ReactNativeJS( 7642): 'TOKEN:', { token: 'd5_hxdRStso:APA91bEtIY_B3NmPjefevdwAWflnuqTDrHeePUz7MpeDO3AMVXgiZg5phTCghliCEz5rR8OebgUsjDLDWIa-kNhlfpnFoC0wNZF9DXN6VVT0pIeEqRtbonTaTGQuBDcmk7V3bSVqiLBt',
I/ReactNativeJS( 7642):   os: 'android' }
I/ReactNativeJS( 7642): 'TOKEN:', { token: 'd5_hxdRStso:APA91bEtIY_B3NmPjefevdwAWflnuqTDrHeePUz7MpeDO3AMVXgiZg5phTCghliCEz5rR8OebgUsjDLDWIa-kNhlfpnFoC0wNZF9DXN6VVT0pIeEqRtbonTaTGQuBDcmk7V3bSVqiLBt',
I/ReactNativeJS( 7642):   os: 'android' }
I/ReactNativeJS( 7642): BACKGROUND SCAN
I/ReactNativeJS( 7642): Beacons monitoring started successfully
I/ReactNativeJS( 7642): 'TOKEN:', { token: 'd5_hxdRStso:APA91bEtIY_B3NmPjefevdwAWflnuqTDrHeePUz7MpeDO3AMVXgiZg5phTCghliCEz5rR8OebgUsjDLDWIa-kNhlfpnFoC0wNZF9DXN6VVT0pIeEqRtbonTaTGQuBDcmk7V3bSVqiLBt',
I/ReactNativeJS( 7642):   os: 'android' }
I/ReactNativeJS( 7642): 'TOKEN:', { token: 'd5_hxdRStso:APA91bEtIY_B3NmPjefevdwAWflnuqTDrHeePUz7MpeDO3AMVXgiZg5phTCghliCEz5rR8OebgUsjDLDWIa-kNhlfpnFoC0wNZF9DXN6VVT0pIeEqRtbonTaTGQuBDcmk7V3bSVqiLBt',
I/ReactNativeJS( 7642):   os: 'android' }
I/ReactNativeJS( 7642): BACKGROUND SCAN
I/ReactNativeJS( 7642): Beacons monitoring started successfully
I/ReactNativeJS( 7642): 'TOKEN:', { token: 'd5_hxdRStso:APA91bEtIY_B3NmPjefevdwAWflnuqTDrHeePUz7MpeDO3AMVXgiZg5phTCghliCEz5rR8OebgUsjDLDWIa-kNhlfpnFoC0wNZF9DXN6VVT0pIeEqRtbonTaTGQuBDcmk7V3bSVqiLBt',
I/ReactNativeJS( 7642):   os: 'android' }
I/ReactNativeJS( 7642): 'TOKEN:', { token: 'd5_hxdRStso:APA91bEtIY_B3NmPjefevdwAWflnuqTDrHeePUz7MpeDO3AMVXgiZg5phTCghliCEz5rR8OebgUsjDLDWIa-kNhlfpnFoC0wNZF9DXN6VVT0pIeEqRtbonTaTGQuBDcmk7V3bSVqiLBt',
I/ReactNativeJS( 7642):   os: 'android' }
I/ReactNativeJS( 7642): BACKGROUND SCAN
I/ReactNativeJS( 7642): Beacons monitoring started successfully
I/ReactNativeJS( 7642): 'TOKEN:', { token: 'd5_hxdRStso:APA91bEtIY_B3NmPjefevdwAWflnuqTDrHeePUz7MpeDO3AMVXgiZg5phTCghliCEz5rR8OebgUsjDLDWIa-kNhlfpnFoC0wNZF9DXN6VVT0pIeEqRtbonTaTGQuBDcmk7V3bSVqiLBt',
I/ReactNativeJS( 7642):   os: 'android' }
I/ReactNativeJS( 7642): 'TOKEN:', { token: 'd5_hxdRStso:APA91bEtIY_B3NmPjefevdwAWflnuqTDrHeePUz7MpeDO3AMVXgiZg5phTCghliCEz5rR8OebgUsjDLDWIa-kNhlfpnFoC0wNZF9DXN6VVT0pIeEqRtbonTaTGQuBDcmk7V3bSVqiLBt',
I/ReactNativeJS( 7642):   os: 'android' }
I/ReactNativeJS( 7642): BACKGROUND SCAN
I/ReactNativeJS( 7642): Beacons monitoring started successfully
I/ReactNativeJS( 7642): 'TOKEN:', { token: 'd5_hxdRStso:APA91bEtIY_B3NmPjefevdwAWflnuqTDrHeePUz7MpeDO3AMVXgiZg5phTCghliCEz5rR8OebgUsjDLDWIa-kNhlfpnFoC0wNZF9DXN6VVT0pIeEqRtbonTaTGQuBDcmk7V3bSVqiLBt',
I/ReactNativeJS( 7642):   os: 'android' }
I/ReactNativeJS( 7642): 'TOKEN:', { token: 'd5_hxdRStso:APA91bEtIY_B3NmPjefevdwAWflnuqTDrHeePUz7MpeDO3AMVXgiZg5phTCghliCEz5rR8OebgUsjDLDWIa-kNhlfpnFoC0wNZF9DXN6VVT0pIeEqRtbonTaTGQuBDcmk7V3bSVqiLBt',
I/ReactNativeJS( 7642):   os: 'android' }
I/ReactNativeJS( 7642): BACKGROUND SCAN
I/ReactNativeJS( 7642): Beacons monitoring started successfully
I/ReactNativeJS( 7642): 'TOKEN:', { token: 'd5_hxdRStso:APA91bEtIY_B3NmPjefevdwAWflnuqTDrHeePUz7MpeDO3AMVXgiZg5phTCghliCEz5rR8OebgUsjDLDWIa-kNhlfpnFoC0wNZF9DXN6VVT0pIeEqRtbonTaTGQuBDcmk7V3bSVqiLBt',
I/ReactNativeJS( 7642):   os: 'android' }
I/ReactNativeJS( 7642): 'TOKEN:', { token: 'd5_hxdRStso:APA91bEtIY_B3NmPjefevdwAWflnuqTDrHeePUz7MpeDO3AMVXgiZg5phTCghliCEz5rR8OebgUsjDLDWIa-kNhlfpnFoC0wNZF9DXN6VVT0pIeEqRtbonTaTGQuBDcmk7V3bSVqiLBt',
I/ReactNativeJS( 7642):   os: 'android' }
I/ReactNativeJS( 7642): BACKGROUND SCAN
I/ReactNativeJS( 7642): Beacons monitoring started successfully
I/ReactNativeJS( 7642): 'TOKEN:', { token: 'd5_hxdRStso:APA91bEtIY_B3NmPjefevdwAWflnuqTDrHeePUz7MpeDO3AMVXgiZg5phTCghliCEz5rR8OebgUsjDLDWIa-kNhlfpnFoC0wNZF9DXN6VVT0pIeEqRtbonTaTGQuBDcmk7V3bSVqiLBt',
I/ReactNativeJS( 7642):   os: 'android' }
I/ReactNativeJS( 7642): 'TOKEN:', { token: 'd5_hxdRStso:APA91bEtIY_B3NmPjefevdwAWflnuqTDrHeePUz7MpeDO3AMVXgiZg5phTCghliCEz5rR8OebgUsjDLDWIa-kNhlfpnFoC0wNZF9DXN6VVT0pIeEqRtbonTaTGQuBDcmk7V3bSVqiLBt',
I/ReactNativeJS( 7642):   os: 'android' }
I/ReactNativeJS( 7642): BACKGROUND SCAN
I/ReactNativeJS( 7642): Beacons monitoring started successfully
I/ReactNativeJS( 7642): 'TOKEN:', { token: 'd5_hxdRStso:APA91bEtIY_B3NmPjefevdwAWflnuqTDrHeePUz7MpeDO3AMVXgiZg5phTCghliCEz5rR8OebgUsjDLDWIa-kNhlfpnFoC0wNZF9DXN6VVT0pIeEqRtbonTaTGQuBDcmk7V3bSVqiLBt',
I/ReactNativeJS( 7642):   os: 'android' }
I/ReactNativeJS( 7642): 'TOKEN:', { token: 'd5_hxdRStso:APA91bEtIY_B3NmPjefevdwAWflnuqTDrHeePUz7MpeDO3AMVXgiZg5phTCghliCEz5rR8OebgUsjDLDWIa-kNhlfpnFoC0wNZF9DXN6VVT0pIeEqRtbonTaTGQuBDcmk7V3bSVqiLBt',
I/ReactNativeJS( 7642):   os: 'android' }
I/ReactNativeJS( 7642): BACKGROUND SCAN
I/ReactNativeJS( 7642): Beacons monitoring started successfully
I/ReactNativeJS( 7642): 'TOKEN:', { token: 'd5_hxdRStso:APA91bEtIY_B3NmPjefevdwAWflnuqTDrHeePUz7MpeDO3AMVXgiZg5phTCghliCEz5rR8OebgUsjDLDWIa-kNhlfpnFoC0wNZF9DXN6VVT0pIeEqRtbonTaTGQuBDcmk7V3bSVqiLBt',
I/ReactNativeJS( 7642):   os: 'android' }
I/ReactNativeJS( 7642): 'TOKEN:', { token: 'd5_hxdRStso:APA91bEtIY_B3NmPjefevdwAWflnuqTDrHeePUz7MpeDO3AMVXgiZg5phTCghliCEz5rR8OebgUsjDLDWIa-kNhlfpnFoC0wNZF9DXN6VVT0pIeEqRtbonTaTGQuBDcmk7V3bSVqiLBt',
I/ReactNativeJS( 7642):   os: 'android' }
I/ReactNativeJS( 7642): BACKGROUND SCAN
I/ReactNativeJS( 7642): Beacons monitoring started successfully
I/ReactNativeJS( 7642): 'TOKEN:', { token: 'd5_hxdRStso:APA91bEtIY_B3NmPjefevdwAWflnuqTDrHeePUz7MpeDO3AMVXgiZg5phTCghliCEz5rR8OebgUsjDLDWIa-kNhlfpnFoC0wNZF9DXN6VVT0pIeEqRtbonTaTGQuBDcmk7V3bSVqiLBt',
I/ReactNativeJS( 7642):   os: 'android' }
I/ReactNativeJS( 7642): 'TOKEN:', { token: 'd5_hxdRStso:APA91bEtIY_B3NmPjefevdwAWflnuqTDrHeePUz7MpeDO3AMVXgiZg5phTCghliCEz5rR8OebgUsjDLDWIa-kNhlfpnFoC0wNZF9DXN6VVT0pIeEqRtbonTaTGQuBDcmk7V3bSVqiLBt',
I/ReactNativeJS( 7642):   os: 'android' }
I/ReactNativeJS( 7642): BACKGROUND SCAN
I/ReactNativeJS( 7642): Beacons monitoring started successfully
I/ReactNativeJS( 7642): 'TOKEN:', { token: 'd5_hxdRStso:APA91bEtIY_B3NmPjefevdwAWflnuqTDrHeePUz7MpeDO3AMVXgiZg5phTCghliCEz5rR8OebgUsjDLDWIa-kNhlfpnFoC0wNZF9DXN6VVT0pIeEqRtbonTaTGQuBDcmk7V3bSVqiLBt',
I/ReactNativeJS( 7642):   os: 'android' }
I/ReactNativeJS( 7642): 'TOKEN:', { token: 'd5_hxdRStso:APA91bEtIY_B3NmPjefevdwAWflnuqTDrHeePUz7MpeDO3AMVXgiZg5phTCghliCEz5rR8OebgUsjDLDWIa-kNhlfpnFoC0wNZF9DXN6VVT0pIeEqRtbonTaTGQuBDcmk7V3bSVqiLBt',
I/ReactNativeJS( 7642):   os: 'android' }
I/ReactNativeJS( 7642): BACKGROUND SCAN
I/ReactNativeJS( 7642): Beacons monitoring started successfully
I/ReactNativeJS( 7642): 'TOKEN:', { token: 'd5_hxdRStso:APA91bEtIY_B3NmPjefevdwAWflnuqTDrHeePUz7MpeDO3AMVXgiZg5phTCghliCEz5rR8OebgUsjDLDWIa-kNhlfpnFoC0wNZF9DXN6VVT0pIeEqRtbonTaTGQuBDcmk7V3bSVqiLBt',
I/ReactNativeJS( 7642):   os: 'android' }
I/ReactNativeJS( 7642): 'TOKEN:', { token: 'd5_hxdRStso:APA91bEtIY_B3NmPjefevdwAWflnuqTDrHeePUz7MpeDO3AMVXgiZg5phTCghliCEz5rR8OebgUsjDLDWIa-kNhlfpnFoC0wNZF9DXN6VVT0pIeEqRtbonTaTGQuBDcmk7V3bSVqiLBt',
I/ReactNativeJS( 7642):   os: 'android' }
I/ReactNativeJS( 7642): BACKGROUND SCAN
I/ReactNativeJS( 7642): Beacons monitoring started successfully
I/ReactNativeJS( 7642): 'TOKEN:', { token: 'd5_hxdRStso:APA91bEtIY_B3NmPjefevdwAWflnuqTDrHeePUz7MpeDO3AMVXgiZg5phTCghliCEz5rR8OebgUsjDLDWIa-kNhlfpnFoC0wNZF9DXN6VVT0pIeEqRtbonTaTGQuBDcmk7V3bSVqiLBt',
I/ReactNativeJS( 7642):   os: 'android' }
I/ReactNativeJS( 7642): 'TOKEN:', { token: 'd5_hxdRStso:APA91bEtIY_B3NmPjefevdwAWflnuqTDrHeePUz7MpeDO3AMVXgiZg5phTCghliCEz5rR8OebgUsjDLDWIa-kNhlfpnFoC0wNZF9DXN6VVT0pIeEqRtbonTaTGQuBDcmk7V3bSVqiLBt',
I/ReactNativeJS( 7642):   os: 'android' }
I/ReactNativeJS( 7642): BACKGROUND SCAN
I/ReactNativeJS( 7642): Beacons monitoring started successfully
I/ReactNativeJS( 7642): 'TOKEN:', { token: 'd5_hxdRStso:APA91bEtIY_B3NmPjefevdwAWflnuqTDrHeePUz7MpeDO3AMVXgiZg5phTCghliCEz5rR8OebgUsjDLDWIa-kNhlfpnFoC0wNZF9DXN6VVT0pIeEqRtbonTaTGQuBDcmk7V3bSVqiLBt',
I/ReactNativeJS( 7642):   os: 'android' }
I/ReactNativeJS( 7642): 'TOKEN:', { token: 'd5_hxdRStso:APA91bEtIY_B3NmPjefevdwAWflnuqTDrHeePUz7MpeDO3AMVXgiZg5phTCghliCEz5rR8OebgUsjDLDWIa-kNhlfpnFoC0wNZF9DXN6VVT0pIeEqRtbonTaTGQuBDcmk7V3bSVqiLBt',
I/ReactNativeJS( 7642):   os: 'android' }
I/ReactNativeJS( 7642): BACKGROUND SCAN
I/ReactNativeJS( 7642): Beacons monitoring started successfully
I/HwLauncher( 3303): Launcher onPause()
W/HwLauncher( 3303): Launcher.MotionManager failed to stop TYPE_SHAKE_CHANGE_WALLPAPER
W/HwLauncher( 3303): Launcher.MotionManager failed to stop TYPE_SHAKE_START_PRIVACY
I/K3V3CpuGovernorPolicy( 3244): set scene Hmp policy : 300 , 150
W/dalvikvm( 3082): Refusing to reopen boot DEX '/system/framework/hwframework.jar'
W/dalvikvm( 3082): Refusing to reopen boot DEX '/system/framework/hwEmui.jar'
I/ReactNativeJS( 7642): 'TOKEN:', { token: 'd5_hxdRStso:APA91bEtIY_B3NmPjefevdwAWflnuqTDrHeePUz7MpeDO3AMVXgiZg5phTCghliCEz5rR8OebgUsjDLDWIa-kNhlfpnFoC0wNZF9DXN6VVT0pIeEqRtbonTaTGQuBDcmk7V3bSVqiLBt',
I/ReactNativeJS( 7642):   os: 'android' }
I/ReactNativeJS( 7642): 'TOKEN:', { token: 'd5_hxdRStso:APA91bEtIY_B3NmPjefevdwAWflnuqTDrHeePUz7MpeDO3AMVXgiZg5phTCghliCEz5rR8OebgUsjDLDWIa-kNhlfpnFoC0wNZF9DXN6VVT0pIeEqRtbonTaTGQuBDcmk7V3bSVqiLBt',
I/ReactNativeJS( 7642):   os: 'android' }
E/HwLauncher( 3303): Launcher dialog dismiss failed : java.lang.IllegalArgumentException: no dialog with id 1 was ever shown via Activity#showDialog
I/ReactNativeJS( 7642): BACKGROUND SCAN
I/ReactNativeJS( 7642): Beacons monitoring started successfully
E/HwLauncher( 3303): Launcher dialog dismiss failed : java.lang.IllegalArgumentException: no dialog with id 1 was ever shown via Activity#showDialog
I/ReactNativeJS( 7642): 'TOKEN:', { token: 'd5_hxdRStso:APA91bEtIY_B3NmPjefevdwAWflnuqTDrHeePUz7MpeDO3AMVXgiZg5phTCghliCEz5rR8OebgUsjDLDWIa-kNhlfpnFoC0wNZF9DXN6VVT0pIeEqRtbonTaTGQuBDcmk7V3bSVqiLBt',
I/ReactNativeJS( 7642):   os: 'android' }
I/ReactNativeJS( 7642): 'TOKEN:', { token: 'd5_hxdRStso:APA91bEtIY_B3NmPjefevdwAWflnuqTDrHeePUz7MpeDO3AMVXgiZg5phTCghliCEz5rR8OebgUsjDLDWIa-kNhlfpnFoC0wNZF9DXN6VVT0pIeEqRtbonTaTGQuBDcmk7V3bSVqiLBt',
I/ReactNativeJS( 7642):   os: 'android' }
I/ReactNativeJS( 7642): BACKGROUND SCAN
I/ActivityManager( 2928): Displayed com.android.systemui/.recent.RecentsActivity: +127ms
I/ReactNativeJS( 7642): Beacons monitoring started successfully
I/HwLauncher( 3303): DynamicIcon onWindowVisibilityChanged 8 - com.android.deskclock
I/HwLauncher( 3303): DynamicIcon onWindowVisibilityChanged 8 - com.android.calendar
I/PhoneStatusBar( 3082): hw_status_bar_operators = false, setSystemUIVisibily(SHOW_OPERATOR = false)
I/ReactNativeJS( 7642): 'TOKEN:', { token: 'd5_hxdRStso:APA91bEtIY_B3NmPjefevdwAWflnuqTDrHeePUz7MpeDO3AMVXgiZg5phTCghliCEz5rR8OebgUsjDLDWIa-kNhlfpnFoC0wNZF9DXN6VVT0pIeEqRtbonTaTGQuBDcmk7V3bSVqiLBt',
I/ReactNativeJS( 7642):   os: 'android' }
I/ReactNativeJS( 7642): 'TOKEN:', { token: 'd5_hxdRStso:APA91bEtIY_B3NmPjefevdwAWflnuqTDrHeePUz7MpeDO3AMVXgiZg5phTCghliCEz5rR8OebgUsjDLDWIa-kNhlfpnFoC0wNZF9DXN6VVT0pIeEqRtbonTaTGQuBDcmk7V3bSVqiLBt',
I/ReactNativeJS( 7642):   os: 'android' }
I/ReactNativeJS( 7642): BACKGROUND SCAN
I/ReactNativeJS( 7642): Beacons monitoring started successfully
I/ReactNativeJS( 7642): 'TOKEN:', { token: 'd5_hxdRStso:APA91bEtIY_B3NmPjefevdwAWflnuqTDrHeePUz7MpeDO3AMVXgiZg5phTCghliCEz5rR8OebgUsjDLDWIa-kNhlfpnFoC0wNZF9DXN6VVT0pIeEqRtbonTaTGQuBDcmk7V3bSVqiLBt',
I/ReactNativeJS( 7642):   os: 'android' }
I/ReactNativeJS( 7642): 'TOKEN:', { token: 'd5_hxdRStso:APA91bEtIY_B3NmPjefevdwAWflnuqTDrHeePUz7MpeDO3AMVXgiZg5phTCghliCEz5rR8OebgUsjDLDWIa-kNhlfpnFoC0wNZF9DXN6VVT0pIeEqRtbonTaTGQuBDcmk7V3bSVqiLBt',
I/ReactNativeJS( 7642):   os: 'android' }
I/ReactNativeJS( 7642): BACKGROUND SCAN
I/ReactNativeJS( 7642): Beacons monitoring started successfully
I/ReactNativeJS( 7642): 'TOKEN:', { token: 'd5_hxdRStso:APA91bEtIY_B3NmPjefevdwAWflnuqTDrHeePUz7MpeDO3AMVXgiZg5phTCghliCEz5rR8OebgUsjDLDWIa-kNhlfpnFoC0wNZF9DXN6VVT0pIeEqRtbonTaTGQuBDcmk7V3bSVqiLBt',
I/ReactNativeJS( 7642):   os: 'android' }
I/ReactNativeJS( 7642): 'TOKEN:', { token: 'd5_hxdRStso:APA91bEtIY_B3NmPjefevdwAWflnuqTDrHeePUz7MpeDO3AMVXgiZg5phTCghliCEz5rR8OebgUsjDLDWIa-kNhlfpnFoC0wNZF9DXN6VVT0pIeEqRtbonTaTGQuBDcmk7V3bSVqiLBt',
I/ReactNativeJS( 7642):   os: 'android' }
I/ReactNativeJS( 7642): BACKGROUND SCAN
I/ReactNativeJS( 7642): Beacons monitoring started successfully
I/ReactNativeJS( 7642): 'TOKEN:', { token: 'd5_hxdRStso:APA91bEtIY_B3NmPjefevdwAWflnuqTDrHeePUz7MpeDO3AMVXgiZg5phTCghliCEz5rR8OebgUsjDLDWIa-kNhlfpnFoC0wNZF9DXN6VVT0pIeEqRtbonTaTGQuBDcmk7V3bSVqiLBt',
I/ReactNativeJS( 7642):   os: 'android' }
I/ReactNativeJS( 7642): 'TOKEN:', { token: 'd5_hxdRStso:APA91bEtIY_B3NmPjefevdwAWflnuqTDrHeePUz7MpeDO3AMVXgiZg5phTCghliCEz5rR8OebgUsjDLDWIa-kNhlfpnFoC0wNZF9DXN6VVT0pIeEqRtbonTaTGQuBDcmk7V3bSVqiLBt',
I/ReactNativeJS( 7642):   os: 'android' }
I/ReactNativeJS( 7642): BACKGROUND SCAN
I/ReactNativeJS( 7642): Beacons monitoring started successfully
I/ReactNativeJS( 7642): 'TOKEN:', { token: 'd5_hxdRStso:APA91bEtIY_B3NmPjefevdwAWflnuqTDrHeePUz7MpeDO3AMVXgiZg5phTCghliCEz5rR8OebgUsjDLDWIa-kNhlfpnFoC0wNZF9DXN6VVT0pIeEqRtbonTaTGQuBDcmk7V3bSVqiLBt',
I/ReactNativeJS( 7642):   os: 'android' }
I/ReactNativeJS( 7642): 'TOKEN:', { token: 'd5_hxdRStso:APA91bEtIY_B3NmPjefevdwAWflnuqTDrHeePUz7MpeDO3AMVXgiZg5phTCghliCEz5rR8OebgUsjDLDWIa-kNhlfpnFoC0wNZF9DXN6VVT0pIeEqRtbonTaTGQuBDcmk7V3bSVqiLBt',
I/ReactNativeJS( 7642):   os: 'android' }
I/ReactNativeJS( 7642): BACKGROUND SCAN
I/ReactNativeJS( 7642): Beacons monitoring started successfully
I/ReactNativeJS( 7642): 'TOKEN:', { token: 'd5_hxdRStso:APA91bEtIY_B3NmPjefevdwAWflnuqTDrHeePUz7MpeDO3AMVXgiZg5phTCghliCEz5rR8OebgUsjDLDWIa-kNhlfpnFoC0wNZF9DXN6VVT0pIeEqRtbonTaTGQuBDcmk7V3bSVqiLBt',
I/ReactNativeJS( 7642):   os: 'android' }
I/ReactNativeJS( 7642): 'TOKEN:', { token: 'd5_hxdRStso:APA91bEtIY_B3NmPjefevdwAWflnuqTDrHeePUz7MpeDO3AMVXgiZg5phTCghliCEz5rR8OebgUsjDLDWIa-kNhlfpnFoC0wNZF9DXN6VVT0pIeEqRtbonTaTGQuBDcmk7V3bSVqiLBt',
I/ReactNativeJS( 7642):   os: 'android' }
I/ReactNativeJS( 7642): BACKGROUND SCAN
I/ReactNativeJS( 7642): Beacons monitoring started successfully
I/ReactNativeJS( 7642): 'TOKEN:', { token: 'd5_hxdRStso:APA91bEtIY_B3NmPjefevdwAWflnuqTDrHeePUz7MpeDO3AMVXgiZg5phTCghliCEz5rR8OebgUsjDLDWIa-kNhlfpnFoC0wNZF9DXN6VVT0pIeEqRtbonTaTGQuBDcmk7V3bSVqiLBt',
I/ReactNativeJS( 7642):   os: 'android' }
I/ReactNativeJS( 7642): 'TOKEN:', { token: 'd5_hxdRStso:APA91bEtIY_B3NmPjefevdwAWflnuqTDrHeePUz7MpeDO3AMVXgiZg5phTCghliCEz5rR8OebgUsjDLDWIa-kNhlfpnFoC0wNZF9DXN6VVT0pIeEqRtbonTaTGQuBDcmk7V3bSVqiLBt',
I/ReactNativeJS( 7642):   os: 'android' }
I/ReactNativeJS( 7642): BACKGROUND SCAN
I/ReactNativeJS( 7642): Beacons monitoring started successfully
I/HwLauncher( 3303): Launcher onStop()
E/HwLauncher( 3303): Launcher dialog dismiss failed : java.lang.IllegalArgumentException: no dialog with id 1 was ever shown via Activity#showDialog
I/HwLauncher( 3303): Launcher dynamicIconsUnregister
I/HwLauncher( 3303): DynamicUpdater unregisterReceiver
I/HwLauncher( 3303): DynamicIcon onPause  isvisible = true   mAttachedToWindow:true    mWindowVisible:falsecom.android.deskclock
I/HwLauncher( 3303): DynamicUpdater unregisterReceiver
I/HwLauncher( 3303): DynamicIcon onPause  isvisible = true   mAttachedToWindow:true    mWindowVisible:falsecom.android.calendar
I/HwLauncher( 3303): DynamicUpdater unregisterReceiver
I/HwLauncher( 3303): DynamicIcon onPause  isvisible = true   mAttachedToWindow:false    mWindowVisible:falsecom.huawei.android.totemweather
I/HwLauncher( 3303): DynamicIcon onVisibilityChanged 4 - com.android.deskclock
I/HwLauncher( 3303): DynamicIcon onVisibilityChanged 4 - com.android.calendar
I/ReactNativeJS( 7642): 'TOKEN:', { token: 'd5_hxdRStso:APA91bEtIY_B3NmPjefevdwAWflnuqTDrHeePUz7MpeDO3AMVXgiZg5phTCghliCEz5rR8OebgUsjDLDWIa-kNhlfpnFoC0wNZF9DXN6VVT0pIeEqRtbonTaTGQuBDcmk7V3bSVqiLBt',
I/ReactNativeJS( 7642):   os: 'android' }
I/ReactNativeJS( 7642): 'TOKEN:', { token: 'd5_hxdRStso:APA91bEtIY_B3NmPjefevdwAWflnuqTDrHeePUz7MpeDO3AMVXgiZg5phTCghliCEz5rR8OebgUsjDLDWIa-kNhlfpnFoC0wNZF9DXN6VVT0pIeEqRtbonTaTGQuBDcmk7V3bSVqiLBt',
I/ReactNativeJS( 7642):   os: 'android' }
I/ReactNativeJS( 7642): BACKGROUND SCAN
I/ReactNativeJS( 7642): Beacons monitoring started successfully
I/ReactNativeJS( 7642): 'TOKEN:', { token: 'd5_hxdRStso:APA91bEtIY_B3NmPjefevdwAWflnuqTDrHeePUz7MpeDO3AMVXgiZg5phTCghliCEz5rR8OebgUsjDLDWIa-kNhlfpnFoC0wNZF9DXN6VVT0pIeEqRtbonTaTGQuBDcmk7V3bSVqiLBt',
I/ReactNativeJS( 7642):   os: 'android' }
I/ReactNativeJS( 7642): BACKGROUND SCAN
I/ReactNativeJS( 7642): Beacons monitoring started successfully
I/ReactNativeJS( 7642): 'TOKEN:', { token: 'd5_hxdRStso:APA91bEtIY_B3NmPjefevdwAWflnuqTDrHeePUz7MpeDO3AMVXgiZg5phTCghliCEz5rR8OebgUsjDLDWIa-kNhlfpnFoC0wNZF9DXN6VVT0pIeEqRtbonTaTGQuBDcmk7V3bSVqiLBt',
I/ReactNativeJS( 7642):   os: 'android' }
I/ReactNativeJS( 7642): 'TOKEN:', { token: 'd5_hxdRStso:APA91bEtIY_B3NmPjefevdwAWflnuqTDrHeePUz7MpeDO3AMVXgiZg5phTCghliCEz5rR8OebgUsjDLDWIa-kNhlfpnFoC0wNZF9DXN6VVT0pIeEqRtbonTaTGQuBDcmk7V3bSVqiLBt',
I/ReactNativeJS( 7642):   os: 'android' }
I/ReactNativeJS( 7642): 'TOKEN:', { token: 'd5_hxdRStso:APA91bEtIY_B3NmPjefevdwAWflnuqTDrHeePUz7MpeDO3AMVXgiZg5phTCghliCEz5rR8OebgUsjDLDWIa-kNhlfpnFoC0wNZF9DXN6VVT0pIeEqRtbonTaTGQuBDcmk7V3bSVqiLBt',
I/ReactNativeJS( 7642):   os: 'android' }
I/ReactNativeJS( 7642): BACKGROUND SCAN
I/ReactNativeJS( 7642): Beacons monitoring started successfully
I/ReactNativeJS( 7642): 'TOKEN:', { token: 'd5_hxdRStso:APA91bEtIY_B3NmPjefevdwAWflnuqTDrHeePUz7MpeDO3AMVXgiZg5phTCghliCEz5rR8OebgUsjDLDWIa-kNhlfpnFoC0wNZF9DXN6VVT0pIeEqRtbonTaTGQuBDcmk7V3bSVqiLBt',
I/ReactNativeJS( 7642):   os: 'android' }
I/ReactNativeJS( 7642): 'TOKEN:', { token: 'd5_hxdRStso:APA91bEtIY_B3NmPjefevdwAWflnuqTDrHeePUz7MpeDO3AMVXgiZg5phTCghliCEz5rR8OebgUsjDLDWIa-kNhlfpnFoC0wNZF9DXN6VVT0pIeEqRtbonTaTGQuBDcmk7V3bSVqiLBt',
I/ReactNativeJS( 7642):   os: 'android' }
I/ReactNativeJS( 7642): BACKGROUND SCAN
I/ReactNativeJS( 7642): Beacons monitoring started successfully
I/ReactNativeJS( 7642): 'TOKEN:', { token: 'd5_hxdRStso:APA91bEtIY_B3NmPjefevdwAWflnuqTDrHeePUz7MpeDO3AMVXgiZg5phTCghliCEz5rR8OebgUsjDLDWIa-kNhlfpnFoC0wNZF9DXN6VVT0pIeEqRtbonTaTGQuBDcmk7V3bSVqiLBt',
I/ReactNativeJS( 7642):   os: 'android' }
I/ReactNativeJS( 7642): 'TOKEN:', { token: 'd5_hxdRStso:APA91bEtIY_B3NmPjefevdwAWflnuqTDrHeePUz7MpeDO3AMVXgiZg5phTCghliCEz5rR8OebgUsjDLDWIa-kNhlfpnFoC0wNZF9DXN6VVT0pIeEqRtbonTaTGQuBDcmk7V3bSVqiLBt',
I/ReactNativeJS( 7642):   os: 'android' }
I/ReactNativeJS( 7642): BACKGROUND SCAN
I/ReactNativeJS( 7642): Beacons monitoring started successfully
I/ReactNativeJS( 7642): 'TOKEN:', { token: 'd5_hxdRStso:APA91bEtIY_B3NmPjefevdwAWflnuqTDrHeePUz7MpeDO3AMVXgiZg5phTCghliCEz5rR8OebgUsjDLDWIa-kNhlfpnFoC0wNZF9DXN6VVT0pIeEqRtbonTaTGQuBDcmk7V3bSVqiLBt',
I/ReactNativeJS( 7642):   os: 'android' }
I/ReactNativeJS( 7642): 'TOKEN:', { token: 'd5_hxdRStso:APA91bEtIY_B3NmPjefevdwAWflnuqTDrHeePUz7MpeDO3AMVXgiZg5phTCghliCEz5rR8OebgUsjDLDWIa-kNhlfpnFoC0wNZF9DXN6VVT0pIeEqRtbonTaTGQuBDcmk7V3bSVqiLBt',
I/ReactNativeJS( 7642):   os: 'android' }
I/ReactNativeJS( 7642): BACKGROUND SCAN
I/ReactNativeJS( 7642): Beacons monitoring started successfully
I/ReactNativeJS( 7642): 'TOKEN:', { token: 'd5_hxdRStso:APA91bEtIY_B3NmPjefevdwAWflnuqTDrHeePUz7MpeDO3AMVXgiZg5phTCghliCEz5rR8OebgUsjDLDWIa-kNhlfpnFoC0wNZF9DXN6VVT0pIeEqRtbonTaTGQuBDcmk7V3bSVqiLBt',
I/ReactNativeJS( 7642):   os: 'android' }
I/ReactNativeJS( 7642): 'TOKEN:', { token: 'd5_hxdRStso:APA91bEtIY_B3NmPjefevdwAWflnuqTDrHeePUz7MpeDO3AMVXgiZg5phTCghliCEz5rR8OebgUsjDLDWIa-kNhlfpnFoC0wNZF9DXN6VVT0pIeEqRtbonTaTGQuBDcmk7V3bSVqiLBt',
I/ReactNativeJS( 7642):   os: 'android' }
I/ReactNativeJS( 7642): BACKGROUND SCAN
I/ReactNativeJS( 7642): Beacons monitoring started successfully
I/ReactNativeJS( 7642): 'TOKEN:', { token: 'd5_hxdRStso:APA91bEtIY_B3NmPjefevdwAWflnuqTDrHeePUz7MpeDO3AMVXgiZg5phTCghliCEz5rR8OebgUsjDLDWIa-kNhlfpnFoC0wNZF9DXN6VVT0pIeEqRtbonTaTGQuBDcmk7V3bSVqiLBt',
I/ReactNativeJS( 7642):   os: 'android' }
I/ReactNativeJS( 7642): 'TOKEN:', { token: 'd5_hxdRStso:APA91bEtIY_B3NmPjefevdwAWflnuqTDrHeePUz7MpeDO3AMVXgiZg5phTCghliCEz5rR8OebgUsjDLDWIa-kNhlfpnFoC0wNZF9DXN6VVT0pIeEqRtbonTaTGQuBDcmk7V3bSVqiLBt',
I/ReactNativeJS( 7642):   os: 'android' }
I/ReactNativeJS( 7642): BACKGROUND SCAN
I/ReactNativeJS( 7642): Beacons monitoring started successfully
I/ReactNativeJS( 7642): 'TOKEN:', { token: 'd5_hxdRStso:APA91bEtIY_B3NmPjefevdwAWflnuqTDrHeePUz7MpeDO3AMVXgiZg5phTCghliCEz5rR8OebgUsjDLDWIa-kNhlfpnFoC0wNZF9DXN6VVT0pIeEqRtbonTaTGQuBDcmk7V3bSVqiLBt',
I/ReactNativeJS( 7642):   os: 'android' }
I/ReactNativeJS( 7642): BACKGROUND SCAN
I/ReactNativeJS( 7642): Beacons monitoring started successfully
I/ReactNativeJS( 7642): 'TOKEN:', { token: 'd5_hxdRStso:APA91bEtIY_B3NmPjefevdwAWflnuqTDrHeePUz7MpeDO3AMVXgiZg5phTCghliCEz5rR8OebgUsjDLDWIa-kNhlfpnFoC0wNZF9DXN6VVT0pIeEqRtbonTaTGQuBDcmk7V3bSVqiLBt',
I/ReactNativeJS( 7642):   os: 'android' }
I/ReactNativeJS( 7642): 'TOKEN:', { token: 'd5_hxdRStso:APA91bEtIY_B3NmPjefevdwAWflnuqTDrHeePUz7MpeDO3AMVXgiZg5phTCghliCEz5rR8OebgUsjDLDWIa-kNhlfpnFoC0wNZF9DXN6VVT0pIeEqRtbonTaTGQuBDcmk7V3bSVqiLBt',
I/ReactNativeJS( 7642):   os: 'android' }
I/ReactNativeJS( 7642): 'TOKEN:', { token: 'd5_hxdRStso:APA91bEtIY_B3NmPjefevdwAWflnuqTDrHeePUz7MpeDO3AMVXgiZg5phTCghliCEz5rR8OebgUsjDLDWIa-kNhlfpnFoC0wNZF9DXN6VVT0pIeEqRtbonTaTGQuBDcmk7V3bSVqiLBt',
I/ReactNativeJS( 7642):   os: 'android' }
I/ReactNativeJS( 7642): BACKGROUND SCAN
I/ReactNativeJS( 7642): Beacons monitoring started successfully
I/ReactNativeJS( 7642): 'TOKEN:', { token: 'd5_hxdRStso:APA91bEtIY_B3NmPjefevdwAWflnuqTDrHeePUz7MpeDO3AMVXgiZg5phTCghliCEz5rR8OebgUsjDLDWIa-kNhlfpnFoC0wNZF9DXN6VVT0pIeEqRtbonTaTGQuBDcmk7V3bSVqiLBt',
I/ReactNativeJS( 7642):   os: 'android' }
I/ReactNativeJS( 7642): 'TOKEN:', { token: 'd5_hxdRStso:APA91bEtIY_B3NmPjefevdwAWflnuqTDrHeePUz7MpeDO3AMVXgiZg5phTCghliCEz5rR8OebgUsjDLDWIa-kNhlfpnFoC0wNZF9DXN6VVT0pIeEqRtbonTaTGQuBDcmk7V3bSVqiLBt',
I/ReactNativeJS( 7642):   os: 'android' }
I/ReactNativeJS( 7642): BACKGROUND SCAN
I/ReactNativeJS( 7642): Beacons monitoring started successfully
I/ReactNativeJS( 7642): 'TOKEN:', { token: 'd5_hxdRStso:APA91bEtIY_B3NmPjefevdwAWflnuqTDrHeePUz7MpeDO3AMVXgiZg5phTCghliCEz5rR8OebgUsjDLDWIa-kNhlfpnFoC0wNZF9DXN6VVT0pIeEqRtbonTaTGQuBDcmk7V3bSVqiLBt',
I/ReactNativeJS( 7642):   os: 'android' }
I/ReactNativeJS( 7642): 'TOKEN:', { token: 'd5_hxdRStso:APA91bEtIY_B3NmPjefevdwAWflnuqTDrHeePUz7MpeDO3AMVXgiZg5phTCghliCEz5rR8OebgUsjDLDWIa-kNhlfpnFoC0wNZF9DXN6VVT0pIeEqRtbonTaTGQuBDcmk7V3bSVqiLBt',
I/ReactNativeJS( 7642):   os: 'android' }
I/ReactNativeJS( 7642): BACKGROUND SCAN
I/ReactNativeJS( 7642): Beacons monitoring started successfully
I/ReactNativeJS( 7642): 'TOKEN:', { token: 'd5_hxdRStso:APA91bEtIY_B3NmPjefevdwAWflnuqTDrHeePUz7MpeDO3AMVXgiZg5phTCghliCEz5rR8OebgUsjDLDWIa-kNhlfpnFoC0wNZF9DXN6VVT0pIeEqRtbonTaTGQuBDcmk7V3bSVqiLBt',
I/ReactNativeJS( 7642):   os: 'android' }
I/ReactNativeJS( 7642): 'TOKEN:', { token: 'd5_hxdRStso:APA91bEtIY_B3NmPjefevdwAWflnuqTDrHeePUz7MpeDO3AMVXgiZg5phTCghliCEz5rR8OebgUsjDLDWIa-kNhlfpnFoC0wNZF9DXN6VVT0pIeEqRtbonTaTGQuBDcmk7V3bSVqiLBt',
I/ReactNativeJS( 7642):   os: 'android' }
I/ReactNativeJS( 7642): BACKGROUND SCAN
I/ReactNativeJS( 7642): Beacons monitoring started successfully
I/ReactNativeJS( 7642): 'TOKEN:', { token: 'd5_hxdRStso:APA91bEtIY_B3NmPjefevdwAWflnuqTDrHeePUz7MpeDO3AMVXgiZg5phTCghliCEz5rR8OebgUsjDLDWIa-kNhlfpnFoC0wNZF9DXN6VVT0pIeEqRtbonTaTGQuBDcmk7V3bSVqiLBt',
I/ReactNativeJS( 7642):   os: 'android' }
I/ReactNativeJS( 7642): 'TOKEN:', { token: 'd5_hxdRStso:APA91bEtIY_B3NmPjefevdwAWflnuqTDrHeePUz7MpeDO3AMVXgiZg5phTCghliCEz5rR8OebgUsjDLDWIa-kNhlfpnFoC0wNZF9DXN6VVT0pIeEqRtbonTaTGQuBDcmk7V3bSVqiLBt',
I/ReactNativeJS( 7642):   os: 'android' }
I/ReactNativeJS( 7642): BACKGROUND SCAN
I/ReactNativeJS( 7642): Beacons monitoring started successfully
I/ReactNativeJS( 7642): 'TOKEN:', { token: 'd5_hxdRStso:APA91bEtIY_B3NmPjefevdwAWflnuqTDrHeePUz7MpeDO3AMVXgiZg5phTCghliCEz5rR8OebgUsjDLDWIa-kNhlfpnFoC0wNZF9DXN6VVT0pIeEqRtbonTaTGQuBDcmk7V3bSVqiLBt',
I/ReactNativeJS( 7642):   os: 'android' }
I/ReactNativeJS( 7642): 'TOKEN:', { token: 'd5_hxdRStso:APA91bEtIY_B3NmPjefevdwAWflnuqTDrHeePUz7MpeDO3AMVXgiZg5phTCghliCEz5rR8OebgUsjDLDWIa-kNhlfpnFoC0wNZF9DXN6VVT0pIeEqRtbonTaTGQuBDcmk7V3bSVqiLBt',
I/ReactNativeJS( 7642):   os: 'android' }
I/ReactNativeJS( 7642): BACKGROUND SCAN
I/ReactNativeJS( 7642): Beacons monitoring started successfully
I/ReactNativeJS( 7642): 'TOKEN:', { token: 'd5_hxdRStso:APA91bEtIY_B3NmPjefevdwAWflnuqTDrHeePUz7MpeDO3AMVXgiZg5phTCghliCEz5rR8OebgUsjDLDWIa-kNhlfpnFoC0wNZF9DXN6VVT0pIeEqRtbonTaTGQuBDcmk7V3bSVqiLBt',
I/ReactNativeJS( 7642):   os: 'android' }
I/ReactNativeJS( 7642): 'TOKEN:', { token: 'd5_hxdRStso:APA91bEtIY_B3NmPjefevdwAWflnuqTDrHeePUz7MpeDO3AMVXgiZg5phTCghliCEz5rR8OebgUsjDLDWIa-kNhlfpnFoC0wNZF9DXN6VVT0pIeEqRtbonTaTGQuBDcmk7V3bSVqiLBt',
I/ReactNativeJS( 7642):   os: 'android' }
I/ReactNativeJS( 7642): BACKGROUND SCAN
I/ReactNativeJS( 7642): Beacons monitoring started successfully
I/ReactNativeJS( 7642): 'TOKEN:', { token: 'd5_hxdRStso:APA91bEtIY_B3NmPjefevdwAWflnuqTDrHeePUz7MpeDO3AMVXgiZg5phTCghliCEz5rR8OebgUsjDLDWIa-kNhlfpnFoC0wNZF9DXN6VVT0pIeEqRtbonTaTGQuBDcmk7V3bSVqiLBt',
I/ReactNativeJS( 7642):   os: 'android' }
I/ReactNativeJS( 7642): 'TOKEN:', { token: 'd5_hxdRStso:APA91bEtIY_B3NmPjefevdwAWflnuqTDrHeePUz7MpeDO3AMVXgiZg5phTCghliCEz5rR8OebgUsjDLDWIa-kNhlfpnFoC0wNZF9DXN6VVT0pIeEqRtbonTaTGQuBDcmk7V3bSVqiLBt',
I/ReactNativeJS( 7642):   os: 'android' }
I/ReactNativeJS( 7642): BACKGROUND SCAN
I/ReactNativeJS( 7642): Beacons monitoring started successfully
I/ReactNativeJS( 7642): 'TOKEN:', { token: 'd5_hxdRStso:APA91bEtIY_B3NmPjefevdwAWflnuqTDrHeePUz7MpeDO3AMVXgiZg5phTCghliCEz5rR8OebgUsjDLDWIa-kNhlfpnFoC0wNZF9DXN6VVT0pIeEqRtbonTaTGQuBDcmk7V3bSVqiLBt',
I/ReactNativeJS( 7642):   os: 'android' }
I/K3V3CpuGovernorPolicy( 3244): close previously scene Hmp policy : 300 , 150
I/ReactNativeJS( 7642): 'TOKEN:', { token: 'd5_hxdRStso:APA91bEtIY_B3NmPjefevdwAWflnuqTDrHeePUz7MpeDO3AMVXgiZg5phTCghliCEz5rR8OebgUsjDLDWIa-kNhlfpnFoC0wNZF9DXN6VVT0pIeEqRtbonTaTGQuBDcmk7V3bSVqiLBt',
I/ReactNativeJS( 7642):   os: 'android' }
I/ReactNativeJS( 7642): BACKGROUND SCAN
I/ReactNativeJS( 7642): Beacons monitoring started successfully
I/ReactNativeJS( 7642): 'TOKEN:', { token: 'd5_hxdRStso:APA91bEtIY_B3NmPjefevdwAWflnuqTDrHeePUz7MpeDO3AMVXgiZg5phTCghliCEz5rR8OebgUsjDLDWIa-kNhlfpnFoC0wNZF9DXN6VVT0pIeEqRtbonTaTGQuBDcmk7V3bSVqiLBt',
I/ReactNativeJS( 7642):   os: 'android' }
I/ReactNativeJS( 7642): 'TOKEN:', { token: 'd5_hxdRStso:APA91bEtIY_B3NmPjefevdwAWflnuqTDrHeePUz7MpeDO3AMVXgiZg5phTCghliCEz5rR8OebgUsjDLDWIa-kNhlfpnFoC0wNZF9DXN6VVT0pIeEqRtbonTaTGQuBDcmk7V3bSVqiLBt',
I/ReactNativeJS( 7642):   os: 'android' }
I/ReactNativeJS( 7642): BACKGROUND SCAN
I/ReactNativeJS( 7642): Beacons monitoring started successfully
I/ReactNativeJS( 7642): 'TOKEN:', { token: 'd5_hxdRStso:APA91bEtIY_B3NmPjefevdwAWflnuqTDrHeePUz7MpeDO3AMVXgiZg5phTCghliCEz5rR8OebgUsjDLDWIa-kNhlfpnFoC0wNZF9DXN6VVT0pIeEqRtbonTaTGQuBDcmk7V3bSVqiLBt',
I/ReactNativeJS( 7642):   os: 'android' }
I/ReactNativeJS( 7642): 'TOKEN:', { token: 'd5_hxdRStso:APA91bEtIY_B3NmPjefevdwAWflnuqTDrHeePUz7MpeDO3AMVXgiZg5phTCghliCEz5rR8OebgUsjDLDWIa-kNhlfpnFoC0wNZF9DXN6VVT0pIeEqRtbonTaTGQuBDcmk7V3bSVqiLBt',
I/ReactNativeJS( 7642):   os: 'android' }
I/ReactNativeJS( 7642): BACKGROUND SCAN
I/ReactNativeJS( 7642): Beacons monitoring started successfully
I/ReactNativeJS( 7642): 'TOKEN:', { token: 'd5_hxdRStso:APA91bEtIY_B3NmPjefevdwAWflnuqTDrHeePUz7MpeDO3AMVXgiZg5phTCghliCEz5rR8OebgUsjDLDWIa-kNhlfpnFoC0wNZF9DXN6VVT0pIeEqRtbonTaTGQuBDcmk7V3bSVqiLBt',
I/ReactNativeJS( 7642):   os: 'android' }
I/ReactNativeJS( 7642): 'TOKEN:', { token: 'd5_hxdRStso:APA91bEtIY_B3NmPjefevdwAWflnuqTDrHeePUz7MpeDO3AMVXgiZg5phTCghliCEz5rR8OebgUsjDLDWIa-kNhlfpnFoC0wNZF9DXN6VVT0pIeEqRtbonTaTGQuBDcmk7V3bSVqiLBt',
I/ReactNativeJS( 7642):   os: 'android' }
I/ReactNativeJS( 7642): BACKGROUND SCAN
I/ReactNativeJS( 7642): Beacons monitoring started successfully
I/ReactNativeJS( 7642): 'TOKEN:', { token: 'd5_hxdRStso:APA91bEtIY_B3NmPjefevdwAWflnuqTDrHeePUz7MpeDO3AMVXgiZg5phTCghliCEz5rR8OebgUsjDLDWIa-kNhlfpnFoC0wNZF9DXN6VVT0pIeEqRtbonTaTGQuBDcmk7V3bSVqiLBt',
I/ReactNativeJS( 7642):   os: 'android' }
I/ReactNativeJS( 7642): 'TOKEN:', { token: 'd5_hxdRStso:APA91bEtIY_B3NmPjefevdwAWflnuqTDrHeePUz7MpeDO3AMVXgiZg5phTCghliCEz5rR8OebgUsjDLDWIa-kNhlfpnFoC0wNZF9DXN6VVT0pIeEqRtbonTaTGQuBDcmk7V3bSVqiLBt',
I/ReactNativeJS( 7642):   os: 'android' }
I/ReactNativeJS( 7642): BACKGROUND SCAN
I/ReactNativeJS( 7642): Beacons monitoring started successfully
I/ReactNativeJS( 7642): 'TOKEN:', { token: 'd5_hxdRStso:APA91bEtIY_B3NmPjefevdwAWflnuqTDrHeePUz7MpeDO3AMVXgiZg5phTCghliCEz5rR8OebgUsjDLDWIa-kNhlfpnFoC0wNZF9DXN6VVT0pIeEqRtbonTaTGQuBDcmk7V3bSVqiLBt',
I/ReactNativeJS( 7642):   os: 'android' }
I/ReactNativeJS( 7642): 'TOKEN:', { token: 'd5_hxdRStso:APA91bEtIY_B3NmPjefevdwAWflnuqTDrHeePUz7MpeDO3AMVXgiZg5phTCghliCEz5rR8OebgUsjDLDWIa-kNhlfpnFoC0wNZF9DXN6VVT0pIeEqRtbonTaTGQuBDcmk7V3bSVqiLBt',
I/ReactNativeJS( 7642):   os: 'android' }
I/HwSystemManager( 3621): OptimizeReceiver:OptimizeReceiver received action:huawei.intent.action.hsm_remove_pkg
I/ReactNativeJS( 7642): BACKGROUND SCAN
I/ReactNativeJS( 7642): Beacons monitoring started successfully
E/HwLauncher( 3303): Launcher dialog dismiss failed : java.lang.IllegalArgumentException: no dialog with id 1 was ever shown via Activity#showDialog
I/HwSystemManager( 3544): OptimizeIntentService:handlerRemovePkg, packge name is com.awesomeproject
I/HwSystemManager( 3544): ProcessFilterPolicy:unprotectList app:[com.autonavi.minimap, com.sohu.newsclient, com.UCMobile, com.huawei.helpcenter, com.huawei.android.thememanager, com.google.android.apps.translate, org.cocos2dx.FishingJoy2HuaWei, vStudio.Android.Camera360, com.huawei.fans, com.hw.sohu.newsclient, com.google.android.apps.plus, com.google.android.googlequicksearchbox, com.android.vending, com.android.htmlviewer, com.douban.radio, com.android.musicvis, com.huawei.android.WeatherWallpaper, com.flightmanager.view, com.youdao.dict, com.android.wallpaper.livepicker, com.vectorunit.bluehuawei, com.android.wallpaper.holospiral, com.nd.assistance, com.android.wallpaper, com.android.browser, com.mapbar.android.mapbarmap, com.android.stk, com.google.android.apps.magazines, com.google.android.apps.maps, com.android.magicsmoke, com.huawei.android.totemweather, com.android.easou.search, com.android.chrome, com.mapbar.android.accompany, com.autonavi.xmgd.navigator, com.huawei.flashlight, com.android.providers.downloads, com.baidu.searchbox_huawei, com.sohu.sohuvideo, com.huawei.dbank.v7, com.vmall.client, aceim.smileys.flags, com.pixlr.express, com.intsig.camscanner, com.google.android.marvin.talkback, com.google.android.gms, com.google.android.inputmethod.latin, com.google.android.tts, com.google.android.apps.cloudprint, com.google.android.apps.docs, com.google.android.play.games, de.twokit.video.tv.cast.browser.samsung, com.centaurwarchief.facebooklogin.test, com.facebook.reactnative.androidsdk.test, com.hotelproject, com.radiusnetworks.locate, com.beacontesting, com.Slack, com.macropinch.swan, com.fotoable.temperature.weather, com.tripadvisor.tripadvisor, com.awesomeproject]
I/HwSystemManager( 3544): OptimizeIntentService:Send pkg to smcs[com.awesomeproject]
I/HwSystemManager( 3544): SmartMemoryCleanService:informAMSDirectTrimPkgs called, trim pkg:[com.awesomeproject]
E/HwLauncher( 3303): Launcher dialog dismiss failed : java.lang.IllegalArgumentException: no dialog with id 1 was ever shown via Activity#showDialog
I/HwLauncher( 3303): DynamicIcon onWindowVisibilityChanged 4 - com.android.deskclock
I/HwLauncher( 3303): DynamicIcon onWindowVisibilityChanged 4 - com.android.calendar
I/HwLauncher( 3303): Launcher onStart()
I/HwLauncher( 3303): Launcher dynamicIconsRegister
I/HwLauncher( 3303): DynamicUpdater registerReceiver
I/HwLauncher( 3303): DynamicUpdater call updateFolder
I/HwLauncher( 3303): DynamicIcon onResume  isvisible = false   mAttachedToWindow:true    mWindowVisible:falsecom.android.deskclock
I/HwLauncher( 3303): DynamicUpdater registerReceiver
I/HwLauncher( 3303): DynamicUpdater call updateFolder
I/HwLauncher( 3303): DynamicIcon onResume  isvisible = false   mAttachedToWindow:true    mWindowVisible:falsecom.android.calendar
I/HwLauncher( 3303): DynamicUpdater registerReceiver
I/HwLauncher( 3303): DynamicUpdater call updateFolder
I/HwLauncher( 3303): WeatherDynamicUpdaterpositiveUpdate at WeatherDynamicUpdater
I/HwLauncher( 3303): DynamicIcon onResume  isvisible = true   mAttachedToWindow:false    mWindowVisible:falsecom.huawei.android.totemweather
I/HwLauncher( 3303): Launcher onResume()
I/HwLauncher( 3303): Launcher doResumeWork()
W/MotionDetectionManager( 3303): startMotionAppsReco motionApps: 402 disabled
W/HwLauncher( 3303): Launcher.MotionManager failed to start TYPE_SHAKE_CHANGE_WALLPAPER
I/HwLauncher( 3303): Launcher.MotionManager startShakeMotion mIsShakeInHome=true
W/MotionDetectionManager( 3303): startMotionAppsReco motionApps: 404 disabled
W/HwLauncher( 3303): Launcher.MotionManager failed to start TYPE_SHAKE_START_PRIVACY
I/HwLauncher( 3303): PagedView snapToPage.getChildOffset(): 0
I/HwLauncher( 3303): PagedView snapToPage.getRelativeChildOffset(): 1080, 1080
I/HwLauncher( 3303): Launcher changeNaviBarStatus
W/HwLauncher( 3303): Launcher  updateMarginLayoutParamsForView:the target view is null.
I/HwLauncher( 3303): Launcher  onResume mIsToUninstallApp = false
I/HwLauncher( 3303): DynamicIcon onVisibilityChanged 0 - com.android.deskclock
I/HwLauncher( 3303): DynamicIcon onVisibilityChanged 0 - com.android.calendar
I/HwLauncher( 3303): DynamicIcon onWindowVisibilityChanged 0 - com.android.deskclock
I/HwLauncher( 3303): DynamicIcon onWindowVisibilityChanged 0 - com.android.calendar
I/PhoneStatusBar( 3082): hw_status_bar_operators = false, setSystemUIVisibily(SHOW_OPERATOR = false)
I/HwLauncher( 3303): WeatherDynamicUpdaterreceive action = com.huawei.android.action.launcher_weather_icon_change
I/HwLauncher( 3303): WeatherDynamicUpdaterreceiver data is int[] = [0, 0, 4, 0, 2, 0, 0, 0]
I/HwLauncher( 3303):  stringArray[] [mostlycloudy, num2, num2, tempc]
I/PhoneStatusBar( 3082): hw_status_bar_operators = false, setSystemUIVisibily(SHOW_OPERATOR = false)
W/Settings( 2928): Setting device_provisioned has moved from android.provider.Settings.Secure to android.provider.Settings.Global.
E/Thermal-daemon( 2431): [ap] temp_new :38  temp_old :37
E/Thermal-daemon( 2431): Report temperature: [ap] temp :38  report_threshold:1
W/Settings( 3082): Setting airplane_mode_on has moved from android.provider.Settings.System to android.provider.Settings.Global, returning read-only value.
I/PhoneStatusBar( 3082): hw_status_bar_operators = false, setSystemUIVisibily(SHOW_OPERATOR = false)
W/NearbyMessages(31908): Runnable[ScanComplete] not posted since EventLoop is destroyed
I/BeaconBle(31908): Scan : No clients left, canceling alarm.
I/BluetoothAdapterState(31040): Entering OffState
I/RadioStateMachine(31040): Entering OffState
I/BluetoothServiceJni(31040): OoO sJniCallbacksObj has init before init? 0
I/bluedroid(31040): init
I/bte_main(31040): OoO log conf is : false
I/bte_conf(31040): Attempt to load stack conf from /etc/bluetooth/bt_stack.conf
I/bluedroid(31040): get_profile_interface socket
I/GKI_LINUX(31040): gki_task_entry: gki_task_entry task_id=1 [BTIF] starting
I/BluetoothAdapterProperties(31040): adapterPropertyChangedCallback with type:2 len:6
I/bluedroid(31040): config_hci_snoop_log
I/BluetoothAdapterProperties(31040): adapterPropertyChangedCallback with type:1 len:7
I/BluetoothAdapterState(31040): Bluetooth adapter state changed: 10-> 11
I/BluetoothBondStateMachine(31040): StableState(): Entering Off State
W/BluetoothAdapterService(31040): Starting service com.android.bluetooth.hfp.HeadsetService
W/BluetoothAdapterService(31040): Starting service com.android.bluetooth.a2dp.A2dpService
W/BluetoothAdapterService(31040): Starting service com.android.bluetooth.hid.HidService
W/BluetoothAdapterService(31040): Starting service com.android.bluetooth.hdp.HealthService
I/bluedroid(31040): get_profile_interface handsfree
W/BluetoothAdapterService(31040): Starting service com.android.bluetooth.pan.PanService
W/BluetoothAdapterService(31040): Starting service com.android.bluetooth.gatt.GattService
W/BluetoothAdapterService(31040): Starting service com.android.bluetooth.map.BluetoothMapService
I/BluetoothAdapterState(31040): Entering PendingCommandState State: isTurningOn()=true, isTurningOff()=false
I/bluedroid(31040): get_profile_interface a2dp
I/GKI_LINUX(31040): gki_task_entry: gki_task_entry task_id=2 [A2DP-MEDIA] starting
I/bluedroid(31040): get_profile_interface avrcp
I/bluedroid(31040): get_profile_interface hidhost
W/Settings( 3082): Setting airplane_mode_on has moved from android.provider.Settings.System to android.provider.Settings.Global, returning read-only value.
I/bluedroid(31040): get_profile_interface health
I/bluedroid(31040): get_profile_interface pan
I/bluedroid(31040): get_profile_interface gatt
I/bluedroid(31040): enable
I/bt_hci_bdroid(31040): init
I/bt_vendor(31040): init
I/bt_vnd_conf(31040): Attempt to load conf from /etc/bluetooth/bt_vendor.conf
I/bt_hci_bdroid(31040): bt_hc_worker_thread started
I/bt_userial_vendor(31040): userial vendor open: opening /dev/ttyAMA4
I/bt_userial_vendor(31040): device fd = 84 open
I/GKI_LINUX(31040): gki_task_entry: gki_task_entry task_id=0 [BTU] starting
I/bt-btu  (31040): btu_task pending for preload complete event
I/GKI_LINUX(31040): gki_task_entry: gki_task_entry task_id=3 [APPL] starting
E/bt-btif (31040): fm_app_task starts up
I/BTAPP_FM(31040): btapp_fm_init: ServerInit (res = 6)
I/BTL-IFS (31040): BTL_IF_RegisterSubSystem: Registered subsystem [FM]
I/BTAPP_FM(31040): btapp_fm_init: RegisterSubSystem (res = 0)
I/bt_hwcfg(31040): bt vendor lib: set UART baud 3000000
I/bt_hwcfg(31040): Found patchfile: /vendor/firmware//BCM4334B0_002.001.013.1164.1457_RC.hcd
I/BeaconBle(31908): OS Scanner is only available for LOLLIPOP+
I/BeaconBle(31908): BLE 'JB+' software access layer enabled
W/Nearby  (31908): Bind call too late - someone already tried to get: interface aqsv
W/NearbyMessages(31908): NetworkPollManager:  RPC was requested, but deemed unnecessary.
I/bt_hwcfg(31040): bt vendor lib: set UART baud 115200
I/bt_hwcfg(31040): bt vendor lib: set UART baud 3000000
I/bt_hwcfg(31040): Setting local bd addr to 8C:34:FD:83:24:9D
I/bt_hwcfg(31040): vendor lib fwcfg completed
I/bt-btu  (31040): btu_task received preload complete event
I/        (31040): BTE_InitTraceLevels -- TRC_HCI
I/        (31040): BTE_InitTraceLevels -- TRC_L2CAP
I/        (31040): BTE_InitTraceLevels -- TRC_RFCOMM
I/        (31040): BTE_InitTraceLevels -- TRC_AVDT
I/        (31040): BTE_InitTraceLevels -- TRC_AVRC
I/        (31040): BTE_InitTraceLevels -- TRC_A2D
I/        (31040): BTE_InitTraceLevels -- TRC_BNEP
I/        (31040): BTE_InitTraceLevels -- TRC_BTM
I/        (31040): BTE_InitTraceLevels -- TRC_GAP
I/        (31040): BTE_InitTraceLevels -- TRC_PAN
