W/System.err( 3545): 	at org.apache.http.impl.client.AbstractHttpClient.execute(AbstractHttpClient.java:506)
W/System.err( 3545): 	at org.apache.http.impl.client.AbstractHttpClient.execute(AbstractHttpClient.java:484)
W/System.err( 3545): 	at com.wakti.store.j.c.m.a(Unknown Source)
W/System.err( 3545): 	at com.wakti.store.j.c.m.a(Unknown Source)
W/System.err( 3545): 	at com.wakti.store.j.c.m.a(Unknown Source)
W/System.err( 3545): 	at com.wakti.store.j.c.m.a(Unknown Source)
W/System.err( 3545): 	at com.wakti.store.j.c.m.c(Unknown Source)
W/System.err( 3545): 	at com.wakti.store.webapi.WebApiHelper.getNotifyPushList(Unknown Source)
W/System.err( 3545): 	at com.wakti.store.setting.g.doInBackground(Unknown Source)
W/System.err( 3545): 	at android.os.AsyncTask$2.call(AsyncTask.java:288)
W/System.err( 3545): 	at java.util.concurrent.FutureTask.run(FutureTask.java:237)
W/System.err( 3545): 	at android.os.AsyncTask$SerialExecutor$1.run(AsyncTask.java:231)
W/System.err( 3545): 	at java.util.concurrent.ThreadPoolExecutor.runWorker(ThreadPoolExecutor.java:1112)
W/System.err( 3545): 	at java.util.concurrent.ThreadPoolExecutor$Worker.run(ThreadPoolExecutor.java:587)
W/System.err( 3545): 	at java.lang.Thread.run(Thread.java:841)
W/System.err( 3545): java.lang.NullPointerException
W/System.err( 3545): 	at org.json.JSONTokener.nextCleanInternal(JSONTokener.java:116)
W/System.err( 3545): 	at org.json.JSONTokener.nextValue(JSONTokener.java:94)
W/System.err( 3545): 	at org.json.JSONObject.<init>(JSONObject.java:155)
W/System.err( 3545): 	at org.json.JSONObject.<init>(JSONObject.java:172)
W/System.err( 3545): 	at com.wakti.store.j.c.m.c(Unknown Source)
W/System.err( 3545): 	at com.wakti.store.webapi.WebApiHelper.getNotifyPushList(Unknown Source)
W/System.err( 3545): 	at com.wakti.store.setting.g.doInBackground(Unknown Source)
W/System.err( 3545): 	at android.os.AsyncTask$2.call(AsyncTask.java:288)
W/System.err( 3545): 	at java.util.concurrent.FutureTask.run(FutureTask.java:237)
W/System.err( 3545): 	at android.os.AsyncTask$SerialExecutor$1.run(AsyncTask.java:231)
W/System.err( 3545): 	at java.util.concurrent.ThreadPoolExecutor.runWorker(ThreadPoolExecutor.java:1112)
W/System.err( 3545): 	at java.util.concurrent.ThreadPoolExecutor$Worker.run(ThreadPoolExecutor.java:587)
W/System.err( 3545): 	at java.lang.Thread.run(Thread.java:841)
E/JSONUtil( 3545):  json ,url:http://api.wakti.com/NotifyPush/GetNotifyPushList?lastmodifytime=0&pagesize=10
E/CommandListener( 2419): readDefRoute call readDefRoute
E/SecondaryTablController( 2419): isWifiDefaultRouteExisted /system/bin/ip route
E/CommandListener( 2419): readDefRoute Rsp ok
I/wpa_supplicant( 8802): wlan0: HEART-BEAT-ACK: 525
E/Thermal-daemon( 2432): [ap] temp_new :31  temp_old :32
I/wpa_supplicant( 8802): wlan0: HEART-BEAT-ACK: 526
I/HwLockScreenImpl( 3036): onResume: 1
I/HwLockScreenImpl( 3036): Do not need screenshot
I/LockScreenCallbackImpl( 3036): refreshLockScreenInfo
I/LockScreenCallbackImpl( 3036): getSimState
I/LockScreenCallbackImpl( 3036): traverseCardStatus : mUpdateMonitor.getSimState(0)=READY
I/LockScreenCallbackImpl( 3036): getCurrentStatus simState=READY
E/AudioFlinger( 2427): setLppDtsGeq():invalid keyValue of dts geq.
I/BeaconBle( 3286): Client requested scan, settings=BleSettings [scanMode=LOW_LATENCY, callbackType=ALL_MATCHES, reportDelayMillis=0, 6 filters, 1 clients, callingClientName=Nearby], listener=geo@43534c40
I/DesktopLyricService(16198): received broadcast action = android.intent.action.SCREEN_ON
I/DesktopLyricManager(16198): scheduleHideLyricView !
I/DesktopLyricManager(16198): performHideLyricView ! mIsLyricViewAdded = false
I/PGFreezeAdapter( 3322): setAlarmsPending [false] -> [[]]
I/AppsCleanUp( 3322): success pending alarm state:false
I/HwLockScreenImpl( 3036): onTrigger startActivity intent=null
I/DesktopLyricService(16198): received broadcast action = com.android.keyguard.intent.action.ACTION_LYRICS
I/DesktopLyricService(16198): hide lock screen lyric!
I/DesktopLyricService(16198): received broadcast action = android.intent.action.USER_PRESENT
I/DesktopLyricManager(16198): scheduleHideLyricView !
I/DesktopLyricManager(16198): scheduleShowLyricView delay = false
I/DesktopLyricManager(16198): performHideLyricView ! mIsLyricViewAdded = false
I/DesktopLyricManager(16198): canShowLyric switchOn = false isBackGround = true mIsLyricViewAdded = false isPlaying = false isPreparing = false isUserPresent = true
I/PhoneStatusBar( 3171): hw_status_bar_operators = false, setSystemUIVisibily(SHOW_OPERATOR = false)
I/HwUpdateMonitor( 3036): unRegisterCallback com.android.huawei.hwlockscreen.utils.EventNotifyView$1@44218dc8, callback size = 2
I/InfoCenterView( 3036): unRegisterCallback com.android.huawei.music.HwMusicView$2@44349298, callback size = 1
I/CameraLayout( 3036): onDetachedFromWindow
I/DesktopLyricService(16198): received broadcast action = com.android.keyguard.intent.action.ACTION_LYRICS
I/HwMusicManager( 3036): unRegisterMusicObserver 
I/DesktopLyricService(16198): hide lock screen lyric!
I/HwUpdateMonitor( 3036): unRegisterCallback com.android.huawei.hwlockscreen.infocenter.InfoCenterView$1@444736d0, callback size = 1
I/HwUpdateMonitor( 3036): unRegisterMonitor
E/BluetoothPlatformImp(24269): in setBeamPushUrisCallback, nfcAdapter is null!
I/BiometricManager(24269): UE supported types is null
I/Authzen ( 8114): [DeviceStateSyncManager] Device state fast sync is disabled
E/CommandListener( 2419): readDefRoute call readDefRoute
E/SecondaryTablController( 2419): isWifiDefaultRouteExisted /system/bin/ip route
W/bt-btm  ( 4282): BTM_SetConnectability
I/K3V3CpuGovernorPolicy( 3322): set scene Hmp policy : 300 , 150
W/dalvikvm( 3171): Refusing to reopen boot DEX '/system/framework/hwframework.jar'
W/dalvikvm( 3171): Refusing to reopen boot DEX '/system/framework/hwEmui.jar'
E/HwLauncher( 3377): Launcher dialog dismiss failed : java.lang.IllegalArgumentException: no dialog with id 1 was ever shown via Activity#showDialog
E/HwLauncher( 3377): Launcher dialog dismiss failed : java.lang.IllegalArgumentException: no dialog with id 1 was ever shown via Activity#showDialog
I/ActivityManager( 2927): Displayed com.android.systemui/.recent.RecentsActivity: +118ms
E/CommandListener( 2419): readDefRoute Rsp ok
I/K3V3CpuGovernorPolicy( 3322): close previously scene Hmp policy : 300 , 150
I/HwSystemManager( 6449): OptimizeReceiver:OptimizeReceiver received action:huawei.intent.action.hsm_remove_pkg
E/HwLauncher( 3377): Launcher dialog dismiss failed : java.lang.IllegalArgumentException: no dialog with id 1 was ever shown via Activity#showDialog
I/HwSystemManager( 3598): OptimizeIntentService:handlerRemovePkg, packge name is com.awesomeproject
I/HwSystemManager( 3598): ProcessFilterPolicy:unprotectList app:[com.autonavi.minimap, com.sohu.newsclient, com.UCMobile, com.huawei.helpcenter, com.huawei.android.thememanager, com.google.android.apps.translate, org.cocos2dx.FishingJoy2HuaWei, vStudio.Android.Camera360, com.huawei.fans, com.hw.sohu.newsclient, com.google.android.apps.plus, com.google.android.googlequicksearchbox, com.android.vending, com.android.htmlviewer, com.douban.radio, com.android.musicvis, com.huawei.android.WeatherWallpaper, com.flightmanager.view, com.youdao.dict, com.android.wallpaper.livepicker, com.vectorunit.bluehuawei, com.android.wallpaper.holospiral, com.nd.assistance, com.android.wallpaper, com.android.browser, com.mapbar.android.mapbarmap, com.android.stk, com.google.android.apps.magazines, com.google.android.apps.maps, com.android.magicsmoke, com.huawei.android.totemweather, com.android.easou.search, com.android.chrome, com.mapbar.android.accompany, com.autonavi.xmgd.navigator, com.huawei.flashlight, com.android.providers.downloads, com.baidu.searchbox_huawei, com.sohu.sohuvideo, com.huawei.dbank.v7, com.vmall.client, aceim.smileys.flags, com.pixlr.express, com.intsig.camscanner, com.google.android.marvin.talkback, com.google.android.gms, com.google.android.inputmethod.latin, com.google.android.tts, com.google.android.apps.cloudprint, com.google.android.apps.docs, com.google.android.play.games, de.twokit.video.tv.cast.browser.samsung, com.centaurwarchief.facebooklogin.test, com.facebook.reactnative.androidsdk.test, com.hotelproject, com.radiusnetworks.locate, com.beacontesting, com.Slack, com.macropinch.swan, com.fotoable.temperature.weather, com.tripadvisor.tripadvisor, com.awesomeproject]
I/HwSystemManager( 3598): OptimizeIntentService:Send pkg to smcs[com.awesomeproject]
I/HwSystemManager( 3598): SmartMemoryCleanService:informAMSDirectTrimPkgs called, trim pkg:[com.awesomeproject]
I/HwLauncher( 3377): DynamicIcon onWindowVisibilityChanged 4 - com.android.deskclock
I/HwLauncher( 3377): DynamicIcon onWindowVisibilityChanged 4 - com.android.calendar
I/HwLauncher( 3377): Launcher onStart()
I/HwLauncher( 3377): Launcher dynamicIconsRegister
I/HwLauncher( 3377): DynamicUpdater registerReceiver
I/HwLauncher( 3377): DynamicIconData , getDrawableForDynamic begin, pkg = com.android.deskclock, picName = deskclock_bg
I/HwLauncher( 3377): DynamicIconData , getDrawableForDynamic end, pkg = com.android.deskclock, picName = deskclock_bg
I/HwLauncher( 3377): ClockDynamicUpdater calender update folder at CalenderDynamicUpdater
I/HwLauncher( 3377): DynamicUpdater call updateFolder
I/HwLauncher( 3377): DynamicUpdater call updateFolder
I/HwLauncher( 3377): DynamicIcon onResume  isvisible = false   mAttachedToWindow:true    mWindowVisible:falsecom.android.deskclock
I/HwLauncher( 3377): DynamicUpdater registerReceiver
I/HwLauncher( 3377): DynamicUpdater call updateFolder
I/HwLauncher( 3377): DynamicIcon onResume  isvisible = false   mAttachedToWindow:true    mWindowVisible:falsecom.android.calendar
I/HwLauncher( 3377): DynamicUpdater registerReceiver
I/HwLauncher( 3377): DynamicUpdater call updateFolder
I/HwLauncher( 3377): WeatherDynamicUpdaterpositiveUpdate at WeatherDynamicUpdater
I/HwLauncher( 3377): DynamicIcon onResume  isvisible = true   mAttachedToWindow:false    mWindowVisible:falsecom.huawei.android.totemweather
I/HwLauncher( 3377): Launcher onResume()
I/HwLauncher( 3377): Launcher doResumeWork()
W/MotionDetectionManager( 3377): startMotionAppsReco motionApps: 402 disabled
W/HwLauncher( 3377): Launcher.MotionManager failed to start TYPE_SHAKE_CHANGE_WALLPAPER
I/HwLauncher( 3377): Launcher.MotionManager startShakeMotion mIsShakeInHome=true
W/MotionDetectionManager( 3377): startMotionAppsReco motionApps: 404 disabled
W/HwLauncher( 3377): Launcher.MotionManager failed to start TYPE_SHAKE_START_PRIVACY
I/HwLauncher( 3377): Launcher changeNaviBarStatus
W/HwLauncher( 3377): Launcher  updateMarginLayoutParamsForView:the target view is null.
I/HwLauncher( 3377): Launcher  onResume mIsToUninstallApp = false
I/HwLauncher( 3377): DynamicIcon onVisibilityChanged 0 - com.android.deskclock
I/HwLauncher( 3377): DynamicIcon onVisibilityChanged 0 - com.android.calendar
E/HwLauncher( 3377): Launcher dialog dismiss failed : java.lang.IllegalArgumentException: no dialog with id 1 was ever shown via Activity#showDialog
I/HwLauncher( 3377): DynamicIcon onWindowVisibilityChanged 0 - com.android.deskclock
I/HwLauncher( 3377): DynamicIcon onWindowVisibilityChanged 0 - com.android.calendar
I/PhoneStatusBar( 3171): hw_status_bar_operators = false, setSystemUIVisibily(SHOW_OPERATOR = false)
I/HwLauncher( 3377): WeatherDynamicUpdaterreceive action = com.huawei.android.action.launcher_weather_icon_change
I/HwLauncher( 3377): WeatherDynamicUpdaterreceiver data is int[] = [0, 0, 4, 0, 2, 0, 0, 0]
I/HwLauncher( 3377):  stringArray[] [mostlycloudy, num1, num6, tempc]
I/PhoneStatusBar( 3171): hw_status_bar_operators = false, setSystemUIVisibily(SHOW_OPERATOR = false)
I/bt-hci  ( 4282): BLE HCI(id=62) event = 0x02)
I/bt-hci  ( 4282): btu_ble_process_adv_pkt
W/bt-btm  ( 4282): BTM_SetConnectability
I/BeaconBle( 3286): Client requested scan, settings=BleSettings [scanMode=ZERO_POWER, callbackType=ALL_MATCHES, reportDelayMillis=0, 6 filters, 1 clients, callingClientName=Nearby], listener=geo@43534c40
W/bt-btm  ( 4282): BTM_SetConnectability
I/BeaconBle( 3286): Scan : No clients left, canceling alarm.
E/Thermal-daemon( 2432): [ap] temp_new :32  temp_old :31
I/CAPALiteReceiver( 3322): USER STATE: STATIONARY SUB STATE: UNKNOWN
I/wpa_supplicant( 8802): wlan0: HEART-BEAT-ACK: 527
I/CAPALiteReceiver( 3322): USER STATE: STATIONARY SUB STATE: UNKNOWN
I/wpa_supplicant( 8802): wlan0: HEART-BEAT-ACK: 528
I/HwLauncher( 3377): ClockDynamicUpdater date changed!!!!!!
I/HwLauncher( 3377): DynamicIconData , getDrawableForDynamic begin, pkg = com.android.deskclock, picName = deskclock_bg
I/HwLauncher( 3377): DynamicIconData , getDrawableForDynamic end, pkg = com.android.deskclock, picName = deskclock_bg
I/HwLauncher( 3377): ClockDynamicUpdater calender update folder at CalenderDynamicUpdater
I/HwLauncher( 3377): DynamicUpdater call updateFolder
I/HwLauncher( 3377): ClockDynamicUpdater Calender update and call updateFolder
I/HwLauncher( 3377): CalenderDynamicUpdater date changed!!!!!!
I/HwLauncher( 3377): CalenderDynamicUpdater Calender update and call updateFolder
E/Thermal-daemon( 2432): [ap] temp_new :31  temp_old :32
I/HwLauncher( 3377): PagedView snapToPage.getChildOffset(): 1080
I/HwLauncher( 3377): PagedView snapToPageWithVelocity.getRelativeChildOffset(): 1080, 1080
W/Settings( 3171): Setting airplane_mode_on has moved from android.provider.Settings.System to android.provider.Settings.Global, returning read-only value.
I/PhoneStatusBar( 3171): hw_status_bar_operators = false, setSystemUIVisibily(SHOW_OPERATOR = false)
I/PhoneStatusBar( 3171): hw_status_bar_operators = false, setSystemUIVisibily(SHOW_OPERATOR = false)
W/Settings( 2927): Setting device_provisioned has moved from android.provider.Settings.Secure to android.provider.Settings.Global.
W/System.err( 3171): java.lang.NoSuchMethodException: unsetVoiceAssistantStyle [int]
W/System.err( 3171): 	at java.lang.Class.getConstructorOrMethod(Class.java:472)
W/System.err( 3171): 	at java.lang.Class.getMethod(Class.java:857)
W/System.err( 3171): 	at com.android.systemui.compat.GlowPadViewWrapper$GlowPadWrapper.unsetVoiceAssistantStyle(GlowPadViewWrapper.java:30)
W/System.err( 3171): 	at com.android.systemui.SearchPanelView.maybeSwapSearchIcon(SearchPanelView.java:280)
W/System.err( 3171): 	at com.android.systemui.SearchPanelView.show(SearchPanelView.java:343)
W/System.err( 3171): 	at com.android.systemui.statusbar.BaseStatusBar$H.handleMessage(BaseStatusBar.java:1058)
W/System.err( 3171): 	at com.android.systemui.statusbar.phone.PhoneStatusBar$H.handleMessage(PhoneStatusBar.java:2899)
W/System.err( 3171): 	at android.os.Handler.dispatchMessage(Handler.java:102)
W/System.err( 3171): 	at android.os.Looper.loop(Looper.java:136)
W/System.err( 3171): 	at android.app.ActivityThread.main(ActivityThread.java:5314)
W/System.err( 3171): 	at java.lang.reflect.Method.invokeNative(Native Method)
W/System.err( 3171): 	at java.lang.reflect.Method.invoke(Method.java:515)
W/System.err( 3171): 	at com.android.internal.os.ZygoteInit$MethodAndArgsCaller.run(ZygoteInit.java:862)
W/System.err( 3171): 	at com.android.internal.os.ZygoteInit.main(ZygoteInit.java:678)
W/System.err( 3171): 	at dalvik.system.NativeStart.main(Native Method)
E/CommandListener( 2419): readDefRoute call readDefRoute
E/SecondaryTablController( 2419): isWifiDefaultRouteExisted /system/bin/ip route
E/CommandListener( 2419): readDefRoute Rsp ok
E/Thermal-daemon( 2432): [ap] temp_new :32  temp_old :31
I/K3V3CpuGovernorPolicy( 3322): set scene Hmp policy : 300 , 150
I/HwLauncher( 3377): Launcher onPause()
W/HwLauncher( 3377): Launcher.MotionManager failed to stop TYPE_SHAKE_CHANGE_WALLPAPER
W/HwLauncher( 3377): Launcher.MotionManager failed to stop TYPE_SHAKE_START_PRIVACY
I/PhoneStatusBar( 3171): hw_status_bar_operators = false, setSystemUIVisibily(SHOW_OPERATOR = false)
I/ActivityManager( 2927): Displayed com.android.systemui/.recent.HwNoRecentsAppActivity: +89ms
I/PhoneStatusBar( 3171): hw_status_bar_operators = false, setSystemUIVisibily(SHOW_OPERATOR = false)
I/HwLauncher( 3377): DynamicIcon onWindowVisibilityChanged 8 - com.android.deskclock
I/HwLauncher( 3377): DynamicIcon onWindowVisibilityChanged 8 - com.android.calendar
I/HwLauncher( 3377): Launcher onStop()
E/HwLauncher( 3377): Launcher dialog dismiss failed : java.lang.IllegalArgumentException: no dialog with id 1 was ever shown via Activity#showDialog
I/HwLauncher( 3377): Launcher dynamicIconsUnregister
I/HwLauncher( 3377): DynamicUpdater unregisterReceiver
I/HwLauncher( 3377): DynamicIcon onPause  isvisible = true   mAttachedToWindow:true    mWindowVisible:falsecom.android.deskclock
I/HwLauncher( 3377): DynamicUpdater unregisterReceiver
I/HwLauncher( 3377): DynamicIcon onPause  isvisible = true   mAttachedToWindow:true    mWindowVisible:falsecom.android.calendar
I/HwLauncher( 3377): DynamicUpdater unregisterReceiver
I/HwLauncher( 3377): DynamicIcon onPause  isvisible = true   mAttachedToWindow:false    mWindowVisible:falsecom.huawei.android.totemweather
I/HwLauncher( 3377): DynamicIcon onVisibilityChanged 4 - com.android.deskclock
I/HwLauncher( 3377): DynamicIcon onVisibilityChanged 4 - com.android.calendar
I/K3V3CpuGovernorPolicy( 3322): close previously scene Hmp policy : 300 , 150
I/HwLauncher( 3377): Launcher onStart()
I/HwLauncher( 3377): Launcher dynamicIconsRegister
I/HwLauncher( 3377): DynamicUpdater registerReceiver
I/HwLauncher( 3377): DynamicUpdater call updateFolder
I/HwLauncher( 3377): DynamicIcon onResume  isvisible = false   mAttachedToWindow:true    mWindowVisible:falsecom.android.deskclock
I/HwLauncher( 3377): DynamicUpdater registerReceiver
I/HwLauncher( 3377): DynamicUpdater call updateFolder
I/HwLauncher( 3377): DynamicIcon onResume  isvisible = false   mAttachedToWindow:true    mWindowVisible:falsecom.android.calendar
I/HwLauncher( 3377): DynamicUpdater registerReceiver
I/HwLauncher( 3377): DynamicUpdater call updateFolder
I/HwLauncher( 3377): WeatherDynamicUpdaterpositiveUpdate at WeatherDynamicUpdater
I/HwLauncher( 3377): DynamicIcon onResume  isvisible = true   mAttachedToWindow:false    mWindowVisible:falsecom.huawei.android.totemweather
I/HwLauncher( 3377): Launcher onResume()
I/HwLauncher( 3377): Launcher doResumeWork()
I/InputDispatcher( 2927): Dropping event because there is no touchable window at (902, 1173).
W/MotionDetectionManager( 3377): startMotionAppsReco motionApps: 402 disabled
W/HwLauncher( 3377): Launcher.MotionManager failed to start TYPE_SHAKE_CHANGE_WALLPAPER
I/HwLauncher( 3377): Launcher.MotionManager startShakeMotion mIsShakeInHome=true
W/MotionDetectionManager( 3377): startMotionAppsReco motionApps: 404 disabled
W/HwLauncher( 3377): Launcher.MotionManager failed to start TYPE_SHAKE_START_PRIVACY
I/HwLauncher( 3377): Launcher changeNaviBarStatus
W/HwLauncher( 3377): Launcher  updateMarginLayoutParamsForView:the target view is null.
I/HwLauncher( 3377): Launcher  onResume mIsToUninstallApp = false
I/HwLauncher( 3377): DynamicIcon onVisibilityChanged 0 - com.android.deskclock
I/HwLauncher( 3377): DynamicIcon onVisibilityChanged 0 - com.android.calendar
I/HwLauncher( 3377): DynamicIcon onWindowVisibilityChanged 0 - com.android.deskclock
I/HwLauncher( 3377): DynamicIcon onWindowVisibilityChanged 0 - com.android.calendar
I/PhoneStatusBar( 3171): hw_status_bar_operators = false, setSystemUIVisibily(SHOW_OPERATOR = false)
I/HwLauncher( 3377): WeatherDynamicUpdaterreceive action = com.huawei.android.action.launcher_weather_icon_change
I/HwLauncher( 3377): WeatherDynamicUpdaterreceiver data is int[] = [0, 0, 4, 0, 2, 0, 0, 0]
I/HwLauncher( 3377):  stringArray[] [mostlycloudy, num1, num6, tempc]
I/PhoneStatusBar( 3171): hw_status_bar_operators = false, setSystemUIVisibily(SHOW_OPERATOR = false)
I/HwLauncher( 3377): PagedView snapToPage.getChildOffset(): 0
I/HwLauncher( 3377): PagedView snapToPageWithVelocity.getRelativeChildOffset(): 1080, 1080
I/HwLauncher( 3377): PagedView snapToPage.getChildOffset(): 0
I/HwLauncher( 3377): PagedView snapToPageWithVelocity.getRelativeChildOffset(): 1080, 1080
I/HwLauncher( 3377): PagedView snapToPage.getChildOffset(): 0
I/HwLauncher( 3377): PagedView snapToPage.getRelativeChildOffset(): 1080, 1080
I/K3V3CpuGovernorPolicy( 3322): set scene Hmp policy : 300 , 150
I/HwLauncher( 3377): Launcher onPause()
W/HwLauncher( 3377): Launcher.MotionManager failed to stop TYPE_SHAKE_CHANGE_WALLPAPER
W/HwLauncher( 3377): Launcher.MotionManager failed to stop TYPE_SHAKE_START_PRIVACY
I/PhoneStatusBar( 3171): hw_status_bar_operators = false, setSystemUIVisibily(SHOW_OPERATOR = false)
I/HwLauncher( 3377): Launcher onStop()
E/HwLauncher( 3377): Launcher dialog dismiss failed : java.lang.IllegalArgumentException: no dialog with id 1 was ever shown via Activity#showDialog
I/HwLauncher( 3377): Launcher dynamicIconsUnregister
I/HwLauncher( 3377): DynamicUpdater unregisterReceiver
I/HwLauncher( 3377): DynamicIcon onPause  isvisible = true   mAttachedToWindow:true    mWindowVisible:truecom.android.deskclock
I/HwLauncher( 3377): DynamicUpdater unregisterReceiver
I/HwLauncher( 3377): DynamicIcon onPause  isvisible = true   mAttachedToWindow:true    mWindowVisible:truecom.android.calendar
I/HwLauncher( 3377): DynamicUpdater unregisterReceiver
I/HwLauncher( 3377): DynamicIcon onPause  isvisible = true   mAttachedToWindow:false    mWindowVisible:falsecom.huawei.android.totemweather
I/HwLauncher( 3377): DynamicIcon onVisibilityChanged 4 - com.android.deskclock
I/HwLauncher( 3377): DynamicIcon onVisibilityChanged 4 - com.android.calendar
I/HwLauncher( 3377): DynamicIcon onWindowVisibilityChanged 8 - com.android.deskclock
I/HwLauncher( 3377): DynamicIcon onWindowVisibilityChanged 8 - com.android.calendar
I/fb-UnpackingSoSource(26846): dso store is up-to-date: /data/data/com.awesomeproject/lib-main
I/dalvikvm(26846): Could not find method android.content.pm.PackageManager.getPackageInstaller, referenced from method com.google.android.gms.common.zzg.zzz
W/dalvikvm(26846): VFY: unable to resolve virtual method 644: Landroid/content/pm/PackageManager;.getPackageInstaller ()Landroid/content/pm/PackageInstaller;
I/dalvikvm(26846): Could not find method android.provider.Settings.canDrawOverlays, referenced from method com.facebook.react.ReactActivityDelegate.onActivityResult
W/dalvikvm(26846): VFY: unable to resolve static method 1801: Landroid/provider/Settings;.canDrawOverlays (Landroid/content/Context;)Z
I/dalvikvm(26846): Could not find method android.provider.Settings.canDrawOverlays, referenced from method com.facebook.react.ReactActivityDelegate.onCreate
W/dalvikvm(26846): VFY: unable to resolve static method 1801: Landroid/provider/Settings;.canDrawOverlays (Landroid/content/Context;)Z
I/dalvikvm(26846): Could not find method android.app.Activity.requestPermissions, referenced from method com.facebook.react.ReactActivityDelegate.requestPermissions
W/dalvikvm(26846): VFY: unable to resolve virtual method 83: Landroid/app/Activity;.requestPermissions ([Ljava/lang/String;I)V
I/wpa_supplicant( 8802): wlan0: HEART-BEAT-ACK: 529
W/dalvikvm(26846): VFY: unable to find class referenced in signature (Ljava/nio/file/Path;)
W/dalvikvm(26846): VFY: unable to find class referenced in signature ([Ljava/nio/file/OpenOption;)
I/dalvikvm(26846): Could not find method java.nio.file.Files.newOutputStream, referenced from method okio.Okio.sink
W/dalvikvm(26846): VFY: unable to resolve static method 41491: Ljava/nio/file/Files;.newOutputStream (Ljava/nio/file/Path;[Ljava/nio/file/OpenOption;)Ljava/io/OutputStream;
W/dalvikvm(26846): VFY: unable to find class referenced in signature (Ljava/nio/file/Path;)
W/dalvikvm(26846): VFY: unable to find class referenced in signature ([Ljava/nio/file/OpenOption;)
I/dalvikvm(26846): Could not find method java.nio.file.Files.newInputStream, referenced from method okio.Okio.source
W/dalvikvm(26846): VFY: unable to resolve static method 41490: Ljava/nio/file/Files;.newInputStream (Ljava/nio/file/Path;[Ljava/nio/file/OpenOption;)Ljava/io/InputStream;
I/dalvikvm(26846): threadid=1: recursive native library load attempt (/data/app-lib/com.awesomeproject-1/libfb.so)
W/unknown:React(26846): Packager connection already open, nooping.
W/unknown:React(26846): Inspector connection already open, nooping.
I/dalvikvm(26846): Could not find method android.view.View.setElevation, referenced from method com.facebook.react.uimanager.BaseViewManager.setElevation
W/dalvikvm(26846): VFY: unable to resolve virtual method 18561: Landroid/view/View;.setElevation (F)V
I/dalvikvm(26846): Could not find method com.facebook.react.views.view.ReactViewGroup.drawableHotspotChanged, referenced from method com.facebook.react.views.view.ReactViewManager.receiveCommand
W/dalvikvm(26846): VFY: unable to resolve virtual method 32832: Lcom/facebook/react/views/view/ReactViewGroup;.drawableHotspotChanged (FF)V
I/dalvikvm(26846): Could not find method com.facebook.react.views.view.ReactViewGroup.setForeground, referenced from method com.facebook.react.views.view.ReactViewManager.setNativeForeground
W/dalvikvm(26846): VFY: unable to resolve virtual method 32872: Lcom/facebook/react/views/view/ReactViewGroup;.setForeground (Landroid/graphics/drawable/Drawable;)V
W/unknown:ViewManagerPropertyUpdater(26846): Could not find generated setter for class com.facebook.react.views.art.ARTGroupViewManager
W/unknown:ViewManagerPropertyUpdater(26846): Could not find generated setter for class com.facebook.react.views.art.ARTGroupShadowNode
W/unknown:ViewManagerPropertyUpdater(26846): Could not find generated setter for class com.facebook.react.views.art.ARTShapeViewManager
W/unknown:ViewManagerPropertyUpdater(26846): Could not find generated setter for class com.facebook.react.views.art.ARTShapeShadowNode
W/unknown:ViewManagerPropertyUpdater(26846): Could not find generated setter for class com.facebook.react.views.art.ARTTextViewManager
W/unknown:ViewManagerPropertyUpdater(26846): Could not find generated setter for class com.facebook.react.views.art.ARTTextShadowNode
W/unknown:ViewManagerPropertyUpdater(26846): Could not find generated setter for class com.facebook.react.views.art.ARTSurfaceViewManager
W/unknown:ViewManagerPropertyUpdater(26846): Could not find generated setter for class com.facebook.react.views.art.ARTSurfaceViewShadowNode
W/unknown:ViewManagerPropertyUpdater(26846): Could not find generated setter for class com.facebook.react.views.picker.ReactDialogPickerManager
W/unknown:ViewManagerPropertyUpdater(26846): Could not find generated setter for class com.facebook.react.uimanager.LayoutShadowNode
W/unknown:ViewManagerPropertyUpdater(26846): Could not find generated setter for class com.facebook.react.views.drawer.ReactDrawerLayoutManager
W/unknown:ViewManagerPropertyUpdater(26846): Could not find generated setter for class com.facebook.react.views.picker.ReactDropdownPickerManager
W/unknown:ViewManagerPropertyUpdater(26846): Could not find generated setter for class com.facebook.react.views.scroll.ReactHorizontalScrollViewManager
W/unknown:ViewManagerPropertyUpdater(26846): Could not find generated setter for class com.facebook.react.views.image.ReactImageManager
W/unknown:ViewManagerPropertyUpdater(26846): Could not find generated setter for class com.facebook.react.views.modal.ReactModalHostManager
W/unknown:ViewManagerPropertyUpdater(26846): Could not find generated setter for class com.facebook.react.views.modal.ModalHostShadowNode
W/unknown:ViewManagerPropertyUpdater(26846): Could not find generated setter for class com.facebook.react.views.progressbar.ReactProgressBarViewManager
W/unknown:ViewManagerPropertyUpdater(26846): Could not find generated setter for class com.facebook.react.views.progressbar.ProgressBarShadowNode
W/unknown:ViewManagerPropertyUpdater(26846): Could not find generated setter for class com.facebook.react.views.text.ReactRawTextManager
W/unknown:ViewManagerPropertyUpdater(26846): Could not find generated setter for class com.facebook.react.views.text.ReactTextShadowNode
W/unknown:ViewManagerPropertyUpdater(26846): Could not find generated setter for class com.facebook.react.views.scroll.ReactScrollViewManager
W/unknown:ViewManagerPropertyUpdater(26846): Could not find generated setter for class com.facebook.react.views.slider.ReactSliderManager
W/unknown:ViewManagerPropertyUpdater(26846): Could not find generated setter for class com.facebook.react.views.slider.ReactSliderManager$ReactSliderShadowNode
W/unknown:ViewManagerPropertyUpdater(26846): Could not find generated setter for class com.facebook.react.views.switchview.ReactSwitchManager
W/unknown:ViewManagerPropertyUpdater(26846): Could not find generated setter for class com.facebook.react.views.switchview.ReactSwitchManager$ReactSwitchShadowNode
W/unknown:ViewManagerPropertyUpdater(26846): Could not find generated setter for class com.facebook.react.views.text.frescosupport.FrescoBasedReactTextInlineImageViewManager
W/unknown:ViewManagerPropertyUpdater(26846): Could not find generated setter for class com.facebook.react.views.text.frescosupport.FrescoBasedReactTextInlineImageShadowNode
W/unknown:ViewManagerPropertyUpdater(26846): Could not find generated setter for class com.facebook.react.views.textinput.ReactTextInputManager
W/unknown:ViewManagerPropertyUpdater(26846): Could not find generated setter for class com.facebook.react.views.textinput.ReactTextInputShadowNode
W/unknown:ViewManagerPropertyUpdater(26846): Could not find generated setter for class com.facebook.react.views.text.ReactTextViewManager
W/unknown:ViewManagerPropertyUpdater(26846): Could not find generated setter for class com.facebook.react.views.toolbar.ReactToolbarManager
W/unknown:ViewManagerPropertyUpdater(26846): Could not find generated setter for class com.facebook.react.views.view.ReactViewManager
W/unknown:ViewManagerPropertyUpdater(26846): Could not find generated setter for class com.facebook.react.views.viewpager.ReactViewPagerManager
W/unknown:ViewManagerPropertyUpdater(26846): Could not find generated setter for class com.facebook.react.views.text.ReactVirtualTextViewManager
W/unknown:ViewManagerPropertyUpdater(26846): Could not find generated setter for class com.facebook.react.views.webview.ReactWebViewManager
W/unknown:ViewManagerPropertyUpdater(26846): Could not find generated setter for class com.facebook.react.views.recyclerview.RecyclerViewBackedScrollViewManager
W/unknown:ViewManagerPropertyUpdater(26846): Could not find generated setter for class com.facebook.react.views.swiperefresh.SwipeRefreshLayoutManager
W/unknown:ViewManagerPropertyUpdater(26846): Could not find generated setter for class com.facebook.reactnative.androidsdk.FBLikeViewManager
W/unknown:ViewManagerPropertyUpdater(26846): Could not find generated setter for class com.facebook.reactnative.androidsdk.FBLoginButtonManager
W/unknown:ViewManagerPropertyUpdater(26846): Could not find generated setter for class com.facebook.reactnative.androidsdk.FBSendButtonManager
W/unknown:ViewManagerPropertyUpdater(26846): Could not find generated setter for class com.facebook.reactnative.androidsdk.FBShareButtonManager
I/ActivityManager( 2927): Displayed com.awesomeproject/.MainActivity: +492ms
I/dalvikvm(26846): Could not find method android.webkit.CookieManager.setCookie, referenced from method com.facebook.react.modules.network.ForwardingCookieHandler.addCookieAsync
W/dalvikvm(26846): VFY: unable to resolve virtual method 19131: Landroid/webkit/CookieManager;.setCookie (Ljava/lang/String;Ljava/lang/String;Landroid/webkit/ValueCallback;)V
I/dalvikvm(26846): Could not find method android.webkit.CookieManager.removeAllCookies, referenced from method com.facebook.react.modules.network.ForwardingCookieHandler.clearCookiesAsync
W/dalvikvm(26846): VFY: unable to resolve virtual method 19128: Landroid/webkit/CookieManager;.removeAllCookies (Landroid/webkit/ValueCallback;)V
I/dalvikvm(26846): Could not find method android.webkit.CookieManager.flush, referenced from method com.facebook.react.modules.network.ForwardingCookieHandler$CookieSaver.flush
W/dalvikvm(26846): VFY: unable to resolve virtual method 19124: Landroid/webkit/CookieManager;.flush ()V
I/dalvikvm(26846): Could not find method android.content.Context.checkSelfPermission, referenced from method com.facebook.react.modules.permissions.PermissionsModule.checkPermission
W/dalvikvm(26846): VFY: unable to resolve virtual method 471: Landroid/content/Context;.checkSelfPermission (Ljava/lang/String;)I
I/dalvikvm(26846): Could not find method android.content.Context.checkSelfPermission, referenced from method com.facebook.react.modules.permissions.PermissionsModule.requestMultiplePermissions
W/dalvikvm(26846): VFY: unable to resolve virtual method 471: Landroid/content/Context;.checkSelfPermission (Ljava/lang/String;)I
I/dalvikvm(26846): Could not find method android.content.Context.checkSelfPermission, referenced from method com.facebook.react.modules.permissions.PermissionsModule.requestPermission
W/dalvikvm(26846): VFY: unable to resolve virtual method 471: Landroid/content/Context;.checkSelfPermission (Ljava/lang/String;)I
W/BluetoothCrashResolver(26846): Can't read macs from BluetoothCrashResolverState.txt
W/ModelSpecificDistanceCalculator(26846): Cannot find match for this device.  Using default
W/ModelSpecificDistanceCalculator(26846): Cannot find match for this device.  Using default
I/dalvikvm(26846): Could not find method android.widget.ImageView.<init>, referenced from method com.facebook.drawee.view.DraweeView.<init>
W/dalvikvm(26846): VFY: unable to resolve direct method 19407: Landroid/widget/ImageView;.<init> (Landroid/content/Context;Landroid/util/AttributeSet;II)V
I/dalvikvm(26846): Could not find method com.facebook.drawee.view.DraweeView.getImageTintList, referenced from method com.facebook.drawee.view.DraweeView.init
W/dalvikvm(26846): VFY: unable to resolve virtual method 23145: Lcom/facebook/drawee/view/DraweeView;.getImageTintList ()Landroid/content/res/ColorStateList;
W/unknown:React(26846): Packager connection already open, nooping.
W/unknown:React(26846): Inspector connection already open, nooping.
I/CAPALiteReceiver( 3322): USER STATE: STATIONARY SUB STATE: UNKNOWN
I/K3V3CpuGovernorPolicy( 3322): close previously scene Hmp policy : 300 , 150
I/ReactNativeJS(26846): Running application "AwesomeProject" with appParams: {"initialProps":{},"rootTag":1}. __DEV__ === true, development-level warning are ON, performance optimizations are OFF
W/dalvikvm(26846): VFY: unable to find class referenced in signature (Landroid/graphics/Outline;)
I/dalvikvm(26846): Could not find method android.graphics.drawable.Drawable.getOutline, referenced from method com.facebook.react.views.view.ReactViewBackgroundDrawable.getOutline
W/dalvikvm(26846): VFY: unable to resolve virtual method 1128: Landroid/graphics/drawable/Drawable;.getOutline (Landroid/graphics/Outline;)V
I/dalvikvm(26846): Could not find method android.graphics.Outline.setConvexPath, referenced from method com.facebook.react.views.view.ReactViewBackgroundDrawable.getOutline
W/dalvikvm(26846): VFY: unable to resolve virtual method 953: Landroid/graphics/Outline;.setConvexPath (Landroid/graphics/Path;)V
I/dalvikvm(26846): Could not find method android.graphics.Outline.setRect, referenced from method com.facebook.react.views.view.ReactViewBackgroundDrawable.getOutline
W/dalvikvm(26846): VFY: unable to resolve virtual method 954: Landroid/graphics/Outline;.setRect (Landroid/graphics/Rect;)V
I/dalvikvm(26846): Could not find method android.text.StaticLayout$Builder.obtain, referenced from method com.facebook.react.views.text.ReactTextShadowNode$1.measure
W/dalvikvm(26846): VFY: unable to resolve static method 17991: Landroid/text/StaticLayout$Builder;.obtain (Ljava/lang/CharSequence;IILandroid/text/TextPaint;I)Landroid/text/StaticLayout$Builder;
I/dalvikvm(26846): Could not find method android.text.StaticLayout$Builder.obtain, referenced from method com.facebook.react.views.text.ReactTextShadowNode$1.measure
W/dalvikvm(26846): VFY: unable to resolve static method 17991: Landroid/text/StaticLayout$Builder;.obtain (Ljava/lang/CharSequence;IILandroid/text/TextPaint;I)Landroid/text/StaticLayout$Builder;
I/dalvikvm(26846): Could not find method com.facebook.react.views.text.ReactTextView.getBreakStrategy, referenced from method com.facebook.react.views.text.ReactTextView.setText
W/dalvikvm(26846): VFY: unable to resolve virtual method 32328: Lcom/facebook/react/views/text/ReactTextView;.getBreakStrategy ()I
W/unknown:ViewManagerPropertyUpdater(26846): Could not find generated setter for class com.facebook.react.views.text.ReactVirtualTextShadowNode
I/dalvikvm(26846): Could not find method android.content.res.Resources.getDrawable, referenced from method com.facebook.react.views.view.ReactDrawableHelper.createDrawableFromJSDescription
W/dalvikvm(26846): VFY: unable to resolve virtual method 696: Landroid/content/res/Resources;.getDrawable (ILandroid/content/res/Resources$Theme;)Landroid/graphics/drawable/Drawable;
E/dalvikvm(26846): Could not find class 'android.graphics.drawable.RippleDrawable', referenced from method com.facebook.react.views.view.ReactDrawableHelper.createDrawableFromJSDescription
W/dalvikvm(26846): VFY: unable to resolve new-instance 207 (Landroid/graphics/drawable/RippleDrawable;) in Lcom/facebook/react/views/view/ReactDrawableHelper;
I/ReactNativeJS(26846): Beacons ranging started succesfully!
I/dalvikvm(26846): Could not find method android.content.Context.getColorStateList, referenced from method android.support.v7.content.res.AppCompatResources.getColorStateList
W/dalvikvm(26846): VFY: unable to resolve virtual method 483: Landroid/content/Context;.getColorStateList (I)Landroid/content/res/ColorStateList;
I/dalvikvm(26846): Could not find method android.content.Context.getNoBackupFilesDir, referenced from method com.google.android.gms.common.util.zzx.getNoBackupFilesDir
W/dalvikvm(26846): VFY: unable to resolve virtual method 494: Landroid/content/Context;.getNoBackupFilesDir ()Ljava/io/File;
I/ReactNativeJS(26846): Beacons monitoring started successfully
I/ReactNativeJS(26846): 'TOKEN:', { token: 'd5_hxdRStso:APA91bEtIY_B3NmPjefevdwAWflnuqTDrHeePUz7MpeDO3AMVXgiZg5phTCghliCEz5rR8OebgUsjDLDWIa-kNhlfpnFoC0wNZF9DXN6VVT0pIeEqRtbonTaTGQuBDcmk7V3bSVqiLBt',
I/ReactNativeJS(26846):   os: 'android' }
I/ReactNativeJS(26846): 'TOKEN:', { token: 'd5_hxdRStso:APA91bEtIY_B3NmPjefevdwAWflnuqTDrHeePUz7MpeDO3AMVXgiZg5phTCghliCEz5rR8OebgUsjDLDWIa-kNhlfpnFoC0wNZF9DXN6VVT0pIeEqRtbonTaTGQuBDcmk7V3bSVqiLBt',
I/ReactNativeJS(26846):   os: 'android' }
I/bt-hci  ( 4282): BLE HCI(id=62) event = 0x02)
I/bt-hci  ( 4282): btu_ble_process_adv_pkt
W/bt-btm  ( 4282): BTM_SetConnectability
W/bt-btm  ( 4282): BTM_SetConnectability
I/bt-hci  ( 4282): BLE HCI(id=62) event = 0x02)
I/bt-hci  ( 4282): btu_ble_process_adv_pkt
E/Thermal-daemon( 2432): [ap] temp_new :33  temp_old :32
W/bt-btm  ( 4282): BTM_SetConnectability
W/bt-btm  ( 4282): BTM_SetConnectability
W/bt-btm  ( 4282): BTM_SetConnectability
W/Settings( 2927): Setting device_provisioned has moved from android.provider.Settings.Secure to android.provider.Settings.Global.
W/Settings( 3171): Setting airplane_mode_on has moved from android.provider.Settings.System to android.provider.Settings.Global, returning read-only value.
I/bt-hci  ( 4282): BLE HCI(id=62) event = 0x02)
I/bt-hci  ( 4282): btu_ble_process_adv_pkt
W/bt-btm  ( 4282): BTM_SetConnectability
E/Thermal-daemon( 2432): [charger] temp_new :30  temp_old :29
I/BluetoothAdapterState( 4282): Bluetooth adapter state changed: 12-> 13
W/bt-btm  ( 4282): BTM_SetDiscoverability
W/bt-btm  ( 4282): BTM_SetConnectability
I/BluetoothAdapterState( 4282): Entering PendingCommandState State: isTurningOn()=false, isTurningOff()=true
I/BluetoothAdapterProperties( 4282): adapterPropertyChangedCallback with type:7 len:4
W/bt-btif ( 4282): btif_disable_bluetooth, btif_core_radio_ref_count=1
W/bt-btif ( 4282): BTIF DISABLE BLUETOOTH
E/BtOppRfcommListener( 4282): Error accept connection java.io.IOException: read failed, socket might closed or timeout, read ret: -1
E/bt-btif ( 4282): bta_jv_rfcomm_stop_server
E/bt-btif ( 4282): bta_jv_rfcomm_stop_server
E/bt-btif ( 4282): bta_jv_rfcomm_stop_server
W/bt-btif ( 4282): bta_dm_disable
W/bt-btif ( 4282): bta_sys_disable: module 0
W/bt-btm  ( 4282): BTM_SetDiscoverability
W/bt-btm  ( 4282): BTM_SetConnectability
W/bt-btif ( 4282): bta_dm_disable BTA_DISABLE_DELAY set to 200 ms
W/bt-l2cap( 4282): L2CAP - PSM: 0x0019 not found for deregistration
W/bt-l2cap( 4282): L2CAP - PSM: 0x0017 not found for deregistration
W/bt-btm  ( 4282): BTM_SetConnectability
W/bt-btm  ( 4282): BTM_SetConnectability
I/BtOppRfcommListener( 4282): stopping Accept Thread
I/BtOppRfcommListener( 4282): BluetoothSocket listen thread finished
W/dalvikvm(26846): threadid=1: thread exiting with uncaught exception (group=0x415f5c50)
W/BluetoothAdapterService( 4282): *************service already starting to cleanup... Ignoring cleanup request.........
W/BluetoothAdapterService( 4282): *************service already starting to cleanup... Ignoring cleanup request.........
W/Settings( 3171): Setting airplane_mode_on has moved from android.provider.Settings.System to android.provider.Settings.Global, returning read-only value.
W/bt-btif ( 4282): bta_dm_disable_conn_down_timer_cback
W/bt-btif ( 4282): bta_dm_disable_conn_down_timer_cback:sending BTA_SYS_API_DISABLE_EVT
W/bt-btif ( 4282): bta_sys_hw_api_disable for 0, active modules: 0x0001
W/bt-btif ( 4282): bta_sys_disable: module 0
W/bt-btif ( 4282): call bta_sys_hw_co_disable
W/bt-btif ( 4282): sending BTA_SYS_EVT_DISABLED_EVT
W/bt-btif ( 4282): bta_sys_hw_evt_disabled - module 0x0
W/bt-btif ( 4282):  bta_dm_sys_hw_cback with event: 0
W/bt-btif ( 4282): btif_disable_bluetooth_evt, btif_core_is_radio_req = 0
W/bt-btif ( 4282): btif_dm_disable_bt_services
W/bt-btif ( 4282): btif_dm_disable_bt_services i=6
W/bt-btif ( 4282): btif_dm_disable_bt_services i=18
W/bt-btif ( 4282): btif_dm_disable_bt_services i=20
W/bt-btif ( 4282): bte_main_enable_lpm
W/bt-btif ( 4282): bte_main_disable
W/bt-btif ( 4282): ag scb idx 1 not allocated
E/bt-btif ( 4282): BTA AG is already disabled, ignoring ...
W/bt-l2cap( 4282): L2CAP - PSM: 0x0019 not found for deregistration
W/bt-l2cap( 4282): L2CAP - PSM: 0x0017 not found for deregistration
W/bt-l2cap( 4282): L2CAP - PSM: 0x0019 not found for deregistration
W/bt-l2cap( 4282): L2CAP - PSM: 0x0017 not found for deregistration
W/bt-l2cap( 4282): L2CAP - PSM: 0x0019 not found for deregistration
W/bt-l2cap( 4282): L2CAP - PSM: 0x0017 not found for deregistration
I/bt_hci_bdroid( 4282): bt_hc_worker_thread exiting
W/bt_userial( 4282): select_read return size <=0:-1, exiting userial_read_thread
I/bt_userial_vendor( 4282): device fd = 84 close
I/BTAPP_FM( 4282): btapp_fm_disable: current_bta_path = 0x1
I/BTL-IFS ( 4282): BTL_IF_UnregisterSubSystem: Unregistered subsystem [FM]
I/BTAPP_FM( 4282): fm_app_task is exiting.
I/GKI_LINUX( 4282): gki_task_entry: gki_task task_id=3 [APPL] terminating
I/GKI_LINUX( 4282): GKI_exit_task: GKI_exit_task 3 done
I/GKI_LINUX( 4282): GKI_destroy_task: GKI_shutdown(): task [APPL] terminated
I/GKI_LINUX( 4282): gki_task_entry: gki_task task_id=0 [BTU] terminating
I/GKI_LINUX( 4282): GKI_exit_task: GKI_exit_task 0 done
I/GKI_LINUX( 4282): GKI_destroy_task: GKI_shutdown(): task [BTU] terminated
W/BluetoothAdapterService( 4282): Stopping service com.android.bluetooth.hfp.HeadsetService
W/BluetoothAdapterService( 4282): Stopping service com.android.bluetooth.a2dp.A2dpService
W/BluetoothAdapterService( 4282): Stopping service com.android.bluetooth.hid.HidService
W/BluetoothAdapterService( 4282): Stopping service com.android.bluetooth.hdp.HealthService
W/BluetoothAdapterService( 4282): Stopping service com.android.bluetooth.pan.PanService
W/BluetoothAdapterService( 4282): Stopping service com.android.bluetooth.gatt.GattService
W/BluetoothAdapterService( 4282): Stopping service com.android.bluetooth.map.BluetoothMapService
W/BluetoothHeadsetServiceJni( 4282): Cleaning up Bluetooth Handsfree Interface...
W/BluetoothHeadsetServiceJni( 4282): Cleaning up Bluetooth Handsfree callback object
I/GKI_LINUX( 4282): gki_task_entry: gki_task task_id=2 [A2DP-MEDIA] terminating
I/GKI_LINUX( 4282): GKI_exit_task: GKI_exit_task 2 done
I/GKI_LINUX( 4282): GKI_destroy_task: GKI_shutdown(): task [A2DP-MEDIA] terminated
E/BluetoothTethering( 2927): attempted to stop reverse tether with nothing tethered
W/BluetoothHidServiceJni( 4282): Cleaning up Bluetooth HID Interface...
W/bt-btif ( 4282): cleanup: HH disabling or disabled already, status = 0
W/BluetoothHidServiceJni( 4282): Cleaning up Bluetooth GID callback object
W/BluetoothHealthServiceJni( 4282): Cleaning up Bluetooth Health Interface...
W/BluetoothHealthServiceJni( 4282): Cleaning up Bluetooth Health object
W/BluetoothPanServiceJni( 4282): Cleaning up Bluetooth PAN Interface...
W/BluetoothPanServiceJni( 4282): Cleaning up Bluetooth PAN callback object
I/BluetoothAdapterState( 4282): Bluetooth adapter state changed: 13-> 10
I/BluetoothAdapterState( 4282): Entering OffState
I/BeaconBle( 3286): Client requested to stop, listener=geo@43534c40
I/BeaconBle( 3286): Scan : No clients left, canceling alarm.
I/BeaconBle( 3286): Scan canceled successfully.
I/GKI_LINUX( 4282): gki_task_entry: gki_task task_id=1 [BTIF] terminating
I/GKI_LINUX( 4282): GKI_exit_task: GKI_exit_task 1 done
I/GKI_LINUX( 4282): GKI_destroy_task: GKI_shutdown(): task [BTIF] terminated
W/bt-btif ( 4282): btif_shutdown_bluetooth done
I/BluetoothServiceJni( 4282): cleanupNative: return from cleanup
I/BluetoothServiceJni( 4282): OoO sJniCallbacksObj has init before clean? 1
W/bt-btif ( 4282): GATTC Module not enabled/already disabled
W/bt-btif ( 4282): GATTS Module not enabled/already disabled
W/NearbyMessages( 3286): NetworkPollManager:  No operations for client(com.google.android.gms#0p:discoverer). It should not be in the tracker.
W/NearbyMessages( 3286): NetworkPollManager:  RPC was requested, but deemed unnecessary.
I/EasyUnlock( 3466): [EasyUnlockService] EasyUnlock not enabled, skipping initialization.
W/Settings( 3171): Setting airplane_mode_on has moved from android.provider.Settings.System to android.provider.Settings.Global, returning read-only value.
W/NearbyMessages( 3286): NetworkPollManager:  RPC was requested, but deemed unnecessary.
I/HwLauncher( 3377): DynamicIcon onWindowVisibilityChanged 4 - com.android.deskclock
I/HwLauncher( 3377): DynamicIcon onWindowVisibilityChanged 4 - com.android.calendar
I/HwLauncher( 3377): Launcher onStart()
I/HwLauncher( 3377): Launcher dynamicIconsRegister
I/HwLauncher( 3377): DynamicUpdater registerReceiver
I/HwLauncher( 3377): DynamicUpdater call updateFolder
I/HwLauncher( 3377): DynamicIcon onResume  isvisible = false   mAttachedToWindow:true    mWindowVisible:falsecom.android.deskclock
I/HwLauncher( 3377): DynamicUpdater registerReceiver
I/HwLauncher( 3377): DynamicUpdater call updateFolder
I/HwLauncher( 3377): DynamicIcon onResume  isvisible = false   mAttachedToWindow:true    mWindowVisible:falsecom.android.calendar
I/HwLauncher( 3377): DynamicUpdater registerReceiver
I/HwLauncher( 3377): DynamicUpdater call updateFolder
I/HwLauncher( 3377): WeatherDynamicUpdaterpositiveUpdate at WeatherDynamicUpdater
I/HwLauncher( 3377): DynamicIcon onResume  isvisible = true   mAttachedToWindow:false    mWindowVisible:falsecom.huawei.android.totemweather
I/HwLauncher( 3377): Launcher onResume()
I/HwLauncher( 3377): Launcher doResumeWork()
W/MotionDetectionManager( 3377): startMotionAppsReco motionApps: 402 disabled
W/HwLauncher( 3377): Launcher.MotionManager failed to start TYPE_SHAKE_CHANGE_WALLPAPER
I/HwLauncher( 3377): Launcher.MotionManager startShakeMotion mIsShakeInHome=true
W/MotionDetectionManager( 3377): startMotionAppsReco motionApps: 404 disabled
W/HwLauncher( 3377): Launcher.MotionManager failed to start TYPE_SHAKE_START_PRIVACY
I/HwLauncher( 3377): PagedView snapToPage.getChildOffset(): 0
I/HwLauncher( 3377): PagedView snapToPage.getRelativeChildOffset(): 1080, 1080
I/HwLauncher( 3377): Launcher changeNaviBarStatus
W/HwLauncher( 3377): Launcher  updateMarginLayoutParamsForView:the target view is null.
I/HwLauncher( 3377): Launcher  onResume mIsToUninstallApp = false
I/HwLauncher( 3377): DynamicIcon onVisibilityChanged 0 - com.android.deskclock
I/HwLauncher( 3377): DynamicIcon onVisibilityChanged 0 - com.android.calendar
I/HwLauncher( 3377): DynamicIcon onWindowVisibilityChanged 0 - com.android.deskclock
I/HwLauncher( 3377): DynamicIcon onWindowVisibilityChanged 0 - com.android.calendar
I/HwLauncher( 3377): WeatherDynamicUpdaterreceive action = com.huawei.android.action.launcher_weather_icon_change
I/HwLauncher( 3377): WeatherDynamicUpdaterreceiver data is int[] = [0, 0, 4, 0, 2, 0, 0, 0]
I/HwLauncher( 3377):  stringArray[] [mostlycloudy, num1, num6, tempc]
I/PhoneStatusBar( 3171): hw_status_bar_operators = false, setSystemUIVisibily(SHOW_OPERATOR = false)
I/Process (26846): Sending signal. PID: 26846 SIG: 9
I/PhoneStatusBar( 3171): hw_status_bar_operators = false, setSystemUIVisibily(SHOW_OPERATOR = false)
E/Thermal-daemon( 2432): [flash_led] temp_new :32  temp_old :31
E/Thermal-daemon( 2432): [ap] temp_new :34  temp_old :33
W/PlatformStatsUtil( 8114): Could not retrieve Usage & Diagnostics setting. Giving up.
I/BeaconBle( 3286): Scan : No clients left, canceling alarm.
I/wpa_supplicant( 8802): wlan0: HEART-BEAT-ACK: 530
I/fb-UnpackingSoSource(26992): dso store is up-to-date: /data/data/com.awesomeproject/lib-main
I/dalvikvm(26992): Could not find method android.content.pm.PackageManager.getPackageInstaller, referenced from method com.google.android.gms.common.zzg.zzz
W/dalvikvm(26992): VFY: unable to resolve virtual method 644: Landroid/content/pm/PackageManager;.getPackageInstaller ()Landroid/content/pm/PackageInstaller;
