adb server is out of date.  killing...
* daemon started successfully *
int logctl_get(): open '/dev/hwlog_switch' fail -1, 13. Permission denied

Note: log switch off, only log_main and log_events will have logs!
--------- beginning of /dev/log/main
I/Choreographer( 3036): Skipped 44 frames!  The application may be doing too much work on its main thread.
I/PhoneStatusBar( 3171): hw_status_bar_operators = false, setSystemUIVisibily(SHOW_OPERATOR = true)
I/DesktopLyricService(16198): received broadcast action = com.android.keyguard.intent.action.ACTION_LYRICS
I/DesktopLyricService(16198): hide lock screen lyric!
I/DesktopLyricManager(16198): scheduleHideLyricView !
I/DesktopLyricManager(16198): performHideLyricView ! mIsLyricViewAdded = false
I/HwLockScreenImpl( 3036): onResume: 1
I/HwLockScreenImpl( 3036): Do not need screenshot
I/LockScreenCallbackImpl( 3036): refreshLockScreenInfo
I/LockScreenCallbackImpl( 3036): getSimState
I/LockScreenCallbackImpl( 3036): traverseCardStatus : mUpdateMonitor.getSimState(0)=READY
I/LockScreenCallbackImpl( 3036): getCurrentStatus simState=READY
E/AudioFlinger( 2427): setLppDtsGeq():invalid keyValue of dts geq.
W/CursorWrapperInner( 3171): Cursor finalized without prior close()
W/CursorWrapperInner( 3171): Cursor finalized without prior close()
I/DesktopLyricService(16198): received broadcast action = android.intent.action.SCREEN_ON
I/DesktopLyricManager(16198): scheduleHideLyricView !
I/DesktopLyricManager(16198): performHideLyricView ! mIsLyricViewAdded = false
I/LockScreenCallbackImpl( 3036): onTimeChanged
W/MonitorImpl( 3036): onReceive - onPreBrocastReceive return false
I/HwLockScreenImpl( 3036): onTrigger startActivity intent=null
I/DesktopLyricService(16198): received broadcast action = com.android.keyguard.intent.action.ACTION_LYRICS
I/DesktopLyricService(16198): hide lock screen lyric!
I/HwLauncher( 3377): Launcher onStart()
I/HwLauncher( 3377): Launcher dynamicIconsRegister
I/HwLauncher( 3377): DynamicUpdater registerReceiver
I/HwLauncher( 3377): DynamicIconData , getDrawableForDynamic begin, pkg = com.android.deskclock, picName = deskclock_bg
I/HwLauncher( 3377): DynamicIconData , getDrawableForDynamic end, pkg = com.android.deskclock, picName = deskclock_bg
I/HwLauncher( 3377): ClockDynamicUpdater calender update folder at CalenderDynamicUpdater
I/HwLauncher( 3377): DynamicUpdater call updateFolder
I/HwLauncher( 3377): DynamicUpdater call updateFolder
I/HwLauncher( 3377): DynamicIcon onResume  isvisible = true   mAttachedToWindow:true    mWindowVisible:truecom.android.deskclock
I/HwLauncher( 3377): DynamicUpdater registerReceiver
I/HwLauncher( 3377): DynamicUpdater call updateFolder
I/HwLauncher( 3377): DynamicIcon onResume  isvisible = true   mAttachedToWindow:true    mWindowVisible:truecom.android.calendar
I/HwLauncher( 3377): DynamicUpdater registerReceiver
I/HwLauncher( 3377): DynamicUpdater call updateFolder
I/HwLauncher( 3377): WeatherDynamicUpdaterpositiveUpdate at WeatherDynamicUpdater
I/HwLauncher( 3377): DynamicIcon onResume  isvisible = true   mAttachedToWindow:false    mWindowVisible:falsecom.huawei.android.totemweather
I/HwLauncher( 3377): Launcher onResume()
I/HwLauncher( 3377): Launcher doResumeWork()
I/DesktopLyricService(16198): received broadcast action = android.intent.action.USER_PRESENT
I/DesktopLyricManager(16198): scheduleHideLyricView !
I/DesktopLyricManager(16198): scheduleShowLyricView delay = false
I/DesktopLyricManager(16198): performHideLyricView ! mIsLyricViewAdded = false
I/DesktopLyricManager(16198): canShowLyric switchOn = false isBackGround = true mIsLyricViewAdded = false isPlaying = false isPreparing = false isUserPresent = true
W/MotionDetectionManager( 3377): startMotionAppsReco motionApps: 402 disabled
W/HwLauncher( 3377): Launcher.MotionManager failed to start TYPE_SHAKE_CHANGE_WALLPAPER
I/HwLauncher( 3377): Launcher.MotionManager startShakeMotion mIsShakeInHome=true
I/PhoneStatusBar( 3171): hw_status_bar_operators = false, setSystemUIVisibily(SHOW_OPERATOR = false)
I/HwUpdateMonitor( 3036): unRegisterCallback com.android.huawei.hwlockscreen.utils.EventNotifyView$1@4443d2e8, callback size = 2
I/InfoCenterView( 3036): unRegisterCallback com.android.huawei.music.HwMusicView$2@472dc930, callback size = 1
W/MotionDetectionManager( 3377): startMotionAppsReco motionApps: 404 disabled
W/HwLauncher( 3377): Launcher.MotionManager failed to start TYPE_SHAKE_START_PRIVACY
I/HwLauncher( 3377): Launcher changeNaviBarStatus
I/DesktopLyricService(16198): received broadcast action = com.android.keyguard.intent.action.ACTION_LYRICS
I/DesktopLyricService(16198): hide lock screen lyric!
W/HwLauncher( 3377): Launcher  updateMarginLayoutParamsForView:the target view is null.
I/HwLauncher( 3377): Launcher  onResume mIsToUninstallApp = false
I/CameraLayout( 3036): onDetachedFromWindow
I/HwMusicManager( 3036): unRegisterMusicObserver 
I/HwUpdateMonitor( 3036): unRegisterCallback com.android.huawei.hwlockscreen.infocenter.InfoCenterView$1@441b6cf8, callback size = 1
I/HwUpdateMonitor( 3036): unRegisterMonitor
I/HwLauncher( 3377): WeatherDynamicUpdaterreceive action = com.huawei.android.action.launcher_weather_icon_change
I/HwLauncher( 3377): WeatherDynamicUpdaterreceiver data is int[] = [0, 0, 4, 0, 2, 0, 0, 0]
I/HwLauncher( 3377):  stringArray[] [mostlycloudy, num1, num6, tempc]
I/Authzen ( 8114): [DeviceStateSyncManager] Device state fast sync is disabled
E/CommandListener( 2419): readDefRoute call readDefRoute
E/SecondaryTablController( 2419): isWifiDefaultRouteExisted /system/bin/ip route
I/AppsCleanUp( 3322): remove top view, pid:26402 count:0
E/CommandListener( 2419): readDefRoute Rsp ok
I/PhoneStatusBar( 3171): hw_status_bar_operators = false, setSystemUIVisibily(SHOW_OPERATOR = false)
I/K3V3CpuGovernorPolicy( 3322): set scene Hmp policy : 300 , 150
I/HwLauncher( 3377): Launcher onPause()
W/HwLauncher( 3377): Launcher.MotionManager failed to stop TYPE_SHAKE_CHANGE_WALLPAPER
W/HwLauncher( 3377): Launcher.MotionManager failed to stop TYPE_SHAKE_START_PRIVACY
I/dalvikvm(26402): Could not find method android.provider.Settings.canDrawOverlays, referenced from method com.facebook.react.ReactActivityDelegate.onActivityResult
W/dalvikvm(26402): VFY: unable to resolve static method 1801: Landroid/provider/Settings;.canDrawOverlays (Landroid/content/Context;)Z
I/dalvikvm(26402): Could not find method android.provider.Settings.canDrawOverlays, referenced from method com.facebook.react.ReactActivityDelegate.onCreate
W/dalvikvm(26402): VFY: unable to resolve static method 1801: Landroid/provider/Settings;.canDrawOverlays (Landroid/content/Context;)Z
I/dalvikvm(26402): Could not find method android.app.Activity.requestPermissions, referenced from method com.facebook.react.ReactActivityDelegate.requestPermissions
W/dalvikvm(26402): VFY: unable to resolve virtual method 83: Landroid/app/Activity;.requestPermissions ([Ljava/lang/String;I)V
W/unknown:React(26402): Packager connection already open, nooping.
W/unknown:React(26402): Inspector connection already open, nooping.
I/PhoneStatusBar( 3171): hw_status_bar_operators = false, setSystemUIVisibily(SHOW_OPERATOR = false)
I/HwLauncher( 3377): DynamicIcon onWindowVisibilityChanged 8 - com.android.deskclock
I/HwLauncher( 3377): DynamicIcon onWindowVisibilityChanged 8 - com.android.calendar
I/ReactNativeJS(26402): Running application "AwesomeProject" with appParams: {"initialProps":{},"rootTag":1}. __DEV__ === true, development-level warning are ON, performance optimizations are OFF
I/ActivityManager( 2927): Displayed com.awesomeproject/.MainActivity: +233ms
W/dalvikvm(26402): VFY: unable to find class referenced in signature (Landroid/graphics/Outline;)
I/dalvikvm(26402): Could not find method android.graphics.drawable.Drawable.getOutline, referenced from method com.facebook.react.views.view.ReactViewBackgroundDrawable.getOutline
W/dalvikvm(26402): VFY: unable to resolve virtual method 1128: Landroid/graphics/drawable/Drawable;.getOutline (Landroid/graphics/Outline;)V
I/dalvikvm(26402): Could not find method android.graphics.Outline.setConvexPath, referenced from method com.facebook.react.views.view.ReactViewBackgroundDrawable.getOutline
W/dalvikvm(26402): VFY: unable to resolve virtual method 953: Landroid/graphics/Outline;.setConvexPath (Landroid/graphics/Path;)V
I/dalvikvm(26402): Could not find method android.graphics.Outline.setRect, referenced from method com.facebook.react.views.view.ReactViewBackgroundDrawable.getOutline
W/dalvikvm(26402): VFY: unable to resolve virtual method 954: Landroid/graphics/Outline;.setRect (Landroid/graphics/Rect;)V
I/HwLauncher( 3377): Launcher onStop()
E/HwLauncher( 3377): Launcher dialog dismiss failed : java.lang.IllegalArgumentException: no dialog with id 1 was ever shown via Activity#showDialog
I/HwLauncher( 3377): Launcher dynamicIconsUnregister
I/HwLauncher( 3377): DynamicUpdater unregisterReceiver
I/HwLauncher( 3377): DynamicIcon onPause  isvisible = true   mAttachedToWindow:true    mWindowVisible:falsecom.android.deskclock
I/HwLauncher( 3377): DynamicUpdater unregisterReceiver
I/HwLauncher( 3377): DynamicIcon onPause  isvisible = true   mAttachedToWindow:true    mWindowVisible:falsecom.android.calendar
I/HwLauncher( 3377): DynamicUpdater unregisterReceiver
I/HwLauncher( 3377): DynamicIcon onPause  isvisible = true   mAttachedToWindow:false    mWindowVisible:falsecom.huawei.android.totemweather
I/HwLauncher( 3377): DynamicIcon onVisibilityChanged 4 - com.android.deskclock
I/HwLauncher( 3377): DynamicIcon onVisibilityChanged 4 - com.android.calendar
I/dalvikvm(26402): Could not find method android.text.StaticLayout$Builder.obtain, referenced from method com.facebook.react.views.text.ReactTextShadowNode$1.measure
W/dalvikvm(26402): VFY: unable to resolve static method 17991: Landroid/text/StaticLayout$Builder;.obtain (Ljava/lang/CharSequence;IILandroid/text/TextPaint;I)Landroid/text/StaticLayout$Builder;
I/dalvikvm(26402): Could not find method android.text.StaticLayout$Builder.obtain, referenced from method com.facebook.react.views.text.ReactTextShadowNode$1.measure
W/dalvikvm(26402): VFY: unable to resolve static method 17991: Landroid/text/StaticLayout$Builder;.obtain (Ljava/lang/CharSequence;IILandroid/text/TextPaint;I)Landroid/text/StaticLayout$Builder;
W/unknown:ViewManagerPropertyUpdater(26402): Could not find generated setter for class com.facebook.react.views.text.ReactVirtualTextShadowNode
I/dalvikvm(26402): Could not find method com.facebook.react.views.text.ReactTextView.getBreakStrategy, referenced from method com.facebook.react.views.text.ReactTextView.setText
W/dalvikvm(26402): VFY: unable to resolve virtual method 32328: Lcom/facebook/react/views/text/ReactTextView;.getBreakStrategy ()I
I/dalvikvm(26402): Could not find method android.content.res.Resources.getDrawable, referenced from method com.facebook.react.views.view.ReactDrawableHelper.createDrawableFromJSDescription
W/dalvikvm(26402): VFY: unable to resolve virtual method 696: Landroid/content/res/Resources;.getDrawable (ILandroid/content/res/Resources$Theme;)Landroid/graphics/drawable/Drawable;
E/dalvikvm(26402): Could not find class 'android.graphics.drawable.RippleDrawable', referenced from method com.facebook.react.views.view.ReactDrawableHelper.createDrawableFromJSDescription
W/dalvikvm(26402): VFY: unable to resolve new-instance 207 (Landroid/graphics/drawable/RippleDrawable;) in Lcom/facebook/react/views/view/ReactDrawableHelper;
I/dalvikvm(26402): Could not find method android.content.Context.getColorStateList, referenced from method android.support.v7.content.res.AppCompatResources.getColorStateList
W/dalvikvm(26402): VFY: unable to resolve virtual method 483: Landroid/content/Context;.getColorStateList (I)Landroid/content/res/ColorStateList;
I/ReactNativeJS(26402): Beacons ranging started succesfully!
I/dalvikvm(26402): Could not find method android.content.Context.getNoBackupFilesDir, referenced from method com.google.android.gms.common.util.zzx.getNoBackupFilesDir
W/dalvikvm(26402): VFY: unable to resolve virtual method 494: Landroid/content/Context;.getNoBackupFilesDir ()Ljava/io/File;
I/ReactNativeJS(26402): Beacons monitoring started successfully
I/ReactNativeJS(26402): 'TOKEN:', { token: 'd5_hxdRStso:APA91bEtIY_B3NmPjefevdwAWflnuqTDrHeePUz7MpeDO3AMVXgiZg5phTCghliCEz5rR8OebgUsjDLDWIa-kNhlfpnFoC0wNZF9DXN6VVT0pIeEqRtbonTaTGQuBDcmk7V3bSVqiLBt',
I/ReactNativeJS(26402):   os: 'android' }
I/ReactNativeJS(26402): 'TOKEN:', { token: 'd5_hxdRStso:APA91bEtIY_B3NmPjefevdwAWflnuqTDrHeePUz7MpeDO3AMVXgiZg5phTCghliCEz5rR8OebgUsjDLDWIa-kNhlfpnFoC0wNZF9DXN6VVT0pIeEqRtbonTaTGQuBDcmk7V3bSVqiLBt',
I/ReactNativeJS(26402):   os: 'android' }
I/K3V3CpuGovernorPolicy( 3322): close previously scene Hmp policy : 300 , 150
I/ReactNativeJS(26402): 'Navigation Dispatch: ', { action: 
I/ReactNativeJS(26402):    { type: 'Navigation/NAVIGATE',
I/ReactNativeJS(26402):      routeName: 'Beacons',
I/ReactNativeJS(26402):      params: undefined,
I/ReactNativeJS(26402):      action: undefined },
I/ReactNativeJS(26402):   newState: 
I/ReactNativeJS(26402):    { routes: 
I/ReactNativeJS(26402):       [ { key: 'Home', routeName: 'Home' },
I/ReactNativeJS(26402):         { key: 'Beacons', routeName: 'Beacons' } ],
I/ReactNativeJS(26402):      index: 1 },
I/ReactNativeJS(26402):   lastState: 
I/ReactNativeJS(26402):    { routes: 
I/ReactNativeJS(26402):       [ { key: 'Home', routeName: 'Home' },
I/ReactNativeJS(26402):         { key: 'Beacons', routeName: 'Beacons' } ],
I/ReactNativeJS(26402):      index: 0 } }
I/ReactNativeJS(26402): 'Navigation Dispatch: ', { action: 
I/ReactNativeJS(26402):    { type: 'Navigation/NAVIGATE',
I/ReactNativeJS(26402):      routeName: 'Home',
I/ReactNativeJS(26402):      params: undefined,
I/ReactNativeJS(26402):      action: undefined },
I/ReactNativeJS(26402):   newState: 
I/ReactNativeJS(26402):    { routes: 
I/ReactNativeJS(26402):       [ { key: 'Home', routeName: 'Home' },
I/ReactNativeJS(26402):         { key: 'Beacons', routeName: 'Beacons' } ],
I/ReactNativeJS(26402):      index: 0 },
I/ReactNativeJS(26402):   lastState: 
I/ReactNativeJS(26402):    { routes: 
I/ReactNativeJS(26402):       [ { key: 'Home', routeName: 'Home' },
I/ReactNativeJS(26402):         { key: 'Beacons', routeName: 'Beacons' } ],
I/ReactNativeJS(26402):      index: 1 } }
I/CAPALiteReceiver( 3322): USER STATE: STATIONARY SUB STATE: UNKNOWN
W/Settings( 2927): Setting device_provisioned has moved from android.provider.Settings.Secure to android.provider.Settings.Global.
W/Settings( 3171): Setting airplane_mode_on has moved from android.provider.Settings.System to android.provider.Settings.Global, returning read-only value.
I/wpa_supplicant( 8802): wlan0: HEART-BEAT-ACK: 521
I/BluetoothAdapterState( 4282): Entering OffState
I/RadioStateMachine( 4282): Entering OffState
I/BluetoothServiceJni( 4282): OoO sJniCallbacksObj has init before init? 0
I/bluedroid( 4282): init
I/bte_main( 4282): OoO log conf is : false
I/bte_conf( 4282): Attempt to load stack conf from /etc/bluetooth/bt_stack.conf
I/bluedroid( 4282): get_profile_interface socket
I/GKI_LINUX( 4282): gki_task_entry: gki_task_entry task_id=1 [BTIF] starting
I/BluetoothAdapterProperties( 4282): adapterPropertyChangedCallback with type:2 len:6
I/BluetoothAdapterProperties( 4282): adapterPropertyChangedCallback with type:1 len:7
I/bluedroid( 4282): config_hci_snoop_log
I/BluetoothAdapterState( 4282): Bluetooth adapter state changed: 10-> 11
I/BluetoothBondStateMachine( 4282): StableState(): Entering Off State
W/BluetoothAdapterService( 4282): Starting service com.android.bluetooth.hfp.HeadsetService
W/BluetoothAdapterService( 4282): Starting service com.android.bluetooth.a2dp.A2dpService
I/bluedroid( 4282): get_profile_interface handsfree
W/dalvikvm(26402): threadid=1: thread exiting with uncaught exception (group=0x415f5c50)
W/BluetoothAdapterService( 4282): Starting service com.android.bluetooth.hid.HidService
W/BluetoothAdapterService( 4282): Starting service com.android.bluetooth.hdp.HealthService
I/bluedroid( 4282): get_profile_interface a2dp
I/GKI_LINUX( 4282): gki_task_entry: gki_task_entry task_id=2 [A2DP-MEDIA] starting
I/bluedroid( 4282): get_profile_interface avrcp
W/BluetoothAdapterService( 4282): Starting service com.android.bluetooth.pan.PanService
I/bluedroid( 4282): get_profile_interface hidhost
W/BluetoothAdapterService( 4282): Starting service com.android.bluetooth.gatt.GattService
W/BluetoothAdapterService( 4282): Starting service com.android.bluetooth.map.BluetoothMapService
I/bluedroid( 4282): get_profile_interface health
I/bluedroid( 4282): get_profile_interface pan
I/bluedroid( 4282): get_profile_interface gatt
W/Settings( 3171): Setting airplane_mode_on has moved from android.provider.Settings.System to android.provider.Settings.Global, returning read-only value.
I/BluetoothAdapterState( 4282): Entering PendingCommandState State: isTurningOn()=true, isTurningOff()=false
I/bluedroid( 4282): enable
I/bt_hci_bdroid( 4282): init
I/bt_vendor( 4282): init
I/bt_vnd_conf( 4282): Attempt to load conf from /etc/bluetooth/bt_vendor.conf
I/bt_hci_bdroid( 4282): bt_hc_worker_thread started
I/bt_userial_vendor( 4282): userial vendor open: opening /dev/ttyAMA4
I/GKI_LINUX( 4282): gki_task_entry: gki_task_entry task_id=0 [BTU] starting
I/bt-btu  ( 4282): btu_task pending for preload complete event
I/GKI_LINUX( 4282): gki_task_entry: gki_task_entry task_id=3 [APPL] starting
E/bt-btif ( 4282): fm_app_task starts up
I/BTAPP_FM( 4282): btapp_fm_init: ServerInit (res = 6)
I/BTL-IFS ( 4282): BTL_IF_RegisterSubSystem: Registered subsystem [FM]
I/BTAPP_FM( 4282): btapp_fm_init: RegisterSubSystem (res = 0)
I/bt_userial_vendor( 4282): device fd = 84 open
I/bt_hwcfg( 4282): bt vendor lib: set UART baud 3000000
I/bt_hwcfg( 4282): Found patchfile: /vendor/firmware//BCM4334B0_002.001.013.1164.1457_RC.hcd
W/NearbyMessages( 3286): NetworkPollManager:  RPC was requested, but deemed unnecessary.
I/bt_hwcfg( 4282): bt vendor lib: set UART baud 115200
I/HwLauncher( 3377): DynamicIcon onWindowVisibilityChanged 4 - com.android.deskclock
I/HwLauncher( 3377): DynamicIcon onWindowVisibilityChanged 4 - com.android.calendar
I/HwLauncher( 3377): Launcher onStart()
I/HwLauncher( 3377): Launcher dynamicIconsRegister
I/HwLauncher( 3377): DynamicUpdater registerReceiver
I/HwLauncher( 3377): DynamicUpdater call updateFolder
I/HwLauncher( 3377): DynamicIcon onResume  isvisible = false   mAttachedToWindow:true    mWindowVisible:falsecom.android.deskclock
I/HwLauncher( 3377): DynamicUpdater registerReceiver
I/HwLauncher( 3377): DynamicUpdater call updateFolder
I/HwLauncher( 3377): DynamicIcon onResume  isvisible = false   mAttachedToWindow:true    mWindowVisible:falsecom.android.calendar
I/HwLauncher( 3377): DynamicUpdater registerReceiver
I/HwLauncher( 3377): DynamicUpdater call updateFolder
I/HwLauncher( 3377): WeatherDynamicUpdaterpositiveUpdate at WeatherDynamicUpdater
I/HwLauncher( 3377): DynamicIcon onResume  isvisible = true   mAttachedToWindow:false    mWindowVisible:falsecom.huawei.android.totemweather
I/HwLauncher( 3377): Launcher onResume()
I/HwLauncher( 3377): Launcher doResumeWork()
I/bt_hwcfg( 4282): bt vendor lib: set UART baud 3000000
I/bt_hwcfg( 4282): Setting local bd addr to 8C:34:FD:83:24:9D
W/MotionDetectionManager( 3377): startMotionAppsReco motionApps: 402 disabled
W/HwLauncher( 3377): Launcher.MotionManager failed to start TYPE_SHAKE_CHANGE_WALLPAPER
I/HwLauncher( 3377): Launcher.MotionManager startShakeMotion mIsShakeInHome=true
I/bt_hwcfg( 4282): vendor lib fwcfg completed
I/bt-btu  ( 4282): btu_task received preload complete event
I/        ( 4282): BTE_InitTraceLevels -- TRC_HCI
I/        ( 4282): BTE_InitTraceLevels -- TRC_L2CAP
I/        ( 4282): BTE_InitTraceLevels -- TRC_RFCOMM
I/        ( 4282): BTE_InitTraceLevels -- TRC_AVDT
I/        ( 4282): BTE_InitTraceLevels -- TRC_AVRC
I/        ( 4282): BTE_InitTraceLevels -- TRC_A2D
I/        ( 4282): BTE_InitTraceLevels -- TRC_BNEP
I/        ( 4282): BTE_InitTraceLevels -- TRC_BTM
I/        ( 4282): BTE_InitTraceLevels -- TRC_GAP
I/        ( 4282): BTE_InitTraceLevels -- TRC_PAN
I/        ( 4282): BTE_InitTraceLevels -- TRC_SDP
I/        ( 4282): BTE_InitTraceLevels -- TRC_GATT
I/        ( 4282): BTE_InitTraceLevels -- TRC_SMP
I/        ( 4282): BTE_InitTraceLevels -- TRC_BTAPP
I/        ( 4282): BTE_InitTraceLevels -- TRC_BTIF
W/MotionDetectionManager( 3377): startMotionAppsReco motionApps: 404 disabled
W/HwLauncher( 3377): Launcher.MotionManager failed to start TYPE_SHAKE_START_PRIVACY
I/HwLauncher( 3377): Launcher changeNaviBarStatus
W/HwLauncher( 3377): Launcher  updateMarginLayoutParamsForView:the target view is null.
I/HwLauncher( 3377): Launcher  onResume mIsToUninstallApp = false
I/HwLauncher( 3377): DynamicIcon onVisibilityChanged 0 - com.android.deskclock
I/HwLauncher( 3377): DynamicIcon onVisibilityChanged 0 - com.android.calendar
I/HwLauncher( 3377): DynamicIcon onWindowVisibilityChanged 0 - com.android.deskclock
I/HwLauncher( 3377): DynamicIcon onWindowVisibilityChanged 0 - com.android.calendar
I/HwLauncher( 3377): WeatherDynamicUpdaterreceive action = com.huawei.android.action.launcher_weather_icon_change
I/HwLauncher( 3377): WeatherDynamicUpdaterreceiver data is int[] = [0, 0, 4, 0, 2, 0, 0, 0]
I/HwLauncher( 3377):  stringArray[] [mostlycloudy, num1, num6, tempc]
W/bt-btif ( 4282):  bta_dm_sys_hw_cback with event: 1
E/bt-btm  ( 4282): BTM_SecRegister:p_cb_info->p_le_callback == 0x763d9389 
E/bt-btm  ( 4282): BTM_SecRegister: btm_cb.api.p_le_callback = 0x763d9389 
E/bt-btif ( 4282): Calling BTA_HhEnable
E/bt-btif ( 4282): btif_storage_get_adapter_property service_mask:0x140040
I/BluetoothAdapterProperties( 4282): adapterPropertyChangedCallback with type:2 len:6
I/BluetoothAdapterProperties( 4282): adapterPropertyChangedCallback with type:1 len:7
I/BluetoothAdapterProperties( 4282): adapterPropertyChangedCallback with type:7 len:4
I/BluetoothAdapterProperties( 4282): adapterPropertyChangedCallback with type:9 len:4
I/BluetoothAdapterProperties( 4282): adapterPropertyChangedCallback with type:8 len:18
I/BluetoothAdapterProperties( 4282): adapterPropertyChangedCallback with type:3 len:48
I/bt_hwcfg( 4282): SCO PCM configure {0, 1, 0, 0, 0}
W/bt-btif ( 4282): bte_main_enable_lpm
I/bte_conf( 4282): Attempt to load did conf from /etc/bluetooth/bt_did.conf
W/bt-btm  ( 4282): BTM_SetDiscoverability
W/bt-btm  ( 4282): BTM_SetConnectability
W/bt-btm  ( 4282): BTM_SetDiscoverability
W/bt-btm  ( 4282): BTM_SetConnectability
I/bte_conf( 4282): [1] primary_record=1 vendor_id=0x000F vendor_id_source=0x0001 product_id=0x1200 version=0x1436
I/bte_conf( 4282): Attempt to load did conf from /etc/bluetooth/bt_did.conf
I/bte_conf( 4282): Attempt to load did conf from /etc/bluetooth/bt_did.conf
W/bt-btm  ( 4282): BTM_SetDiscoverability
W/bt-btm  ( 4282): BTM_SetConnectability
I/BluetoothAdapterProperties( 4282): adapterPropertyChangedCallback with type:7 len:4
I/BluetoothAdapterState( 4282): Bluetooth adapter state changed: 11-> 12
I/BluetoothAdapterState( 4282): Entering On State
I/BluetoothAdapterProperties( 4282): adapterPropertyChangedCallback with type:9 len:4
I/BluetoothHeadsetServiceJni( 4282): connectHfpNative: sBluetoothHfpInterface: 0x7648e178
E/bt_h4   ( 4282): vendor lib postload completed
I/BluetoothA2dpServiceJni( 4282): connectA2dpNative: sBluetoothA2dpInterface: 0x7648e1bc
I/MediaPlaybackService(16198): mIntentReceiver onReceive action:android.bluetooth.a2dp.profile.action.CONNECTION_STATE_CHANGED, cmd:null
W/BluetoothAdapter( 4282): getBluetoothService() called with no BluetoothManagerCallback
E/BluetoothServiceJni( 4282): SOCK FLAG = 1 ***********************
I/K3V3CpuGovernorPolicy( 3322): set scene Hmp policy : 300 , 150
I/HwLauncher( 3377): Launcher onPause()
W/HwLauncher( 3377): Launcher.MotionManager failed to stop TYPE_SHAKE_CHANGE_WALLPAPER
W/HwLauncher( 3377): Launcher.MotionManager failed to stop TYPE_SHAKE_START_PRIVACY
W/Settings( 3171): Setting airplane_mode_on has moved from android.provider.Settings.System to android.provider.Settings.Global, returning read-only value.
W/BluetoothMap(24269): Proxy not attached to service
W/BluetoothMap(24269): Proxy not attached to service
W/BluetoothMap(24269): Proxy not attached to service
W/BluetoothMap(24269): Proxy not attached to service
W/BluetoothMap(24269): Proxy not attached to service
W/BluetoothMap(24269): Proxy not attached to service
W/bt-btm  ( 4282): BTM_SetDiscoverability
I/BluetoothAdapterProperties( 4282): adapterPropertyChangedCallback with type:9 len:4
W/bt-btm  ( 4282): BTM_SetConnectability
I/BluetoothAdapterProperties( 4282): adapterPropertyChangedCallback with type:7 len:4
E/BluetoothPlatformImp(24269): NameNotFoundException e: android.content.pm.PackageManager$NameNotFoundException: Application package com.android.nfc not found
W/BluetoothAdapter( 4282): getBluetoothService() called with no BluetoothManagerCallback
E/BluetoothServiceJni( 4282): SOCK FLAG = 1 ***********************
E/BluetoothPlatformImp(24269): in setBeamPushUrisCallback, nfcAdapter is null!
I/BeaconBle( 3286): OS Scanner is only available for LOLLIPOP+
I/BeaconBle( 3286): BLE 'JB+' software access layer enabled
I/BeaconBle( 3286): Client requested scan, settings=BleSettings [scanMode=LOW_LATENCY, callbackType=ALL_MATCHES, reportDelayMillis=0, 3 filters, 0 clients, callingClientName=Nearby], listener=geo@43534c40
I/BiometricManager(24269): UE supported types is null
W/BluetoothAdapter( 4282): getBluetoothService() called with no BluetoothManagerCallback
I/EasyUnlock( 3466): [EasyUnlockService] EasyUnlock not enabled, skipping initialization.
E/BluetoothServiceJni( 4282): SOCK FLAG = 0 ***********************
I/BtOppRfcommListener( 4282): Accept thread started.
I/HwLauncher( 3377): DynamicIcon onWindowVisibilityChanged 8 - com.android.deskclock
I/HwLauncher( 3377): DynamicIcon onWindowVisibilityChanged 8 - com.android.calendar
I/HwLauncher( 3377): Launcher onStop()
E/HwLauncher( 3377): Launcher dialog dismiss failed : java.lang.IllegalArgumentException: no dialog with id 1 was ever shown via Activity#showDialog
I/HwLauncher( 3377): Launcher dynamicIconsUnregister
I/HwLauncher( 3377): DynamicUpdater unregisterReceiver
I/HwLauncher( 3377): DynamicIcon onPause  isvisible = true   mAttachedToWindow:true    mWindowVisible:falsecom.android.deskclock
I/HwLauncher( 3377): DynamicUpdater unregisterReceiver
I/HwLauncher( 3377): DynamicIcon onPause  isvisible = true   mAttachedToWindow:true    mWindowVisible:falsecom.android.calendar
I/HwLauncher( 3377): DynamicUpdater unregisterReceiver
I/HwLauncher( 3377): DynamicIcon onPause  isvisible = true   mAttachedToWindow:false    mWindowVisible:falsecom.huawei.android.totemweather
I/HwLauncher( 3377): DynamicIcon onVisibilityChanged 4 - com.android.deskclock
I/HwLauncher( 3377): DynamicIcon onVisibilityChanged 4 - com.android.calendar
I/K3V3CpuGovernorPolicy( 3322): close previously scene Hmp policy : 300 , 150
I/BeaconBle( 3286): Client requested scan, settings=BleSettings [scanMode=LOW_LATENCY, callbackType=ALL_MATCHES, reportDelayMillis=0, 6 filters, 2 clients, callingClientName=Nearby], listener=geo@43534c40
E/Thermal-daemon( 2432): [ap] temp_new :34  temp_old :33
W/bt-btm  ( 4282): BTM_SetConnectability
I/Process (26402): Sending signal. PID: 26402 SIG: 9
W/PlatformStatsUtil( 8114): Could not retrieve Usage & Diagnostics setting. Giving up.
W/bt-btm  ( 4282): BTM_SetConnectability
W/bt-sdp  ( 4282): SDP - Rcvd conn cnf with error: 0x4  CID 0x40
I/BluetoothHeadsetServiceJni( 4282): connection_state_callback
I/BluetoothA2dpServiceJni( 4282): bta2dp_connection_state_callback
E/bt-btif ( 4282): reset flags
I/LocalBluetoothProfileManager(24269): Failed to connect HEADSET device
E/textview(24269): initAddtionalStyle default
I/BeaconBle( 3286): Client requested scan, settings=BleSettings [scanMode=ZERO_POWER, callbackType=ALL_MATCHES, reportDelayMillis=0, 6 filters, 1 clients, callingClientName=Nearby], listener=geo@43534c40
W/bt-btm  ( 4282): BTM_SetConnectability
I/BeaconBle( 3286): Scan : No clients left, canceling alarm.
I/ActivityManager( 2927): pkg:[com.awesomeproject] pid:[0]  maybe timeout , send to PG
W/PlatformStatsUtil( 8114): Could not retrieve Usage & Diagnostics setting. Giving up.
W/bt-sdp  ( 4282): SDP - Rcvd conn cnf with error: 0x4  CID 0x41
E/Thermal-daemon( 2432): [flash_led] temp_new :32  temp_old :31
E/Thermal-daemon( 2432): [ap] temp_new :33  temp_old :34
I/CAPALiteReceiver( 3322): USER STATE: STATIONARY SUB STATE: UNKNOWN
I/wpa_supplicant( 8802): wlan0: HEART-BEAT-ACK: 522
I/fb-UnpackingSoSource(26708): dso store is up-to-date: /data/data/com.awesomeproject/lib-main
I/dalvikvm(26708): Could not find method android.content.pm.PackageManager.getPackageInstaller, referenced from method com.google.android.gms.common.zzg.zzz
W/dalvikvm(26708): VFY: unable to resolve virtual method 644: Landroid/content/pm/PackageManager;.getPackageInstaller ()Landroid/content/pm/PackageInstaller;
I/dalvikvm(26708): threadid=1: recursive native library load attempt (/data/app-lib/com.awesomeproject-1/libfb.so)
I/dalvikvm(26708): Could not find method android.view.View.setElevation, referenced from method com.facebook.react.uimanager.BaseViewManager.setElevation
W/dalvikvm(26708): VFY: unable to resolve virtual method 18561: Landroid/view/View;.setElevation (F)V
I/dalvikvm(26708): Could not find method com.facebook.react.views.view.ReactViewGroup.drawableHotspotChanged, referenced from method com.facebook.react.views.view.ReactViewManager.receiveCommand
W/dalvikvm(26708): VFY: unable to resolve virtual method 32832: Lcom/facebook/react/views/view/ReactViewGroup;.drawableHotspotChanged (FF)V
I/dalvikvm(26708): Could not find method com.facebook.react.views.view.ReactViewGroup.setForeground, referenced from method com.facebook.react.views.view.ReactViewManager.setNativeForeground
W/dalvikvm(26708): VFY: unable to resolve virtual method 32872: Lcom/facebook/react/views/view/ReactViewGroup;.setForeground (Landroid/graphics/drawable/Drawable;)V
W/unknown:ViewManagerPropertyUpdater(26708): Could not find generated setter for class com.facebook.react.views.art.ARTGroupViewManager
W/unknown:ViewManagerPropertyUpdater(26708): Could not find generated setter for class com.facebook.react.views.art.ARTGroupShadowNode
W/unknown:ViewManagerPropertyUpdater(26708): Could not find generated setter for class com.facebook.react.views.art.ARTShapeViewManager
W/unknown:ViewManagerPropertyUpdater(26708): Could not find generated setter for class com.facebook.react.views.art.ARTShapeShadowNode
W/unknown:ViewManagerPropertyUpdater(26708): Could not find generated setter for class com.facebook.react.views.art.ARTTextViewManager
W/unknown:ViewManagerPropertyUpdater(26708): Could not find generated setter for class com.facebook.react.views.art.ARTTextShadowNode
W/unknown:ViewManagerPropertyUpdater(26708): Could not find generated setter for class com.facebook.react.views.art.ARTSurfaceViewManager
W/unknown:ViewManagerPropertyUpdater(26708): Could not find generated setter for class com.facebook.react.views.art.ARTSurfaceViewShadowNode
W/unknown:ViewManagerPropertyUpdater(26708): Could not find generated setter for class com.facebook.react.views.picker.ReactDialogPickerManager
W/unknown:ViewManagerPropertyUpdater(26708): Could not find generated setter for class com.facebook.react.uimanager.LayoutShadowNode
W/unknown:ViewManagerPropertyUpdater(26708): Could not find generated setter for class com.facebook.react.views.drawer.ReactDrawerLayoutManager
W/unknown:ViewManagerPropertyUpdater(26708): Could not find generated setter for class com.facebook.react.views.picker.ReactDropdownPickerManager
W/unknown:ViewManagerPropertyUpdater(26708): Could not find generated setter for class com.facebook.react.views.scroll.ReactHorizontalScrollViewManager
W/unknown:ViewManagerPropertyUpdater(26708): Could not find generated setter for class com.facebook.react.views.image.ReactImageManager
W/unknown:ViewManagerPropertyUpdater(26708): Could not find generated setter for class com.facebook.react.views.modal.ReactModalHostManager
W/unknown:ViewManagerPropertyUpdater(26708): Could not find generated setter for class com.facebook.react.views.modal.ModalHostShadowNode
W/unknown:ViewManagerPropertyUpdater(26708): Could not find generated setter for class com.facebook.react.views.progressbar.ReactProgressBarViewManager
W/unknown:ViewManagerPropertyUpdater(26708): Could not find generated setter for class com.facebook.react.views.progressbar.ProgressBarShadowNode
W/unknown:ViewManagerPropertyUpdater(26708): Could not find generated setter for class com.facebook.react.views.text.ReactRawTextManager
W/unknown:ViewManagerPropertyUpdater(26708): Could not find generated setter for class com.facebook.react.views.text.ReactTextShadowNode
W/unknown:ViewManagerPropertyUpdater(26708): Could not find generated setter for class com.facebook.react.views.scroll.ReactScrollViewManager
W/unknown:ViewManagerPropertyUpdater(26708): Could not find generated setter for class com.facebook.react.views.slider.ReactSliderManager
W/unknown:ViewManagerPropertyUpdater(26708): Could not find generated setter for class com.facebook.react.views.slider.ReactSliderManager$ReactSliderShadowNode
W/unknown:ViewManagerPropertyUpdater(26708): Could not find generated setter for class com.facebook.react.views.switchview.ReactSwitchManager
W/unknown:ViewManagerPropertyUpdater(26708): Could not find generated setter for class com.facebook.react.views.switchview.ReactSwitchManager$ReactSwitchShadowNode
W/unknown:ViewManagerPropertyUpdater(26708): Could not find generated setter for class com.facebook.react.views.text.frescosupport.FrescoBasedReactTextInlineImageViewManager
W/unknown:ViewManagerPropertyUpdater(26708): Could not find generated setter for class com.facebook.react.views.text.frescosupport.FrescoBasedReactTextInlineImageShadowNode
W/unknown:ViewManagerPropertyUpdater(26708): Could not find generated setter for class com.facebook.react.views.textinput.ReactTextInputManager
W/unknown:ViewManagerPropertyUpdater(26708): Could not find generated setter for class com.facebook.react.views.textinput.ReactTextInputShadowNode
W/unknown:ViewManagerPropertyUpdater(26708): Could not find generated setter for class com.facebook.react.views.text.ReactTextViewManager
W/unknown:ViewManagerPropertyUpdater(26708): Could not find generated setter for class com.facebook.react.views.toolbar.ReactToolbarManager
W/unknown:ViewManagerPropertyUpdater(26708): Could not find generated setter for class com.facebook.react.views.view.ReactViewManager
W/unknown:ViewManagerPropertyUpdater(26708): Could not find generated setter for class com.facebook.react.views.viewpager.ReactViewPagerManager
W/unknown:ViewManagerPropertyUpdater(26708): Could not find generated setter for class com.facebook.react.views.text.ReactVirtualTextViewManager
W/unknown:ViewManagerPropertyUpdater(26708): Could not find generated setter for class com.facebook.react.views.webview.ReactWebViewManager
W/unknown:ViewManagerPropertyUpdater(26708): Could not find generated setter for class com.facebook.react.views.recyclerview.RecyclerViewBackedScrollViewManager
W/unknown:ViewManagerPropertyUpdater(26708): Could not find generated setter for class com.facebook.react.views.swiperefresh.SwipeRefreshLayoutManager
W/unknown:ViewManagerPropertyUpdater(26708): Could not find generated setter for class com.facebook.reactnative.androidsdk.FBLikeViewManager
W/unknown:ViewManagerPropertyUpdater(26708): Could not find generated setter for class com.facebook.reactnative.androidsdk.FBLoginButtonManager
W/unknown:ViewManagerPropertyUpdater(26708): Could not find generated setter for class com.facebook.reactnative.androidsdk.FBSendButtonManager
W/unknown:ViewManagerPropertyUpdater(26708): Could not find generated setter for class com.facebook.reactnative.androidsdk.FBShareButtonManager
I/dalvikvm(26708): Could not find method android.webkit.CookieManager.setCookie, referenced from method com.facebook.react.modules.network.ForwardingCookieHandler.addCookieAsync
W/dalvikvm(26708): VFY: unable to resolve virtual method 19131: Landroid/webkit/CookieManager;.setCookie (Ljava/lang/String;Ljava/lang/String;Landroid/webkit/ValueCallback;)V
I/dalvikvm(26708): Could not find method android.webkit.CookieManager.removeAllCookies, referenced from method com.facebook.react.modules.network.ForwardingCookieHandler.clearCookiesAsync
W/dalvikvm(26708): VFY: unable to resolve virtual method 19128: Landroid/webkit/CookieManager;.removeAllCookies (Landroid/webkit/ValueCallback;)V
I/dalvikvm(26708): Could not find method android.webkit.CookieManager.flush, referenced from method com.facebook.react.modules.network.ForwardingCookieHandler$CookieSaver.flush
W/dalvikvm(26708): VFY: unable to resolve virtual method 19124: Landroid/webkit/CookieManager;.flush ()V
I/dalvikvm(26708): Could not find method android.content.Context.checkSelfPermission, referenced from method com.facebook.react.modules.permissions.PermissionsModule.checkPermission
W/dalvikvm(26708): VFY: unable to resolve virtual method 471: Landroid/content/Context;.checkSelfPermission (Ljava/lang/String;)I
I/dalvikvm(26708): Could not find method android.content.Context.checkSelfPermission, referenced from method com.facebook.react.modules.permissions.PermissionsModule.requestMultiplePermissions
W/dalvikvm(26708): VFY: unable to resolve virtual method 471: Landroid/content/Context;.checkSelfPermission (Ljava/lang/String;)I
I/dalvikvm(26708): Could not find method android.content.Context.checkSelfPermission, referenced from method com.facebook.react.modules.permissions.PermissionsModule.requestPermission
W/dalvikvm(26708): VFY: unable to resolve virtual method 471: Landroid/content/Context;.checkSelfPermission (Ljava/lang/String;)I
W/BluetoothCrashResolver(26708): Can't read macs from BluetoothCrashResolverState.txt
W/ModelSpecificDistanceCalculator(26708): Cannot find match for this device.  Using default
W/ModelSpecificDistanceCalculator(26708): Cannot find match for this device.  Using default
I/dalvikvm(26708): Could not find method android.widget.ImageView.<init>, referenced from method com.facebook.drawee.view.DraweeView.<init>
W/dalvikvm(26708): VFY: unable to resolve direct method 19407: Landroid/widget/ImageView;.<init> (Landroid/content/Context;Landroid/util/AttributeSet;II)V
I/dalvikvm(26708): Could not find method com.facebook.drawee.view.DraweeView.getImageTintList, referenced from method com.facebook.drawee.view.DraweeView.init
W/dalvikvm(26708): VFY: unable to resolve virtual method 23145: Lcom/facebook/drawee/view/DraweeView;.getImageTintList ()Landroid/content/res/ColorStateList;
W/unknown:React(26708): Packager connection already open, nooping.
W/unknown:React(26708): Inspector connection already open, nooping.
E/ReactNativeJS(26708): No task registered for key BeaconsScan
I/AppsCleanUp( 3322): add top view, pid:26708 count:1
W/bt-btif ( 4282): bta_dm_rm_cback:0, status:1
W/bt-btif ( 4282): bta_dm_act no entry for connected service cbs
W/bt-btif ( 4282): BTA_AV_OPEN_EVT::FAILED status: 3
I/BluetoothA2dpServiceJni( 4282): bta2dp_connection_state_callback
I/LocalBluetoothProfileManager(24269): Failed to connect A2DP device
I/MediaPlaybackService(16198): mIntentReceiver onReceive action:android.bluetooth.a2dp.profile.action.CONNECTION_STATE_CHANGED, cmd:null
W/dalvikvm(26708): VFY: unable to find class referenced in signature (Ljava/nio/file/Path;)
W/dalvikvm(26708): VFY: unable to find class referenced in signature ([Ljava/nio/file/OpenOption;)
I/dalvikvm(26708): Could not find method java.nio.file.Files.newOutputStream, referenced from method okio.Okio.sink
W/dalvikvm(26708): VFY: unable to resolve static method 41491: Ljava/nio/file/Files;.newOutputStream (Ljava/nio/file/Path;[Ljava/nio/file/OpenOption;)Ljava/io/OutputStream;
W/dalvikvm(26708): VFY: unable to find class referenced in signature (Ljava/nio/file/Path;)
W/dalvikvm(26708): VFY: unable to find class referenced in signature ([Ljava/nio/file/OpenOption;)
I/dalvikvm(26708): Could not find method java.nio.file.Files.newInputStream, referenced from method okio.Okio.source
W/dalvikvm(26708): VFY: unable to resolve static method 41490: Ljava/nio/file/Files;.newInputStream (Ljava/nio/file/Path;[Ljava/nio/file/OpenOption;)Ljava/io/InputStream;
W/AppsCleanUp( 3322): dangerous alarm totalTime: 274967 numWakeup: 5211 pkg:com.google.android.gms
W/AppsCleanUp( 3322): dangerous alarm totalTime: 31676 numWakeup: 1493 pkg:com.wakti.store
E/CommandListener( 2419): readDefRoute call readDefRoute
E/SecondaryTablController( 2419): isWifiDefaultRouteExisted /system/bin/ip route
E/CommandListener( 2419): readDefRoute Rsp ok
W/ctxmgr  ( 3286): [AclManager]No 2 for (accnt=account#225735344#, com.google.android.gms(10009):UserLocationProducer, vrsn=10298000, 0, 3pPkg = null ,  3pMdlId = null). Was: 2 for 1, account#225735344#
E/Thermal-daemon( 2432): [pa_0] temp_new :30  temp_old :29
I/wpa_supplicant( 8802): wlan0: HEART-BEAT-ACK: 523
I/CAPALiteReceiver( 3322): USER STATE: STATIONARY SUB STATE: UNKNOWN
E/Thermal-daemon( 2432): [pa_0] temp_new :29  temp_old :30
E/Thermal-daemon( 2432): [flash_led] temp_new :31  temp_old :32
E/Thermal-daemon( 2432): [ap] temp_new :32  temp_old :33
E/AudioFlinger( 2427): setLppDtsGeq():invalid keyValue of dts geq.
I/HwLauncher( 3377): Launcher receiver screen off broadcast sendmessage true
I/DesktopLyricService(16198): received broadcast action = android.intent.action.SCREEN_OFF
I/DesktopLyricManager(16198): scheduleHideLyricViewDelayed !
I/DesktopLyricManager(16198): scheduleHideLyricView !
I/DesktopLyricManager(16198): performHideLyricView ! mIsLyricViewAdded = false
I/FreezeProcess( 3322): handle Stop Freezer
I/AppsCleanUp( 3322): Clean Apps Num:1, clean type is 1
I/PGFreezeAdapter( 3322): setAlarmsPending [true] -> [[]]
I/AppsCleanUp( 3322): success pending alarm state:true
W/InputDispatcher( 2927): channel '43dff5e0  (server)' ~ Consumer closed input channel or an error occurred.  events=0x9
E/InputDispatcher( 2927): channel '43dff5e0  (server)' ~ Channel is unrecoverably broken and will be disposed!
W/InputDispatcher( 2927): Attempted to unregister already unregistered input channel '43dff5e0  (server)'
W/Binder  ( 3262): Caught a RuntimeException from the binder stub implementation.
W/Binder  ( 3262): java.lang.NullPointerException
W/Binder  ( 3262): 	at android.inputmethodservice.IInputMethodWrapper.setSessionEnabled(IInputMethodWrapper.java:280)
W/Binder  ( 3262): 	at com.android.internal.view.IInputMethod$Stub.onTransact(IInputMethod.java:129)
W/Binder  ( 3262): 	at android.os.Binder.execTransact(Binder.java:404)
W/Binder  ( 3262): 	at dalvik.system.NativeStart.run(Native Method)
W/System.err( 3262): java.lang.NullPointerException
W/System.err( 3262): 	at android.inputmethodservice.IInputMethodWrapper.setSessionEnabled(IInputMethodWrapper.java:280)
W/System.err( 3262): 	at com.android.internal.view.IInputMethod$Stub.onTransact(IInputMethod.java:129)
W/System.err( 3262): 	at android.os.Binder.execTransact(Binder.java:404)
W/System.err( 3262): 	at dalvik.system.NativeStart.run(Native Method)
W/IInputConnectionWrapper(24269): showStatusIcon on inactive InputConnection
I/KeyguardViewManager( 3036):     wallpaper = android.graphics.drawable.BitmapDrawable@466d5820, mIsWallpaperClamp = true
I/KeyguardViewManager( 3036): updateShowWallpaper = false
E/KeyguardHostView( 3036): KeyguardHostView()
I/KeyguardHostView( 3036): initFingerprintView
E/AuthenticationManager( 3036): AuthenticationManager open failed: the AuthenticationService is null
W/FpUtils ( 3036): AuthenticationManager open return null
I/KeyguardHostView( 3036): Fingerprint unlock is not enabled
I/KeyguardHostView( 3036): Fingerprint validation is not enabled
I/HwLockScreenImpl( 3036): HwLockScreenImpl construct
I/LockScreenCallbackImpl( 3036): LockScreenCallbackImpl init
I/LockScreenCallbackImpl( 3036): initDoubleCard .. mIsMultiSimEnabled :false
I/HwLockScreenImpl( 3036): init
I/HwLockScreenImpl( 3036): loadMagazine
W/Settings( 3036): Setting airplane_mode_on has moved from android.provider.Settings.System to android.provider.Settings.Global, returning read-only value.
E/AbsClockView( 3036): In setFactory...
E/HwClockView( 3036): In HwClockView...
I/DesktopLyricService(16198): received broadcast action = com.android.keyguard.intent.action.ACTION_LYRICS
I/DesktopLyricService(16198): hide lock screen lyric!
E/AbsClockView( 3036): In setFactory...
E/HwClockView( 3036): In HwClockView...
W/Settings( 3036): Setting airplane_mode_on has moved from android.provider.Settings.System to android.provider.Settings.Global, returning read-only value.
I/HwLockScreenImpl( 3036): keyguard transparent = true
E/AbsClockView( 3036): In setFactory...
E/HwClockView( 3036): In HwClockView...
W/Settings( 3036): Setting airplane_mode_on has moved from android.provider.Settings.System to android.provider.Settings.Global, returning read-only value.
I/HwLockScreenImpl( 3036): onResume: 2
I/HwLockScreenImpl( 3036): Do not need screenshot
I/LockScreenCallbackImpl( 3036): refreshLockScreenInfo
I/LockScreenCallbackImpl( 3036): getSimState
I/LockScreenCallbackImpl( 3036): traverseCardStatus : mUpdateMonitor.getSimState(0)=READY
I/LockScreenCallbackImpl( 3036): getCurrentStatus simState=READY
W/Settings( 3036): Setting airplane_mode_on has moved from android.provider.Settings.System to android.provider.Settings.Global, returning read-only value.
W/Settings( 3036): Setting airplane_mode_on has moved from android.provider.Settings.System to android.provider.Settings.Global, returning read-only value.
I/HwLockScreenImpl( 3036): onAttachedToWindow
I/HwLockScreenImpl( 3036): setLayoutHeight hide widget
I/LockScreenCallbackImpl( 3036): onTimeChanged
I/LockScreenCallbackImpl( 3036): on phone state changed :0
I/LockScreenCallbackImpl( 3036): onRefreshCarrierInfo  plmn = nullspn=Ooredoo TN
I/LockScreenCallbackImpl( 3036): .single card.onRefreshCarrierInfo..: Ooredoo TN
I/LockScreenCallbackImpl( 3036): onSimStateChanged single simState=READY
I/LockScreenCallbackImpl( 3036): getCurrentStatus simState=READY
I/LockScreenCallbackImpl( 3036): single card.onSimStateChanged..Ooredoo TN
I/KeyguardUpdateMonitor( 3036): keyguard blur, dispatch set blur background : bitmap = android.graphics.Bitmap@4448fd80
I/HwMusicManager( 3036): registerMusicObserver context=com.android.keyguard.KeyguardService@431b8430
I/HwUpdateMonitor( 3036): registerCallback com.android.huawei.hwlockscreen.utils.EventNotifyView$1@44218dc8, callback size = 0
I/EventNotifyView( 3036): onNewMessageChange missedCount=0
I/EventNotifyView( 3036): onCalllogChange missedCount=0
I/HwUpdateMonitor( 3036): registerMonitor
W/Settings( 3036): Setting airplane_mode_on has moved from android.provider.Settings.System to android.provider.Settings.Global, returning read-only value.
W/Settings( 3036): Setting airplane_mode_on has moved from android.provider.Settings.System to android.provider.Settings.Global, returning read-only value.
W/KeyguardStatusViewEx( 3036): refreshSmallMusicView res is null mEmergencyView=null
W/KeyguardStatusViewEx( 3036): refreshSmallMusicView res is null mEmergencyView=com.android.keyguard.EmergencyCarrierArea{4420fd08 V.E...C. ......I. 0,0-0,0 #7f0d00a0 app:id/keyguard_selector_fade_container}
W/Settings( 3036): Setting airplane_mode_on has moved from android.provider.Settings.System to android.provider.Settings.Global, returning read-only value.
W/Settings( 3036): Setting airplane_mode_on has moved from android.provider.Settings.System to android.provider.Settings.Global, returning read-only value.
I/CameraLayout( 3036): onAttachedToWindow
I/UnderLayer( 3036): UnderLayer view
I/MonteGrayView( 3036): keyguard blur, on set blur background : bitmap = android.graphics.Bitmap@4448fd80, visibility = 0, mDrawableBlur = android.graphics.drawable.BitmapDrawable@44476418
I/HwUpdateMonitor( 3036): registerCallback com.android.huawei.hwlockscreen.infocenter.InfoCenterView$1@444736d0, callback size = 1
I/DesktopLyricService(16198): received broadcast action = com.android.keyguard.intent.action.ACTION_LYRICS
I/DesktopLyricService(16198): hide lock screen lyric!
E/HwLauncher( 3377): Launcher dialog dismiss failed : java.lang.IllegalArgumentException: no dialog with id 1 was ever shown via Activity#showDialog
I/Choreographer( 3036): Skipped 45 frames!  The application may be doing too much work on its main thread.
I/PhoneStatusBar( 3171): hw_status_bar_operators = false, setSystemUIVisibily(SHOW_OPERATOR = true)
I/DesktopLyricService(16198): received broadcast action = com.android.keyguard.intent.action.ACTION_LYRICS
I/DesktopLyricService(16198): hide lock screen lyric!
W/PlatformStatsUtil( 8114): Could not retrieve Usage & Diagnostics setting. Giving up.
I/wpa_supplicant( 8802): wlan0: HEART-BEAT-ACK: 524
I/AppsCleanUp( 3322): initWakelockApps->start
I/LockScreenCallbackImpl( 3036): onTimeChanged
W/MonitorImpl( 3036): onReceive - onPreBrocastReceive return false
W/System.err( 3545): org.apache.http.conn.ConnectTimeoutException: Connect to /94.206.64.234:80 timed out
W/System.err( 3545): 	at org.apache.http.conn.scheme.PlainSocketFactory.connectSocket(PlainSocketFactory.java:121)
W/System.err( 3545): 	at org.apache.http.impl.conn.DefaultClientConnectionOperator.openConnection(DefaultClientConnectionOperator.java:144)
W/System.err( 3545): 	at org.apache.http.impl.conn.AbstractPoolEntry.open(AbstractPoolEntry.java:164)
W/System.err( 3545): 	at org.apache.http.impl.conn.AbstractPooledConnAdapter.open(AbstractPooledConnAdapter.java:119)
W/System.err( 3545): 	at org.apache.http.impl.client.DefaultRequestDirector.execute(DefaultRequestDirector.java:360)
W/System.err( 3545): 	at org.apache.http.impl.client.AbstractHttpClient.execute(AbstractHttpClient.java:583)
