W/ResourceType(31188): getEntry failing because entryIndex 5835 is beyond type entryCount 1010
W/ResourceType(31188): Failure getting entry for 0x7f0216cb (t=1 e=5835) in package 0 (error -2147483647)
W/ResourceType(31188): getEntry failing because entryIndex 5836 is beyond type entryCount 1010
W/ResourceType(31188): Failure getting entry for 0x7f0216cc (t=1 e=5836) in package 0 (error -2147483647)
W/ResourceType(31188): getEntry failing because entryIndex 5837 is beyond type entryCount 1010
W/ResourceType(31188): Failure getting entry for 0x7f0216cd (t=1 e=5837) in package 0 (error -2147483647)
I/AccountTypeManager(31188): Adding account type = com.android.contacts.model.account.ExternalAccountType@43453020 in the cache
W/AccountTypeManager(31188): No authenticator found for type=com.android.huawei.secondsim, ignoring it.
I/AccountTypeManager(31188): Adding account type = com.android.contacts.model.account.GoogleAccountType@4345f198 in the cache
I/HwSystemManager( 3598): NotificationManagerReceiver:onReceive action = android.intent.action.PACKAGE_REMOVED
I/AccountTypeManager(31188): Adding account type = com.android.contacts.model.account.ExternalAccountType@434c5198 in the cache
I/SimFactoryManager(31188): Get SIM state from SIM factory manager: 5,For slotId:-1
I/PackageManager( 2927):   Action: "android.intent.action.SENDTO"
I/PackageManager( 2927):   Category: "android.intent.category.DEFAULT"
I/PackageManager( 2927):   Scheme: "mmsto"
I/AccountTypeManager(31188): Adding account type = com.android.contacts.hap.sim.advanced.AdvancedSimAccountType@43304008 in the cache
I/HwSystemManager( 3598): HsmIntentService:destroyed. this:com.huawei.systemmanager.util.content.HsmIntentService_bg@433a8ec8
E/ExternalAccountType(31188): Unsupported attribute readOnly
I/HwSystemManager( 6449): OptimizeReceiver:OptimizeReceiver received action:android.intent.action.PACKAGE_REMOVED
I/PackageManager( 2927):   Action: "android.intent.action.SENDTO"
I/PackageManager( 2927):   Category: "android.intent.category.DEFAULT"
I/PackageManager( 2927):   Scheme: "sms"
I/PackageManager( 2927):   Action: "android.intent.action.SENDTO"
I/PackageManager( 2927):   Category: "android.intent.category.DEFAULT"
I/PackageManager( 2927):   Scheme: "smsto"
I/HwSystemManager( 6449): ComBroadcastReceiver:ComBroadcastReceiver action = android.intent.action.PACKAGE_REMOVED
I/HwSystemManager( 6449): HsmIntentService:destroyed. this:com.huawei.systemmanager.util.content.HsmIntentService_ui@431d6c20
I/AccountTypeManager(31188): Loaded meta-data for 6 account types, 5 accounts in 459ms(wall) 33ms(cpu)
E/HwSystemManager( 3598): AppCleanUpService:msg is 1
I/PackageManager( 2927):   Action: "android.intent.action.SENDTO"
I/PackageManager( 2927):   Category: "android.intent.category.DEFAULT"
I/PackageManager( 2927):   Scheme: "mms"
I/PackageManager( 2927):   Action: "android.intent.action.SENDTO"
I/PackageManager( 2927):   Category: "android.intent.category.DEFAULT"
I/PackageManager( 2927):   Scheme: "mmsto"
I/HwSystemManager( 6449): SavingSettingUtil:setAlarm and high_level_standard is 10 msg_send_interval is 240 count_frequency is 60 dangerous_level_standard is 25 dangerous_current_level is 30 min_interval_time is 3 average_current_fg is 350 count_frequency_fg is 5 app_show_level is 1
I/PackageManager( 2927):   Action: "android.intent.action.SENDTO"
I/PackageManager( 2927):   Category: "android.intent.category.DEFAULT"
I/PackageManager( 2927):   Scheme: "sms"
I/PackageManager( 2927):   Action: "android.intent.action.SENDTO"
I/PackageManager( 2927):   Category: "android.intent.category.DEFAULT"
I/PackageManager( 2927):   Scheme: "smsto"
I/AccountTypeManager(31188): Adding account type = com.android.contacts.model.account.ExchangeAccountType@43434650 in the cache
I/PackageManager( 2927):   Action: "android.intent.action.SENDTO"
I/PackageManager( 2927):   Category: "android.intent.category.DEFAULT"
I/PackageManager( 2927):   Scheme: "mms"
I/YhdsEngine( 6449): [EngineIntentService] Received: com.dianxinos.optimizer.engine.action.PKG_CHANGE
I/HwSystemManager( 6449): DX-Optimizer:[PackageChangeReceiver] Received: android.intent.action.PACKAGE_REMOVED, data: package:com.awesomeproject, replacing: true
W/ResourceType(31188): getEntry failing because entryIndex 5835 is beyond type entryCount 1010
W/ResourceType(31188): Failure getting entry for 0x7f0216cb (t=1 e=5835) in package 0 (error -2147483647)
W/ResourceType(31188): getEntry failing because entryIndex 5835 is beyond type entryCount 1010
W/ResourceType(31188): Failure getting entry for 0x7f0216cb (t=1 e=5835) in package 0 (error -2147483647)
W/ResourceType(31188): getEntry failing because entryIndex 5836 is beyond type entryCount 1010
W/ResourceType(31188): Failure getting entry for 0x7f0216cc (t=1 e=5836) in package 0 (error -2147483647)
W/ResourceType(31188): getEntry failing because entryIndex 5837 is beyond type entryCount 1010
W/ResourceType(31188): Failure getting entry for 0x7f0216cd (t=1 e=5837) in package 0 (error -2147483647)
I/AccountTypeManager(31188): Adding account type = com.android.contacts.model.account.ExternalAccountType@4346bdb8 in the cache
W/AccountTypeManager(31188): No authenticator found for type=com.android.huawei.secondsim, ignoring it.
I/AccountTypeManager(31188): Adding account type = com.android.contacts.model.account.GoogleAccountType@432f52b8 in the cache
I/HwSystemManager( 6449): HsmIntentService:destroyed. this:com.huawei.systemmanager.util.content.HsmIntentService_ui@43440368
I/PackageManager( 2927):   Action: "android.intent.action.SENDTO"
I/PackageManager( 2927):   Category: "android.intent.category.DEFAULT"
I/PackageManager( 2927):   Scheme: "mmsto"
I/HwSystemManager( 6449): DX-Optimizer:[CommonIntentService] Received: com.dianxinos.optimizer.action.PKG_CHANGE
I/AccountTypeManager(31188): Adding account type = com.android.contacts.model.account.ExternalAccountType@4332eb30 in the cache
I/SimFactoryManager(31188): Get SIM state from SIM factory manager: 5,For slotId:-1
I/AccountTypeManager(31188): Adding account type = com.android.contacts.hap.sim.advanced.AdvancedSimAccountType@43304008 in the cache
I/PackageManager( 2927):   Action: "android.intent.action.SENDTO"
I/PackageManager( 2927):   Category: "android.intent.category.DEFAULT"
I/PackageManager( 2927):   Scheme: "sms"
E/ExternalAccountType(31188): Unsupported attribute readOnly
I/PackageManager( 2927):   Action: "android.intent.action.SENDTO"
I/PackageManager( 2927):   Category: "android.intent.category.DEFAULT"
I/PackageManager( 2927):   Scheme: "smsto"
I/PushLogSC2539( 1100): [main-1]action is android.intent.action.PACKAGE_REMOVED(ds/null:-1)
I/PackageManager( 2927):   Action: "android.intent.action.SENDTO"
I/PackageManager( 2927):   Category: "android.intent.category.DEFAULT"
I/PackageManager( 2927):   Scheme: "mms"
W/PushLogSC2539( 1100): [Thread-4509-4509]no macAddress in device_info(ds/null:-1)
I/PushLogSC2539( 1100): [Thread-4509-4509]push jarFile is not exist(ds/null:-1)
I/PackageManager( 2927):   Action: "android.intent.action.SENDTO"
I/PackageManager( 2927):   Category: "android.intent.category.DEFAULT"
I/PackageManager( 2927):   Scheme: "mmsto"
I/PushLogAC2543( 3333): [main-1]action is android.intent.action.PACKAGE_REMOVED(pushagent/null:-1)
I/PushLogSC2539( 1100): [Thread-4509-4509]support ctrlsocket.(ds/null:-1)
I/AccountTypeManager(31188): Loaded meta-data for 6 account types, 5 accounts in 293ms(wall) 39ms(cpu)
I/PushLogAC2543( 3333): [Thread-61-61]push jarFile is not exist(pushagent/null:-1)
I/PackageManager( 2927):   Action: "android.intent.action.SENDTO"
I/PackageManager( 2927):   Category: "android.intent.category.DEFAULT"
I/PackageManager( 2927):   Scheme: "sms"
I/PushLogAC2543( 3333): [Thread-61-61]support ctrlsocket.(pushagent/null:-1)
I/PushLogAC2543( 3333): [main-1]PushService onStartCommand(pushagent/null:-1)
I/PackageManager( 2927):   Action: "android.intent.action.SENDTO"
I/PackageManager( 2927):   Category: "android.intent.category.DEFAULT"
I/PackageManager( 2927):   Scheme: "smsto"
I/PackageManager( 2927):   Action: "android.intent.action.SENDTO"
I/PackageManager( 2927):   Category: "android.intent.category.DEFAULT"
I/PackageManager( 2927):   Scheme: "mms"
I/Finsky  (27130): [1] com.google.android.finsky.utils.cb.onTrimMemory(17): Memory trim requested to level 80
I/PackageManager( 2927):   Action: "android.intent.action.SENDTO"
I/PackageManager( 2927):   Category: "android.intent.category.DEFAULT"
I/PackageManager( 2927):   Scheme: "mmsto"
E/NetworkScheduler.SR( 3466): Invalid parameter app
E/NetworkScheduler.SR( 3466): Invalid package name : Perhaps you didn't include a PendingIntent in the extras?
E/Drive.UninstallOperation( 8114): Package still installed com.awesomeproject
E/dalvikvm(27194): Could not find class 'android.media.session.PlaybackState', referenced from method ib.A
W/dalvikvm(27194): VFY: unable to resolve check-cast 638 (Landroid/media/session/PlaybackState;) in Lib;
E/dalvikvm(27194): Could not find class 'android.media.session.PlaybackState', referenced from method ib.B
W/dalvikvm(27194): VFY: unable to resolve check-cast 638 (Landroid/media/session/PlaybackState;) in Lib;
E/dalvikvm(27194): Could not find class 'android.media.session.PlaybackState', referenced from method ib.C
W/dalvikvm(27194): VFY: unable to resolve check-cast 638 (Landroid/media/session/PlaybackState;) in Lib;
E/dalvikvm(27194): Could not find class 'android.media.session.PlaybackState', referenced from method ib.D
W/dalvikvm(27194): VFY: unable to resolve check-cast 638 (Landroid/media/session/PlaybackState;) in Lib;
E/dalvikvm(27194): Could not find class 'android.media.session.PlaybackState', referenced from method ib.E
W/dalvikvm(27194): VFY: unable to resolve check-cast 638 (Landroid/media/session/PlaybackState;) in Lib;
E/dalvikvm(27194): Could not find class 'android.media.session.PlaybackState', referenced from method ib.F
W/dalvikvm(27194): VFY: unable to resolve check-cast 638 (Landroid/media/session/PlaybackState;) in Lib;
E/dalvikvm(27194): Could not find class 'android.view.WindowInsets', referenced from method ib.H
W/dalvikvm(27194): VFY: unable to resolve check-cast 916 (Landroid/view/WindowInsets;) in Lib;
E/dalvikvm(27194): Could not find class 'android.view.WindowInsets', referenced from method ib.I
W/dalvikvm(27194): VFY: unable to resolve check-cast 916 (Landroid/view/WindowInsets;) in Lib;
E/dalvikvm(27194): Could not find class 'android.view.WindowInsets', referenced from method ib.J
W/dalvikvm(27194): VFY: unable to resolve check-cast 916 (Landroid/view/WindowInsets;) in Lib;
E/dalvikvm(27194): Could not find class 'android.view.WindowInsets', referenced from method ib.K
W/dalvikvm(27194): VFY: unable to resolve check-cast 916 (Landroid/view/WindowInsets;) in Lib;
E/dalvikvm(27194): Could not find class 'android.view.WindowInsets', referenced from method ib.L
W/dalvikvm(27194): VFY: unable to resolve check-cast 916 (Landroid/view/WindowInsets;) in Lib;
E/dalvikvm(27194): Could not find class 'android.view.WindowInsets', referenced from method ib.M
W/dalvikvm(27194): VFY: unable to resolve check-cast 916 (Landroid/view/WindowInsets;) in Lib;
E/dalvikvm(27194): Could not find class 'android.view.WindowInsets', referenced from method ib.N
W/dalvikvm(27194): VFY: unable to resolve check-cast 916 (Landroid/view/WindowInsets;) in Lib;
I/dalvikvm(27194): Could not find method android.content.Context.getSystemService, referenced from method ib.a
W/dalvikvm(27194): VFY: unable to resolve virtual method 3155: Landroid/content/Context;.getSystemService (Ljava/lang/Class;)Ljava/lang/Object;
W/dalvikvm(27194): VFY: unable to find class referenced in signature (Landroid/media/AudioAttributes;)
I/dalvikvm(27194): Could not find method android.media.AudioAttributes.getFlags, referenced from method ib.a
W/dalvikvm(27194): VFY: unable to resolve virtual method 3938: Landroid/media/AudioAttributes;.getFlags ()I
E/dalvikvm(27194): Could not find class 'android.app.Notification$Action$Builder', referenced from method ib.a
W/dalvikvm(27194): VFY: unable to resolve new-instance 413 (Landroid/app/Notification$Action$Builder;) in Lib;
I/dalvikvm(27194): Could not find method android.content.Context.getDrawable, referenced from method ib.a
W/dalvikvm(27194): VFY: unable to resolve virtual method 3140: Landroid/content/Context;.getDrawable (I)Landroid/graphics/drawable/Drawable;
E/dalvikvm(27194): Could not find class 'android.graphics.drawable.RippleDrawable', referenced from method ib.a
W/dalvikvm(27194): VFY: unable to resolve new-instance 589 (Landroid/graphics/drawable/RippleDrawable;) in Lib;
I/dalvikvm(27194): Could not find method android.widget.CompoundButton.getButtonDrawable, referenced from method ib.a
W/dalvikvm(27194): VFY: unable to resolve virtual method 7264: Landroid/widget/CompoundButton;.getButtonDrawable ()Landroid/graphics/drawable/Drawable;
E/dalvikvm(27194): Could not find class 'android.view.inputmethod.InputContentInfo', referenced from method ib.a
W/dalvikvm(27194): VFY: unable to resolve check-cast 944 (Landroid/view/inputmethod/InputContentInfo;) in Lib;
I/dalvikvm(27194): Could not find method android.app.RemoteInput.getResultsFromIntent, referenced from method ib.a
W/dalvikvm(27194): VFY: unable to resolve static method 2994: Landroid/app/RemoteInput;.getResultsFromIntent (Landroid/content/Intent;)Landroid/os/Bundle;
W/dalvikvm(27194): VFY: unable to find class referenced in signature (Landroid/os/health/HealthStats;)
I/dalvikvm(27194): Could not find method android.os.health.HealthStats.hasMeasurement, referenced from method ib.a
W/dalvikvm(27194): VFY: unable to resolve virtual method 4464: Landroid/os/health/HealthStats;.hasMeasurement (I)Z
E/dalvikvm(27194): Could not find class 'android.media.MediaDescription$Builder', referenced from method ib.a
W/dalvikvm(27194): VFY: unable to resolve new-instance 608 (Landroid/media/MediaDescription$Builder;) in Lib;
I/dalvikvm(27194): Could not find method android.view.accessibility.AccessibilityNodeInfo$CollectionItemInfo.obtain, referenced from method ib.a
W/dalvikvm(27194): VFY: unable to resolve static method 6948: Landroid/view/accessibility/AccessibilityNodeInfo$CollectionItemInfo;.obtain (IIIIZZ)Landroid/view/accessibility/AccessibilityNodeInfo$CollectionItemInfo;
I/dalvikvm(27194): Could not find method android.view.accessibility.AccessibilityNodeInfo$CollectionInfo.obtain, referenced from method ib.a
W/dalvikvm(27194): VFY: unable to resolve static method 6946: Landroid/view/accessibility/AccessibilityNodeInfo$CollectionInfo;.obtain (IIZI)Landroid/view/accessibility/AccessibilityNodeInfo$CollectionInfo;
E/dalvikvm(27194): Could not find class 'android.view.accessibility.AccessibilityNodeInfo$AccessibilityAction', referenced from method ib.a
W/dalvikvm(27194): VFY: unable to resolve new-instance 921 (Landroid/view/accessibility/AccessibilityNodeInfo$AccessibilityAction;) in Lib;
E/dalvikvm(27194): Could not find class 'android.media.session.MediaController', referenced from method ib.a
W/dalvikvm(27194): VFY: unable to resolve new-instance 634 (Landroid/media/session/MediaController;) in Lib;
E/dalvikvm(27194): Could not find class 'android.view.inputmethod.InputContentInfo', referenced from method ib.a
W/dalvikvm(27194): VFY: unable to resolve new-instance 944 (Landroid/view/inputmethod/InputContentInfo;) in Lib;
W/dalvikvm(27194): VFY: unable to resolve static field 1753 (CREATOR) in Landroid/media/MediaDescription;
E/dalvikvm(27194): Could not find class 'android.view.WindowInsets', referenced from method ib.a
W/dalvikvm(27194): VFY: unable to resolve check-cast 916 (Landroid/view/WindowInsets;) in Lib;
W/dalvikvm(27194): Unable to resolve superclass of Lmv; (631)
W/dalvikvm(27194): Link of class 'Lmv;' failed
E/dalvikvm(27194): Could not find class 'mv', referenced from method ib.a
W/dalvikvm(27194): VFY: unable to resolve new-instance 10540 (Lmv;) in Lib;
I/dalvikvm(27194): Could not find method android.view.View.getTransitionName, referenced from method ib.a
W/dalvikvm(27194): VFY: unable to resolve virtual method 6577: Landroid/view/View;.getTransitionName ()Ljava/lang/String;
W/dalvikvm(27194): VFY: unable to find class referenced in signature (Landroid/os/health/HealthStats;)
W/dalvikvm(27194): VFY: unable to find class referenced in signature (Landroid/os/health/HealthStats;)
W/dalvikvm(27194): VFY: unable to find class referenced in signature (Landroid/os/health/HealthStats;)
W/dalvikvm(27194): VFY: unable to find class referenced in signature (Landroid/os/health/TimerStat;)
I/dalvikvm(27194): Could not find method android.os.health.TimerStat.getCount, referenced from method ib.a
W/dalvikvm(27194): VFY: unable to resolve virtual method 4470: Landroid/os/health/TimerStat;.getCount ()I
W/dalvikvm(27194): VFY: unable to find class referenced in signature (Landroid/os/health/HealthStats;)
W/dalvikvm(27194): VFY: unable to find class referenced in signature (Landroid/os/health/HealthStats;)
W/dalvikvm(27194): VFY: unable to find class referenced in signature (Landroid/os/health/HealthStats;)
W/dalvikvm(27194): VFY: unable to find class referenced in signature (Landroid/os/health/HealthStats;)
W/dalvikvm(27194): VFY: unable to find class referenced in signature (Landroid/os/health/HealthStats;)
W/dalvikvm(27194): VFY: unable to find class referenced in signature (Landroid/os/health/HealthStats;)
W/dalvikvm(27194): VFY: unable to find class referenced in signature (Landroid/os/health/HealthStats;)
W/dalvikvm(27194): VFY: unable to find class referenced in signature (Landroid/os/health/HealthStats;)
W/dalvikvm(27194): VFY: unable to find class referenced in signature (Landroid/os/health/HealthStats;)
W/dalvikvm(27194): VFY: unable to find class referenced in signature (Landroid/os/health/HealthStats;)
W/dalvikvm(27194): VFY: unable to find class referenced in signature (Landroid/os/health/HealthStats;)
W/dalvikvm(27194): VFY: unable to find class referenced in signature (Landroid/os/health/HealthStats;)
W/dalvikvm(27194): VFY: unable to find class referenced in signature (Landroid/os/health/HealthStats;)
W/dalvikvm(27194): VFY: unable to find class referenced in signature (Landroid/os/health/HealthStats;)
W/dalvikvm(27194): VFY: unable to find class referenced in signature (Landroid/os/health/HealthStats;)
W/dalvikvm(27194): VFY: unable to find class referenced in signature (Landroid/os/health/HealthStats;)
W/dalvikvm(27194): VFY: unable to find class referenced in signature (Landroid/os/health/HealthStats;)
W/dalvikvm(27194): VFY: unable to find class referenced in signature (Landroid/os/health/HealthStats;)
W/dalvikvm(27194): VFY: unable to find class referenced in signature (Landroid/os/health/HealthStats;)
W/dalvikvm(27194): VFY: unable to find class referenced in signature (Landroid/os/health/HealthStats;)
W/dalvikvm(27194): VFY: unable to find class referenced in signature (Landroid/os/health/HealthStats;)
W/dalvikvm(27194): VFY: unable to find class referenced in signature (Landroid/os/health/HealthStats;)
W/dalvikvm(27194): VFY: unable to find class referenced in signature (Landroid/os/health/HealthStats;)
W/dalvikvm(27194): VFY: unable to find class referenced in signature (Landroid/os/health/HealthStats;)
W/dalvikvm(27194): VFY: unable to find class referenced in signature (Landroid/os/health/HealthStats;)
W/dalvikvm(27194): VFY: unable to find class referenced in signature (Landroid/os/health/HealthStats;)
W/dalvikvm(27194): VFY: unable to find class referenced in signature (Landroid/os/health/HealthStats;)
W/dalvikvm(27194): VFY: unable to find class referenced in signature (Landroid/os/health/HealthStats;)
W/dalvikvm(27194): VFY: unable to find class referenced in signature (Landroid/os/health/HealthStats;)
W/dalvikvm(27194): VFY: unable to find class referenced in signature (Landroid/os/health/HealthStats;)
W/dalvikvm(27194): VFY: unable to find class referenced in signature (Landroid/os/health/HealthStats;)
W/dalvikvm(27194): VFY: unable to find class referenced in signature (Landroid/os/health/HealthStats;)
W/dalvikvm(27194): VFY: unable to find class referenced in signature (Landroid/os/health/HealthStats;)
W/dalvikvm(27194): VFY: unable to find class referenced in signature (Landroid/os/health/HealthStats;)
W/dalvikvm(27194): VFY: unable to find class referenced in signature (Landroid/os/health/HealthStats;)
W/dalvikvm(27194): VFY: unable to find class referenced in signature (Landroid/os/health/HealthStats;)
W/dalvikvm(27194): VFY: unable to find class referenced in signature (Landroid/os/health/HealthStats;)
W/dalvikvm(27194): VFY: unable to find class referenced in signature (Landroid/os/health/HealthStats;)
W/dalvikvm(27194): VFY: unable to find class referenced in signature (Landroid/os/health/HealthStats;)
W/dalvikvm(27194): VFY: unable to find class referenced in signature (Landroid/os/health/HealthStats;)
W/dalvikvm(27194): VFY: unable to find class referenced in signature (Landroid/os/health/HealthStats;)
W/dalvikvm(27194): VFY: unable to find class referenced in signature (Landroid/os/health/HealthStats;)
W/dalvikvm(27194): VFY: unable to find class referenced in signature (Landroid/os/health/HealthStats;)
W/dalvikvm(27194): VFY: unable to find class referenced in signature (Landroid/os/health/HealthStats;)
W/dalvikvm(27194): VFY: unable to find class referenced in signature (Landroid/os/health/HealthStats;)
W/dalvikvm(27194): VFY: unable to find class referenced in signature (Landroid/os/health/HealthStats;)
W/dalvikvm(27194): VFY: unable to find class referenced in signature (Landroid/os/health/HealthStats;)
W/dalvikvm(27194): VFY: unable to find class referenced in signature (Landroid/os/health/HealthStats;)
W/dalvikvm(27194): VFY: unable to find class referenced in signature (Landroid/os/health/HealthStats;)
W/dalvikvm(27194): VFY: unable to find class referenced in signature (Landroid/os/health/HealthStats;)
W/dalvikvm(27194): VFY: unable to find class referenced in signature (Landroid/os/health/HealthStats;)
W/dalvikvm(27194): VFY: unable to find class referenced in signature (Landroid/os/health/HealthStats;)
W/dalvikvm(27194): VFY: unable to find class referenced in signature (Landroid/os/health/HealthStats;)
W/dalvikvm(27194): VFY: unable to find class referenced in signature (Landroid/os/health/HealthStats;)
W/dalvikvm(27194): VFY: unable to find class referenced in signature (Landroid/os/health/HealthStats;)
W/dalvikvm(27194): VFY: unable to find class referenced in signature (Landroid/os/health/HealthStats;)
W/dalvikvm(27194): VFY: unable to find class referenced in signature (Landroid/os/health/HealthStats;)
W/dalvikvm(27194): VFY: unable to find class referenced in signature (Landroid/os/health/HealthStats;)
W/dalvikvm(27194): VFY: unable to find class referenced in signature (Landroid/os/health/HealthStats;)
W/dalvikvm(27194): VFY: unable to find class referenced in signature (Landroid/os/health/HealthStats;)
W/dalvikvm(27194): VFY: unable to find class referenced in signature (Landroid/os/health/HealthStats;)
I/dalvikvm(27194): Could not find method android.app.Activity.requestPermissions, referenced from method ib.a
W/dalvikvm(27194): VFY: unable to resolve virtual method 2788: Landroid/app/Activity;.requestPermissions ([Ljava/lang/String;I)V
E/dalvikvm(27194): Could not find class 'android.app.Notification$Action$Builder', referenced from method ib.a
W/dalvikvm(27194): VFY: unable to resolve new-instance 413 (Landroid/app/Notification$Action$Builder;) in Lib;
W/dalvikvm(27194): Unable to resolve superclass of Lhb; (817)
W/dalvikvm(27194): Link of class 'Lhb;' failed
E/dalvikvm(27194): Could not find class 'hb', referenced from method ib.a
W/dalvikvm(27194): VFY: unable to resolve new-instance 6469 (Lhb;) in Lib;
I/dalvikvm(27194): Could not find method android.view.ViewParent.onStopNestedScroll, referenced from method ib.a
W/dalvikvm(27194): VFY: unable to resolve interface method 6845: Landroid/view/ViewParent;.onStopNestedScroll (Landroid/view/View;)V
I/dalvikvm(27194): Could not find method android.view.ViewParent.onNestedScroll, referenced from method ib.a
W/dalvikvm(27194): VFY: unable to resolve interface method 6842: Landroid/view/ViewParent;.onNestedScroll (Landroid/view/View;IIII)V
I/dalvikvm(27194): Could not find method android.view.ViewParent.onNestedPreScroll, referenced from method ib.a
W/dalvikvm(27194): VFY: unable to resolve interface method 6841: Landroid/view/ViewParent;.onNestedPreScroll (Landroid/view/View;II[I)V
W/dalvikvm(27194): VFY: unable to resolve instance field 2547
I/dalvikvm(27194): Could not find method android.widget.CompoundButton.setButtonTintList, referenced from method ib.a
W/dalvikvm(27194): VFY: unable to resolve virtual method 7283: Landroid/widget/CompoundButton;.setButtonTintList (Landroid/content/res/ColorStateList;)V
I/dalvikvm(27194): Could not find method android.widget.CompoundButton.setButtonTintMode, referenced from method ib.a
W/dalvikvm(27194): VFY: unable to resolve virtual method 7284: Landroid/widget/CompoundButton;.setButtonTintMode (Landroid/graphics/PorterDuff$Mode;)V
I/dalvikvm(27194): Could not find method android.widget.PopupWindow.setOverlapAnchor, referenced from method ib.a
W/dalvikvm(27194): VFY: unable to resolve virtual method 7725: Landroid/widget/PopupWindow;.setOverlapAnchor (Z)V
I/dalvikvm(27194): Could not find method android.widget.TextView.setTextAppearance, referenced from method ib.a
W/dalvikvm(27194): VFY: unable to resolve virtual method 8046: Landroid/widget/TextView;.setTextAppearance (I)V
E/dalvikvm(27194): Could not find class 'android.app.Notification$MessagingStyle', referenced from method ib.a
W/dalvikvm(27194): VFY: unable to resolve new-instance 420 (Landroid/app/Notification$MessagingStyle;) in Lib;
E/dalvikvm(27194): Could not find class 'android.media.MediaDescription$Builder', referenced from method ib.a
W/dalvikvm(27194): VFY: unable to resolve check-cast 608 (Landroid/media/MediaDescription$Builder;) in Lib;
E/dalvikvm(27194): Could not find class 'android.media.MediaDescription$Builder', referenced from method ib.a
W/dalvikvm(27194): VFY: unable to resolve check-cast 608 (Landroid/media/MediaDescription$Builder;) in Lib;
E/dalvikvm(27194): Could not find class 'android.media.MediaDescription$Builder', referenced from method ib.a
W/dalvikvm(27194): VFY: unable to resolve check-cast 608 (Landroid/media/MediaDescription$Builder;) in Lib;
E/dalvikvm(27194): Could not find class 'android.media.MediaDescription', referenced from method ib.a
W/dalvikvm(27194): VFY: unable to resolve check-cast 609 (Landroid/media/MediaDescription;) in Lib;
W/dalvikvm(27194): Unable to resolve superclass of Lgz; (817)
W/dalvikvm(27194): Link of class 'Lgz;' failed
E/dalvikvm(27194): Could not find class 'gz', referenced from method ib.a
W/dalvikvm(27194): VFY: unable to resolve new-instance 6414 (Lgz;) in Lib;
E/dalvikvm(27194): Could not find class 'android.media.MediaDescription$Builder', referenced from method ib.a
W/dalvikvm(27194): VFY: unable to resolve check-cast 608 (Landroid/media/MediaDescription$Builder;) in Lib;
E/dalvikvm(27194): Could not find class 'android.media.session.MediaController', referenced from method ib.a
W/dalvikvm(27194): VFY: unable to resolve check-cast 634 (Landroid/media/session/MediaController;) in Lib;
E/dalvikvm(27194): Could not find class 'android.media.session.MediaController', referenced from method ib.a
W/dalvikvm(27194): VFY: unable to resolve check-cast 634 (Landroid/media/session/MediaController;) in Lib;
E/dalvikvm(27194): Could not find class 'android.media.MediaDescription$Builder', referenced from method ib.a
W/dalvikvm(27194): VFY: unable to resolve check-cast 608 (Landroid/media/MediaDescription$Builder;) in Lib;
I/dalvikvm(27194): Could not find method android.transition.TransitionSet.getTransitionCount, referenced from method ib.a
W/dalvikvm(27194): VFY: unable to resolve virtual method 6201: Landroid/transition/TransitionSet;.getTransitionCount ()I
I/dalvikvm(27194): Could not find method android.view.ViewGroup.isTransitionGroup, referenced from method ib.a
W/dalvikvm(27194): VFY: unable to resolve virtual method 6779: Landroid/view/ViewGroup;.isTransitionGroup ()Z
I/dalvikvm(27194): Could not find method android.view.View.getTransitionName, referenced from method ib.a
W/dalvikvm(27194): VFY: unable to resolve virtual method 6577: Landroid/view/View;.getTransitionName ()Ljava/lang/String;
I/dalvikvm(27194): Could not find method android.graphics.drawable.Drawable.setLayoutDirection, referenced from method ib.a
W/dalvikvm(27194): VFY: unable to resolve virtual method 3868: Landroid/graphics/drawable/Drawable;.setLayoutDirection (I)Z
I/dalvikvm(27194): Could not find method android.transition.Transition.getTargetNames, referenced from method ib.a
W/dalvikvm(27194): VFY: unable to resolve virtual method 6191: Landroid/transition/Transition;.getTargetNames ()Ljava/util/List;
I/dalvikvm(27194): Could not find method android.view.ViewParent.onNestedPreFling, referenced from method ib.a
W/dalvikvm(27194): VFY: unable to resolve interface method 6840: Landroid/view/ViewParent;.onNestedPreFling (Landroid/view/View;FF)Z
I/dalvikvm(27194): Could not find method android.view.ViewParent.onNestedFling, referenced from method ib.a
W/dalvikvm(27194): VFY: unable to resolve interface method 6839: Landroid/view/ViewParent;.onNestedFling (Landroid/view/View;FFZ)Z
I/dalvikvm(27194): Could not find method android.view.ViewParent.onStartNestedScroll, referenced from method ib.a
W/dalvikvm(27194): VFY: unable to resolve interface method 6844: Landroid/view/ViewParent;.onStartNestedScroll (Landroid/view/View;Landroid/view/View;I)Z
I/dalvikvm(27194): Could not find method android.widget.EdgeEffect.onPull, referenced from method ib.a
W/dalvikvm(27194): VFY: unable to resolve virtual method 7297: Landroid/widget/EdgeEffect;.onPull (FF)V
W/dalvikvm(27194): VFY: unable to find class referenced in signature ([Landroid/app/RemoteInput;)
E/dalvikvm(27194): Could not find class 'android.app.RemoteInput[]', referenced from method ib.a
W/dalvikvm(27194): VFY: unable to resolve new-array 13954 ([Landroid/app/RemoteInput;) in Lib;
W/dalvikvm(27194): VFY: unable to resolve instance field 2547
I/dalvikvm(27194): Could not find method android.media.MediaRouter$RouteInfo.getDeviceType, referenced from method ib.an
W/dalvikvm(27194): VFY: unable to resolve virtual method 3987: Landroid/media/MediaRouter$RouteInfo;.getDeviceType ()I
E/dalvikvm(27194): Could not find class 'android.view.inputmethod.InputContentInfo', referenced from method ib.b
W/dalvikvm(27194): VFY: unable to resolve check-cast 944 (Landroid/view/inputmethod/InputContentInfo;) in Lib;
I/dalvikvm(27194): Could not find method android.content.Context.getColorStateList, referenced from method ib.b
W/dalvikvm(27194): VFY: unable to resolve virtual method 3136: Landroid/content/Context;.getColorStateList (I)Landroid/content/res/ColorStateList;
W/dalvikvm(27194): VFY: unable to find class referenced in signature (Landroid/os/health/HealthStats;)
W/dalvikvm(27194): VFY: unable to find class referenced in signature (Landroid/os/health/HealthStats;)
W/dalvikvm(27194): VFY: unable to find class referenced in signature (Landroid/os/health/HealthStats;)
W/dalvikvm(27194): VFY: unable to find class referenced in signature (Landroid/os/health/HealthStats;)
W/dalvikvm(27194): VFY: unable to find class referenced in signature (Landroid/os/health/HealthStats;)
W/dalvikvm(27194): VFY: unable to find class referenced in signature (Landroid/os/health/HealthStats;)
W/dalvikvm(27194): VFY: unable to find class referenced in signature (Landroid/os/health/HealthStats;)
W/dalvikvm(27194): VFY: unable to find class referenced in signature (Landroid/os/health/HealthStats;)
I/dalvikvm(27194): Could not find method android.os.health.HealthStats.hasTimer, referenced from method ib.b
W/dalvikvm(27194): VFY: unable to resolve virtual method 4467: Landroid/os/health/HealthStats;.hasTimer (I)Z
W/dalvikvm(27194): VFY: unable to find class referenced in signature (Landroid/os/health/TimerStat;)
W/dalvikvm(27194): VFY: unable to find class referenced in signature (Landroid/os/health/TimerStat;)
I/dalvikvm(27194): Could not find method android.view.ViewParent.onNestedScrollAccepted, referenced from method ib.b
W/dalvikvm(27194): VFY: unable to resolve interface method 6843: Landroid/view/ViewParent;.onNestedScrollAccepted (Landroid/view/View;Landroid/view/View;I)V
E/dalvikvm(27194): Could not find class 'android.media.MediaDescription$Builder', referenced from method ib.b
W/dalvikvm(27194): VFY: unable to resolve check-cast 608 (Landroid/media/MediaDescription$Builder;) in Lib;
I/dalvikvm(27194): Could not find method android.transition.TransitionSet.getTransitionCount, referenced from method ib.b
W/dalvikvm(27194): VFY: unable to resolve virtual method 6201: Landroid/transition/TransitionSet;.getTransitionCount ()I
E/dalvikvm(27194): Could not find class 'android.view.accessibility.AccessibilityNodeInfo$AccessibilityAction', referenced from method ib.b
W/dalvikvm(27194): VFY: unable to resolve check-cast 921 (Landroid/view/accessibility/AccessibilityNodeInfo$AccessibilityAction;) in Lib;
W/dalvikvm(27194): VFY: unable to find class referenced in signature (Landroid/os/health/HealthStats;)
W/dalvikvm(27194): VFY: unable to find class referenced in signature (Landroid/os/health/HealthStats;)
I/dalvikvm(27194): Could not find method android.content.Context.getColor, referenced from method ib.c
W/dalvikvm(27194): VFY: unable to resolve virtual method 3135: Landroid/content/Context;.getColor (I)I
I/dalvikvm(27194): Could not find method android.app.AppOpsManager.permissionToOp, referenced from method ib.c
W/dalvikvm(27194): VFY: unable to resolve static method 2840: Landroid/app/AppOpsManager;.permissionToOp (Ljava/lang/String;)Ljava/lang/String;
W/dalvikvm(27194): VFY: unable to find class referenced in signature (Landroid/os/health/HealthStats;)
W/dalvikvm(27194): VFY: unable to find class referenced in signature (Landroid/os/health/HealthStats;)
W/dalvikvm(27194): VFY: unable to find class referenced in signature (Landroid/os/health/HealthStats;)
E/dalvikvm(27194): Could not find class 'android.view.inputmethod.InputContentInfo', referenced from method ib.c
W/dalvikvm(27194): VFY: unable to resolve check-cast 944 (Landroid/view/inputmethod/InputContentInfo;) in Lib;
E/dalvikvm(27194): Could not find class 'android.media.MediaDescription$Builder', referenced from method ib.c
W/dalvikvm(27194): VFY: unable to resolve check-cast 608 (Landroid/media/MediaDescription$Builder;) in Lib;
W/dalvikvm(27194): VFY: unable to find class referenced in signature (Landroid/os/health/HealthStats;)
W/dalvikvm(27194): VFY: unable to find class referenced in signature (Landroid/os/health/HealthStats;)
W/dalvikvm(27194): VFY: unable to find class referenced in signature (Landroid/os/health/HealthStats;)
I/dalvikvm(27194): Could not find method android.os.health.HealthStats.hasTimers, referenced from method ib.c
W/dalvikvm(27194): VFY: unable to resolve virtual method 4468: Landroid/os/health/HealthStats;.hasTimers (I)Z
W/dalvikvm(27194): VFY: unable to find class referenced in signature (Landroid/os/health/HealthStats;)
I/dalvikvm(27194): Could not find method android.os.health.HealthStats.hasMeasurements, referenced from method ib.d
W/dalvikvm(27194): VFY: unable to resolve virtual method 4465: Landroid/os/health/HealthStats;.hasMeasurements (I)Z
W/dalvikvm(27194): VFY: unable to find class referenced in signature (Landroid/os/health/HealthStats;)
W/dalvikvm(27194): VFY: unable to find class referenced in signature (Landroid/os/health/HealthStats;)
W/dalvikvm(27194): VFY: unable to find class referenced in signature (Landroid/os/health/HealthStats;)
W/dalvikvm(27194): VFY: unable to find class referenced in signature (Landroid/os/health/HealthStats;)
W/dalvikvm(27194): VFY: unable to find class referenced in signature (Landroid/os/health/HealthStats;)
I/dalvikvm(27194): Could not find method android.os.health.HealthStats.hasStats, referenced from method ib.e
W/dalvikvm(27194): VFY: unable to resolve virtual method 4466: Landroid/os/health/HealthStats;.hasStats (I)Z
W/dalvikvm(27194): VFY: unable to find class referenced in signature (Landroid/os/health/HealthStats;)
W/dalvikvm(27194): VFY: unable to find class referenced in signature (Landroid/os/health/HealthStats;)
E/dalvikvm(27194): Could not find class 'android.media.MediaDescription', referenced from method ib.f
W/dalvikvm(27194): VFY: unable to resolve check-cast 609 (Landroid/media/MediaDescription;) in Lib;
W/dalvikvm(27194): VFY: unable to find class referenced in signature (Landroid/os/health/HealthStats;)
W/dalvikvm(27194): VFY: unable to find class referenced in signature (Landroid/os/health/HealthStats;)
E/dalvikvm(27194): Could not find class 'android.media.MediaDescription', referenced from method ib.g
W/dalvikvm(27194): VFY: unable to resolve check-cast 609 (Landroid/media/MediaDescription;) in Lib;
W/dalvikvm(27194): VFY: unable to resolve static field 2543 (ACTION_SCROLL_TO_POSITION) in Landroid/view/accessibility/AccessibilityNodeInfo$AccessibilityAction;
E/dalvikvm(27194): Could not find class 'android.media.MediaDescription', referenced from method ib.h
W/dalvikvm(27194): VFY: unable to resolve check-cast 609 (Landroid/media/MediaDescription;) in Lib;
W/dalvikvm(27194): VFY: unable to resolve static field 2546 (ACTION_SHOW_ON_SCREEN) in Landroid/view/accessibility/AccessibilityNodeInfo$AccessibilityAction;
E/dalvikvm(27194): Could not find class 'android.media.MediaDescription', referenced from method ib.i
W/dalvikvm(27194): VFY: unable to resolve check-cast 609 (Landroid/media/MediaDescription;) in Lib;
W/dalvikvm(27194): VFY: unable to resolve static field 2544 (ACTION_SCROLL_UP) in Landroid/view/accessibility/AccessibilityNodeInfo$AccessibilityAction;
E/dalvikvm(27194): Could not find class 'android.media.MediaDescription', referenced from method ib.j
W/dalvikvm(27194): VFY: unable to resolve check-cast 609 (Landroid/media/MediaDescription;) in Lib;
W/dalvikvm(27194): VFY: unable to resolve static field 2540 (ACTION_SCROLL_DOWN) in Landroid/view/accessibility/AccessibilityNodeInfo$AccessibilityAction;
E/dalvikvm(27194): Could not find class 'android.media.MediaDescription', referenced from method ib.k
W/dalvikvm(27194): VFY: unable to resolve check-cast 609 (Landroid/media/MediaDescription;) in Lib;
W/dalvikvm(27194): VFY: unable to resolve static field 2541 (ACTION_SCROLL_LEFT) in Landroid/view/accessibility/AccessibilityNodeInfo$AccessibilityAction;
E/dalvikvm(27194): Could not find class 'android.media.MediaDescription', referenced from method ib.l
W/dalvikvm(27194): VFY: unable to resolve check-cast 609 (Landroid/media/MediaDescription;) in Lib;
W/dalvikvm(27194): VFY: unable to resolve static field 2542 (ACTION_SCROLL_RIGHT) in Landroid/view/accessibility/AccessibilityNodeInfo$AccessibilityAction;
W/dalvikvm(27194): VFY: unable to resolve static field 2539 (ACTION_CONTEXT_CLICK) in Landroid/view/accessibility/AccessibilityNodeInfo$AccessibilityAction;
E/dalvikvm(27194): Could not find class 'android.media.MediaDescription$Builder', referenced from method ib.m
W/dalvikvm(27194): VFY: unable to resolve check-cast 608 (Landroid/media/MediaDescription$Builder;) in Lib;
W/dalvikvm(27194): VFY: unable to resolve static field 2545 (ACTION_SET_PROGRESS) in Landroid/view/accessibility/AccessibilityNodeInfo$AccessibilityAction;
E/dalvikvm(27194): Could not find class 'android.media.session.MediaController', referenced from method ib.n
W/dalvikvm(27194): VFY: unable to resolve check-cast 634 (Landroid/media/session/MediaController;) in Lib;
E/dalvikvm(27194): Could not find class 'android.media.session.MediaController', referenced from method ib.o
W/dalvikvm(27194): VFY: unable to resolve check-cast 634 (Landroid/media/session/MediaController;) in Lib;
E/dalvikvm(27194): Could not find class 'android.media.session.MediaController', referenced from method ib.p
W/dalvikvm(27194): VFY: unable to resolve check-cast 634 (Landroid/media/session/MediaController;) in Lib;
E/dalvikvm(27194): Could not find class 'android.media.session.MediaController', referenced from method ib.q
W/dalvikvm(27194): VFY: unable to resolve check-cast 634 (Landroid/media/session/MediaController;) in Lib;
E/dalvikvm(27194): Could not find class 'android.media.session.MediaController$PlaybackInfo', referenced from method ib.r
W/dalvikvm(27194): VFY: unable to resolve check-cast 632 (Landroid/media/session/MediaController$PlaybackInfo;) in Lib;
W/dalvikvm(27194): VFY: unable to find class referenced in signature (Landroid/media/AudioAttributes;)
W/dalvikvm(27194): VFY: unable to find class referenced in signature (Landroid/media/AudioAttributes;)
I/dalvikvm(27194): Could not find method android.content.Context.getNoBackupFilesDir, referenced from method ib.t
W/dalvikvm(27194): VFY: unable to resolve virtual method 3148: Landroid/content/Context;.getNoBackupFilesDir ()Ljava/io/File;
E/dalvikvm(27194): Could not find class 'android.media.session.MediaController$TransportControls', referenced from method ib.t
W/dalvikvm(27194): VFY: unable to resolve check-cast 633 (Landroid/media/session/MediaController$TransportControls;) in Lib;
E/dalvikvm(27194): Could not find class 'android.media.session.MediaController$TransportControls', referenced from method ib.u
W/dalvikvm(27194): VFY: unable to resolve check-cast 633 (Landroid/media/session/MediaController$TransportControls;) in Lib;
E/dalvikvm(27194): Could not find class 'android.media.session.MediaSession$QueueItem', referenced from method ib.v
W/dalvikvm(27194): VFY: unable to resolve check-cast 635 (Landroid/media/session/MediaSession$QueueItem;) in Lib;
E/dalvikvm(27194): Could not find class 'android.media.session.MediaSession$QueueItem', referenced from method ib.w
W/dalvikvm(27194): VFY: unable to resolve check-cast 635 (Landroid/media/session/MediaSession$QueueItem;) in Lib;
E/dalvikvm(27194): Could not find class 'android.media.session.PlaybackState', referenced from method ib.x
W/dalvikvm(27194): VFY: unable to resolve check-cast 638 (Landroid/media/session/PlaybackState;) in Lib;
E/dalvikvm(27194): Could not find class 'android.media.session.PlaybackState', referenced from method ib.y
W/dalvikvm(27194): VFY: unable to resolve check-cast 638 (Landroid/media/session/PlaybackState;) in Lib;
E/dalvikvm(27194): Could not find class 'android.media.session.PlaybackState', referenced from method ib.z
W/dalvikvm(27194): VFY: unable to resolve check-cast 638 (Landroid/media/session/PlaybackState;) in Lib;
W/dalvikvm(27194): Unable to resolve superclass of Lmv; (631)
W/dalvikvm(27194): Link of class 'Lmv;' failed
W/dalvikvm(27194): Unable to resolve superclass of Lhb; (817)
W/dalvikvm(27194): Link of class 'Lhb;' failed
W/dalvikvm(27194): Unable to resolve superclass of Lgz; (817)
W/dalvikvm(27194): Link of class 'Lgz;' failed
I/dalvikvm(27194): Could not find method android.content.res.Resources.getDrawable, referenced from method fvo.a
W/dalvikvm(27194): VFY: unable to resolve virtual method 3375: Landroid/content/res/Resources;.getDrawable (ILandroid/content/res/Resources$Theme;)Landroid/graphics/drawable/Drawable;
E/dalvikvm(27194): Could not find class 'android.media.MediaMetadata', referenced from method fvo.a
W/dalvikvm(27194): VFY: unable to resolve check-cast 610 (Landroid/media/MediaMetadata;) in Lfvo;
E/dalvikvm(27194): Could not find class 'android.media.session.PlaybackState$CustomAction', referenced from method fvo.b
W/dalvikvm(27194): VFY: unable to resolve check-cast 637 (Landroid/media/session/PlaybackState$CustomAction;) in Lfvo;
E/dalvikvm(27194): Could not find class 'android.media.session.PlaybackState$CustomAction', referenced from method fvo.c
W/dalvikvm(27194): VFY: unable to resolve check-cast 637 (Landroid/media/session/PlaybackState$CustomAction;) in Lfvo;
E/dalvikvm(27194): Could not find class 'android.media.session.PlaybackState$CustomAction', referenced from method fvo.d
W/dalvikvm(27194): VFY: unable to resolve check-cast 637 (Landroid/media/session/PlaybackState$CustomAction;) in Lfvo;
E/dalvikvm(27194): Could not find class 'android.content.pm.LauncherApps', referenced from method fvo.d
W/dalvikvm(27194): VFY: unable to resolve check-cast 488 (Landroid/content/pm/LauncherApps;) in Lfvo;
E/dalvikvm(27194): Could not find class 'android.media.session.PlaybackState$CustomAction', referenced from method fvo.e
W/dalvikvm(27194): VFY: unable to resolve check-cast 637 (Landroid/media/session/PlaybackState$CustomAction;) in Lfvo;
I/dalvikvm(27194): Could not find method android.os.BatteryManager.getIntProperty, referenced from method rcj.a
W/dalvikvm(27194): VFY: unable to resolve virtual method 4195: Landroid/os/BatteryManager;.getIntProperty (I)I
I/dalvikvm(27194): Could not find method android.os.BatteryManager.isCharging, referenced from method qtu.a
W/dalvikvm(27194): VFY: unable to resolve virtual method 4196: Landroid/os/BatteryManager;.isCharging ()Z
I/dalvikvm(27194): Could not find method android.os.BatteryManager.isCharging, referenced from method qtu.a
W/dalvikvm(27194): VFY: unable to resolve virtual method 4196: Landroid/os/BatteryManager;.isCharging ()Z
I/dalvikvm(27194): Could not find method android.content.pm.PackageManager.getPackageInstaller, referenced from method euf.a
W/dalvikvm(27194): VFY: unable to resolve virtual method 3328: Landroid/content/pm/PackageManager;.getPackageInstaller ()Landroid/content/pm/PackageInstaller;
W/dalvikvm(27194): No implementation found for native Lcom/google/android/libraries/social/jni/crashreporter/NativeCrashHandler;.setup:()V
I/dalvikvm(27194): Could not find method android.os.PowerManager.isInteractive, referenced from method nwu.onActivityPaused
W/dalvikvm(27194): VFY: unable to resolve virtual method 725: Landroid/os/PowerManager;.isInteractive ()Z
W/dalvikvm(27216): VFY: unable to resolve static field 235 (SUPPORTED_ABIS) in Landroid/os/Build;
I/MultiDex(27216): VM with version 1.6.0 does not have multidex support
I/MultiDex(27216): install
I/MultiDex(27216): MultiDexExtractor.load(/data/app/com.google.android.googlequicksearchbox-2.apk, false)
I/MultiDex(27216): Blocking on lock /data/data/com.google.android.googlequicksearchbox/code_cache/secondary-dexes/MultiDex.lock
I/MultiDex(27216): /data/data/com.google.android.googlequicksearchbox/code_cache/secondary-dexes/MultiDex.lock locked
I/MultiDex(27216): loading existing secondary dex files
I/MultiDex(27216): load found 2 secondary dex files
I/MultiDex(27216): install done
I/karaokeeffect.IntentReceiver( 9649): Intent received, action=android.intent.action.PACKAGE_ADDED
I/karaokeeffect.DataPortal( 9649): checkAndAddApp, packageName=com.awesomeproject
I/HwSystemManager( 3598): NotificationManagerReceiver:onReceive action = android.intent.action.PACKAGE_ADDED
I/HwSystemManager( 6449): OptimizeReceiver:OptimizeReceiver received action:android.intent.action.PACKAGE_ADDED
E/HwSystemManager( 3598): AppCleanUpService:msg is 0
I/HwSystemManager( 6449): SavingSettingUtil:setAlarm and high_level_standard is 10 msg_send_interval is 240 count_frequency is 60 dangerous_level_standard is 25 dangerous_current_level is 30 min_interval_time is 3 average_current_fg is 350 count_frequency_fg is 5 app_show_level is 1
I/YhdsEngine( 6449): [EngineIntentService] Received: com.dianxinos.optimizer.engine.action.PKG_CHANGE
I/HwSystemManager( 6449): DX-Optimizer:[PackageChangeReceiver] Received: android.intent.action.PACKAGE_ADDED, data: package:com.awesomeproject, replacing: true
I/HwSystemManager( 6449): DX-Optimizer:[CommonIntentService] Received: com.dianxinos.optimizer.action.PKG_CHANGE
I/HwSystemManager( 3598): HsmIntentService:destroyed. this:com.huawei.systemmanager.util.content.HsmIntentService_bg@43221bb8
I/PushLogSC2539( 1100): [main-1]action is android.intent.action.PACKAGE_ADDED(ds/null:-1)
I/PushLogSC2539( 1100): [main-1]run push selfshow(ds/null:-1)
I/PushLogSC2539( 1100): [Thread-4509-4509]push jarFile is not exist(ds/null:-1)
I/PushLogAC2543( 3333): [main-1]action is android.intent.action.PACKAGE_ADDED(pushagent/null:-1)
I/PushLogSC2539( 1100): [Thread-4509-4509]support ctrlsocket.(ds/null:-1)
I/PushLogAC2543( 3333): [main-1]run push selfshow(pushagent/null:-1)
I/PushLogAC2543( 3333): [Thread-61-61]push jarFile is not exist(pushagent/null:-1)
I/PushLogAC2543( 3333): [Thread-61-61]support ctrlsocket.(pushagent/null:-1)
I/HwSystemManager( 6449): HsmIntentService:destroyed. this:com.huawei.systemmanager.util.content.HsmIntentService_ui@432ba368
I/PushLogAC2543( 3333): [main-1]PushService onStartCommand(pushagent/null:-1)
I/Finsky  (27130): [1] com.google.android.finsky.utils.as.run(3288): Package state data is missing for com.awesomeproject
I/WearableService( 3286): Wear is not allowed to run on this device. Not starting Wear service.
E/Finsky  (27130): [1] com.google.android.finsky.wear.bl.a(847): onConnectionFailed: ConnectionResult{statusCode=API_UNAVAILABLE, resolution=null, message=null}
I/Finsky  (27130): [1] com.google.android.finsky.wear.aj.run(20402): Dropping command=auto_install due to Gms not connected
I/karaokeeffect.IntentReceiver( 9649): Intent received, action=android.intent.action.PACKAGE_REPLACED
I/karaokeeffect.DataPortal( 9649): checkAndAddApp, packageName=com.awesomeproject
W/IcingInternalCorpora( 8114): getNumBytesRead when not calculated.
I/Icing   ( 8114): Usage reports 0 indexed 0 rejected 0 imm upload false
I/YhdsEngine( 6449): [EngineIntentService] Received: com.dianxinos.optimizer.engine.action.PKG_CHANGE
I/HwSystemManager( 6449): DX-Optimizer:[PackageChangeReceiver] Received: android.intent.action.PACKAGE_REPLACED, data: package:com.awesomeproject, replacing: true
I/Icing   ( 8114): Usage reports 0 indexed 0 rejected 0 imm upload false
