I/HwSystemManager( 6449): DX-Optimizer:[CommonIntentService] Received: com.dianxinos.optimizer.action.PKG_CHANGE
E/NetworkScheduler.SR( 3466): Invalid parameter app
E/NetworkScheduler.SR( 3466): Invalid package name : Perhaps you didn't include a PendingIntent in the extras?
I/Icing   ( 8114): Usage reports 0 indexed 0 rejected 0 imm upload false
I/Icing   ( 8114): Usage reports 0 indexed 0 rejected 0 imm upload false
I/MultiDex(27240): VM with version 1.6.0 does not have multidex support
I/MultiDex(27240): install
I/MultiDex(27240): MultiDexExtractor.load(/data/app/com.google.android.apps.magazines-2.apk, false)
I/MultiDex(27240): Blocking on lock /data/data/com.google.android.apps.magazines/code_cache/secondary-dexes/MultiDex.lock
I/MultiDex(27240): /data/data/com.google.android.apps.magazines/code_cache/secondary-dexes/MultiDex.lock locked
I/MultiDex(27240): loading existing secondary dex files
I/MultiDex(27240): load found 1 secondary dex files
I/MultiDex(27240): install done
I/dalvikvm(27240): Could not find method android.os.PowerManager.isInteractive, referenced from method com.google.apps.dots.android.newsstand.util.AndroidUtil.isDeviceInteractive
W/dalvikvm(27240): VFY: unable to resolve virtual method 1548: Landroid/os/PowerManager;.isInteractive ()Z
I/dalvikvm(27240): Could not find method android.accounts.AccountManager.getPreviousName, referenced from method com.google.apps.dots.android.newsstand.auth.AccountManagerDelegate.getPreviousName
W/dalvikvm(27240): VFY: unable to resolve virtual method 9: Landroid/accounts/AccountManager;.getPreviousName (Landroid/accounts/Account;)Ljava/lang/String;
I/dalvikvm(27240): Could not find method android.os.Environment.isExternalStorageEmulated, referenced from method com.google.apps.dots.android.newsstand.diskcache.StorageHelper.isExternalStorageEmulated
W/dalvikvm(27240): VFY: unable to resolve static method 1425: Landroid/os/Environment;.isExternalStorageEmulated (Ljava/io/File;)Z
I/dalvikvm(27240): Could not find method android.content.pm.PackageManager.getPackageInstaller, referenced from method com.google.android.gms.common.GooglePlayServicesUtilLight.zzB
W/dalvikvm(27240): VFY: unable to resolve virtual method 601: Landroid/content/pm/PackageManager;.getPackageInstaller ()Landroid/content/pm/PackageInstaller;
I/GAv4    (27240): Google Analytics 10.2.98 is starting up. To enable debug logging on a device run:
I/GAv4    (27240):   adb shell setprop log.tag.GAv4 DEBUG
I/GAv4    (27240):   adb logcat -s GAv4
W/GAv4    (27240): AnalyticsReceiver is not registered or is disabled. Register the receiver for reliable dispatching on non-Google Play devices. See http://goo.gl/8Rd3yj for instructions.
W/GAv4    (27240): AnalyticsService not registered in the app manifest. Hits might not be delivered reliably. See http://goo.gl/8Rd3yj for instructions.
I/dalvikvm(27240): Could not find method android.os.PowerManager.isPowerSaveMode, referenced from method com.google.apps.dots.android.newsstand.net.NSConnectivityManager.isPowerSaveMode
W/dalvikvm(27240): VFY: unable to resolve virtual method 1549: Landroid/os/PowerManager;.isPowerSaveMode ()Z
I/dalvikvm(27240): Could not find method java.util.Locale.forLanguageTag, referenced from method com.google.apps.dots.android.newsstand.translation.Translation.localeFromLanguageTag
W/dalvikvm(27240): VFY: unable to resolve static method 25472: Ljava/util/Locale;.forLanguageTag (Ljava/lang/String;)Ljava/util/Locale;
I/dalvikvm(27240): Could not find method java.util.Locale.toLanguageTag, referenced from method com.google.apps.dots.android.newsstand.pushmessage.NSGcmClient.buildGcmRegistrationParams
W/dalvikvm(27240): VFY: unable to resolve virtual method 62983: Ljava/util/Locale;.toLanguageTag ()Ljava/lang/String;
I/NSApplication(27240): Starting up...
I/PushLogAC2543( 3333): [main-1]action is com.huawei.intent.action.PUSH(pushagent/null:-1)
I/PushLogAC2543( 3333): [main-1]PushService onStartCommand(pushagent/null:-1)
I/PushLogAC2543( 3333): [main-1]action is com.huawei.intent.action.PUSH(pushagent/null:-1)
I/PushLogAC2543( 3333): [main-1]PushService onStartCommand(pushagent/null:-1)
I/PushLogAC2543( 3333): [ReceiverDispatcher-64]lastnetWorkType:1 curNetWorkType:1(pushagent/null:-1)
W/System.err( 3305): java.lang.SecurityException: No permission to write APN settings: Neither user 10093 nor current process has android.permission.WRITE_APN_SETTINGS.
W/System.err( 3305): 	at android.app.ContextImpl.enforce(ContextImpl.java:1775)
W/System.err( 3305): 	at android.app.ContextImpl.enforceCallingOrSelfPermission(ContextImpl.java:1804)
W/System.err( 3305): 	at com.android.providers.telephony.TelephonyProvider.checkPermission(TelephonyProvider.java:1984)
W/System.err( 3305): 	at com.android.providers.telephony.TelephonyProvider.query(TelephonyProvider.java:1558)
W/System.err( 3305): 	at android.content.ContentProvider.query(ContentProvider.java:857)
W/System.err( 3305): 	at android.content.ContentProvider$Transport.query(ContentProvider.java:200)
W/System.err( 3305): 	at android.content.ContentProviderNative.onTransact(ContentProviderNative.java:112)
W/System.err( 3305): 	at android.os.Binder.execTransact(Binder.java:404)
W/System.err( 3305): 	at dalvik.system.NativeStart.run(Native Method)
E/DatabaseUtils( 3305): Writing exception to parcel
E/DatabaseUtils( 3305): java.lang.SecurityException: No permission to write APN settings: Neither user 10093 nor current process has android.permission.WRITE_APN_SETTINGS.
E/DatabaseUtils( 3305): 	at android.app.ContextImpl.enforce(ContextImpl.java:1775)
E/DatabaseUtils( 3305): 	at android.app.ContextImpl.enforceCallingOrSelfPermission(ContextImpl.java:1804)
E/DatabaseUtils( 3305): 	at com.android.providers.telephony.TelephonyProvider.checkPermission(TelephonyProvider.java:1984)
E/DatabaseUtils( 3305): 	at com.android.providers.telephony.TelephonyProvider.query(TelephonyProvider.java:1558)
E/DatabaseUtils( 3305): 	at android.content.ContentProvider.query(ContentProvider.java:857)
E/DatabaseUtils( 3305): 	at android.content.ContentProvider$Transport.query(ContentProvider.java:200)
E/DatabaseUtils( 3305): 	at android.content.ContentProviderNative.onTransact(ContentProviderNative.java:112)
E/DatabaseUtils( 3305): 	at android.os.Binder.execTransact(Binder.java:404)
E/DatabaseUtils( 3305): 	at dalvik.system.NativeStart.run(Native Method)
I/PushLogAC2543( 3333): [ReceiverDispatcher-64]lastnetWorkType:1 curNetWorkType:1(pushagent/null:-1)
W/System.err( 3305): java.lang.SecurityException: No permission to write APN settings: Neither user 10093 nor current process has android.permission.WRITE_APN_SETTINGS.
W/System.err( 3305): 	at android.app.ContextImpl.enforce(ContextImpl.java:1775)
W/System.err( 3305): 	at android.app.ContextImpl.enforceCallingOrSelfPermission(ContextImpl.java:1804)
W/System.err( 3305): 	at com.android.providers.telephony.TelephonyProvider.checkPermission(TelephonyProvider.java:1984)
W/System.err( 3305): 	at com.android.providers.telephony.TelephonyProvider.query(TelephonyProvider.java:1558)
W/System.err( 3305): 	at android.content.ContentProvider.query(ContentProvider.java:857)
W/System.err( 3305): 	at android.content.ContentProvider$Transport.query(ContentProvider.java:200)
W/System.err( 3305): 	at android.content.ContentProviderNative.onTransact(ContentProviderNative.java:112)
W/System.err( 3305): 	at android.os.Binder.execTransact(Binder.java:404)
W/System.err( 3305): 	at dalvik.system.NativeStart.run(Native Method)
E/DatabaseUtils( 3305): Writing exception to parcel
E/DatabaseUtils( 3305): java.lang.SecurityException: No permission to write APN settings: Neither user 10093 nor current process has android.permission.WRITE_APN_SETTINGS.
E/DatabaseUtils( 3305): 	at android.app.ContextImpl.enforce(ContextImpl.java:1775)
E/DatabaseUtils( 3305): 	at android.app.ContextImpl.enforceCallingOrSelfPermission(ContextImpl.java:1804)
E/DatabaseUtils( 3305): 	at com.android.providers.telephony.TelephonyProvider.checkPermission(TelephonyProvider.java:1984)
E/DatabaseUtils( 3305): 	at com.android.providers.telephony.TelephonyProvider.query(TelephonyProvider.java:1558)
E/DatabaseUtils( 3305): 	at android.content.ContentProvider.query(ContentProvider.java:857)
E/DatabaseUtils( 3305): 	at android.content.ContentProvider$Transport.query(ContentProvider.java:200)
E/DatabaseUtils( 3305): 	at android.content.ContentProviderNative.onTransact(ContentProviderNative.java:112)
E/DatabaseUtils( 3305): 	at android.os.Binder.execTransact(Binder.java:404)
E/DatabaseUtils( 3305): 	at dalvik.system.NativeStart.run(Native Method)
I/NetworkQualityMonitor(27240): Updated PredictedNetworkQuality to com.google.android.gms.herrevad.PredictedNetworkQuality[
I/NetworkQualityMonitor(27240): networkType: 1
I/NetworkQualityMonitor(27240): predictedLatencyMicros: 3571861
I/NetworkQualityMonitor(27240): predictedDownThroughputBps: 648639
I/NetworkQualityMonitor(27240): predictedUpThroughputBps: -1
I/NetworkQualityMonitor(27240): ]
I/Icing   ( 8114): Indexing 6FD549458C8E698048E0A603527B0A114C16BB93 from com.google.android.gms
I/Icing   ( 8114): Indexing done 6FD549458C8E698048E0A603527B0A114C16BB93
E/Thermal-daemon( 2432): [ap] temp_new :33  temp_old :32
I/ApplicationsProvider(31497): System.gc()
E/android_hardware_fm.cpp(27284): register_android_hardware_fm_fmradio
E/FM_HAL  (27284): [FM_HAL], fm_dynamic_lib is libbcmfm_if
E/FM_HAL  (27284): [FM_HAL], libname is libbcmfm_if
E/fm_if.c (27284): find the id:libbcmfm_if and begins to open the devices
E/android_hardware_fm.cpp(27284): register_android_hardware_fm_fmradio, ret is 0
E/        (27284): ProtocolErrorLog wangkang test!!
I/K3V3CpuGovernorPolicy( 3322): set scene Hmp policy : 300 , 150
I/HwLauncher( 3377): DynamicIcon onWindowVisibilityChanged 8 - com.android.deskclock
I/HwLauncher( 3377): DynamicIcon onWindowVisibilityChanged 8 - com.android.calendar
I/HwLauncher( 3377): DynamicIcon onVisibilityChanged 4 - com.android.deskclock
I/HwLauncher( 3377): DynamicIcon onVisibilityChanged 4 - com.android.calendar
I/dalvikvm(27295): Could not find method android.content.pm.PackageManager.getPackageInstaller, referenced from method com.google.android.gms.common.zzg.zzz
W/dalvikvm(27295): VFY: unable to resolve virtual method 644: Landroid/content/pm/PackageManager;.getPackageInstaller ()Landroid/content/pm/PackageInstaller;
I/dalvikvm(27295): Could not find method android.provider.Settings.canDrawOverlays, referenced from method com.facebook.react.ReactActivityDelegate.onActivityResult
W/dalvikvm(27295): VFY: unable to resolve static method 1801: Landroid/provider/Settings;.canDrawOverlays (Landroid/content/Context;)Z
I/dalvikvm(27295): Could not find method android.provider.Settings.canDrawOverlays, referenced from method com.facebook.react.ReactActivityDelegate.onCreate
W/dalvikvm(27295): VFY: unable to resolve static method 1801: Landroid/provider/Settings;.canDrawOverlays (Landroid/content/Context;)Z
I/dalvikvm(27295): Could not find method android.app.Activity.requestPermissions, referenced from method com.facebook.react.ReactActivityDelegate.requestPermissions
W/dalvikvm(27295): VFY: unable to resolve virtual method 83: Landroid/app/Activity;.requestPermissions ([Ljava/lang/String;I)V
W/unknown:React(27295): Packager connection already open, nooping.
W/unknown:React(27295): Inspector connection already open, nooping.
W/dalvikvm(27295): VFY: unable to find class referenced in signature (Ljava/nio/file/Path;)
W/dalvikvm(27295): VFY: unable to find class referenced in signature ([Ljava/nio/file/OpenOption;)
I/dalvikvm(27295): Could not find method java.nio.file.Files.newOutputStream, referenced from method okio.Okio.sink
W/dalvikvm(27295): VFY: unable to resolve static method 41490: Ljava/nio/file/Files;.newOutputStream (Ljava/nio/file/Path;[Ljava/nio/file/OpenOption;)Ljava/io/OutputStream;
W/dalvikvm(27295): VFY: unable to find class referenced in signature (Ljava/nio/file/Path;)
W/dalvikvm(27295): VFY: unable to find class referenced in signature ([Ljava/nio/file/OpenOption;)
I/dalvikvm(27295): Could not find method java.nio.file.Files.newInputStream, referenced from method okio.Okio.source
W/dalvikvm(27295): VFY: unable to resolve static method 41489: Ljava/nio/file/Files;.newInputStream (Ljava/nio/file/Path;[Ljava/nio/file/OpenOption;)Ljava/io/InputStream;
I/ActivityManager( 2927): Displayed com.awesomeproject/.MainActivity: +475ms (total +521ms)
I/AppsCleanUp( 3322): add top view, pid:27295 count:1
I/dalvikvm(27295): threadid=1: recursive native library load attempt (/data/app-lib/com.awesomeproject-2/libfb.so)
I/dalvikvm(27295): Could not find method android.view.View.setElevation, referenced from method com.facebook.react.uimanager.BaseViewManager.setElevation
W/dalvikvm(27295): VFY: unable to resolve virtual method 18561: Landroid/view/View;.setElevation (F)V
I/dalvikvm(27295): Could not find method com.facebook.react.views.view.ReactViewGroup.drawableHotspotChanged, referenced from method com.facebook.react.views.view.ReactViewManager.receiveCommand
W/dalvikvm(27295): VFY: unable to resolve virtual method 32831: Lcom/facebook/react/views/view/ReactViewGroup;.drawableHotspotChanged (FF)V
I/dalvikvm(27295): Could not find method com.facebook.react.views.view.ReactViewGroup.setForeground, referenced from method com.facebook.react.views.view.ReactViewManager.setNativeForeground
W/dalvikvm(27295): VFY: unable to resolve virtual method 32871: Lcom/facebook/react/views/view/ReactViewGroup;.setForeground (Landroid/graphics/drawable/Drawable;)V
W/unknown:ViewManagerPropertyUpdater(27295): Could not find generated setter for class com.facebook.react.views.art.ARTGroupViewManager
W/unknown:ViewManagerPropertyUpdater(27295): Could not find generated setter for class com.facebook.react.views.art.ARTGroupShadowNode
W/unknown:ViewManagerPropertyUpdater(27295): Could not find generated setter for class com.facebook.react.views.art.ARTShapeViewManager
W/unknown:ViewManagerPropertyUpdater(27295): Could not find generated setter for class com.facebook.react.views.art.ARTShapeShadowNode
W/unknown:ViewManagerPropertyUpdater(27295): Could not find generated setter for class com.facebook.react.views.art.ARTTextViewManager
W/unknown:ViewManagerPropertyUpdater(27295): Could not find generated setter for class com.facebook.react.views.art.ARTTextShadowNode
W/unknown:ViewManagerPropertyUpdater(27295): Could not find generated setter for class com.facebook.react.views.art.ARTSurfaceViewManager
W/unknown:ViewManagerPropertyUpdater(27295): Could not find generated setter for class com.facebook.react.views.art.ARTSurfaceViewShadowNode
W/unknown:ViewManagerPropertyUpdater(27295): Could not find generated setter for class com.facebook.react.views.picker.ReactDialogPickerManager
W/unknown:ViewManagerPropertyUpdater(27295): Could not find generated setter for class com.facebook.react.uimanager.LayoutShadowNode
W/unknown:ViewManagerPropertyUpdater(27295): Could not find generated setter for class com.facebook.react.views.drawer.ReactDrawerLayoutManager
W/unknown:ViewManagerPropertyUpdater(27295): Could not find generated setter for class com.facebook.react.views.picker.ReactDropdownPickerManager
W/unknown:ViewManagerPropertyUpdater(27295): Could not find generated setter for class com.facebook.react.views.scroll.ReactHorizontalScrollViewManager
W/unknown:ViewManagerPropertyUpdater(27295): Could not find generated setter for class com.facebook.react.views.image.ReactImageManager
I/AppsCleanUp( 3322): remove top view, pid:27295 count:0
W/unknown:ViewManagerPropertyUpdater(27295): Could not find generated setter for class com.facebook.react.views.modal.ReactModalHostManager
W/unknown:ViewManagerPropertyUpdater(27295): Could not find generated setter for class com.facebook.react.views.modal.ModalHostShadowNode
W/unknown:ViewManagerPropertyUpdater(27295): Could not find generated setter for class com.facebook.react.views.progressbar.ReactProgressBarViewManager
W/unknown:ViewManagerPropertyUpdater(27295): Could not find generated setter for class com.facebook.react.views.progressbar.ProgressBarShadowNode
W/unknown:ViewManagerPropertyUpdater(27295): Could not find generated setter for class com.facebook.react.views.text.ReactRawTextManager
W/unknown:ViewManagerPropertyUpdater(27295): Could not find generated setter for class com.facebook.react.views.text.ReactTextShadowNode
W/unknown:ViewManagerPropertyUpdater(27295): Could not find generated setter for class com.facebook.react.views.scroll.ReactScrollViewManager
W/unknown:ViewManagerPropertyUpdater(27295): Could not find generated setter for class com.facebook.react.views.slider.ReactSliderManager
W/unknown:ViewManagerPropertyUpdater(27295): Could not find generated setter for class com.facebook.react.views.slider.ReactSliderManager$ReactSliderShadowNode
W/unknown:ViewManagerPropertyUpdater(27295): Could not find generated setter for class com.facebook.react.views.switchview.ReactSwitchManager
W/unknown:ViewManagerPropertyUpdater(27295): Could not find generated setter for class com.facebook.react.views.switchview.ReactSwitchManager$ReactSwitchShadowNode
W/unknown:ViewManagerPropertyUpdater(27295): Could not find generated setter for class com.facebook.react.views.text.frescosupport.FrescoBasedReactTextInlineImageViewManager
W/unknown:ViewManagerPropertyUpdater(27295): Could not find generated setter for class com.facebook.react.views.text.frescosupport.FrescoBasedReactTextInlineImageShadowNode
W/unknown:ViewManagerPropertyUpdater(27295): Could not find generated setter for class com.facebook.react.views.textinput.ReactTextInputManager
W/unknown:ViewManagerPropertyUpdater(27295): Could not find generated setter for class com.facebook.react.views.textinput.ReactTextInputShadowNode
W/unknown:ViewManagerPropertyUpdater(27295): Could not find generated setter for class com.facebook.react.views.text.ReactTextViewManager
W/unknown:ViewManagerPropertyUpdater(27295): Could not find generated setter for class com.facebook.react.views.toolbar.ReactToolbarManager
W/unknown:ViewManagerPropertyUpdater(27295): Could not find generated setter for class com.facebook.react.views.view.ReactViewManager
W/unknown:ViewManagerPropertyUpdater(27295): Could not find generated setter for class com.facebook.react.views.viewpager.ReactViewPagerManager
W/unknown:ViewManagerPropertyUpdater(27295): Could not find generated setter for class com.facebook.react.views.text.ReactVirtualTextViewManager
W/unknown:ViewManagerPropertyUpdater(27295): Could not find generated setter for class com.facebook.react.views.webview.ReactWebViewManager
W/unknown:ViewManagerPropertyUpdater(27295): Could not find generated setter for class com.facebook.react.views.recyclerview.RecyclerViewBackedScrollViewManager
W/unknown:ViewManagerPropertyUpdater(27295): Could not find generated setter for class com.facebook.react.views.swiperefresh.SwipeRefreshLayoutManager
W/unknown:ViewManagerPropertyUpdater(27295): Could not find generated setter for class com.facebook.reactnative.androidsdk.FBLikeViewManager
W/unknown:ViewManagerPropertyUpdater(27295): Could not find generated setter for class com.facebook.reactnative.androidsdk.FBLoginButtonManager
W/unknown:ViewManagerPropertyUpdater(27295): Could not find generated setter for class com.facebook.reactnative.androidsdk.FBSendButtonManager
W/unknown:ViewManagerPropertyUpdater(27295): Could not find generated setter for class com.facebook.reactnative.androidsdk.FBShareButtonManager
I/dalvikvm(27295): Could not find method android.webkit.CookieManager.setCookie, referenced from method com.facebook.react.modules.network.ForwardingCookieHandler.addCookieAsync
W/dalvikvm(27295): VFY: unable to resolve virtual method 19131: Landroid/webkit/CookieManager;.setCookie (Ljava/lang/String;Ljava/lang/String;Landroid/webkit/ValueCallback;)V
I/dalvikvm(27295): Could not find method android.webkit.CookieManager.removeAllCookies, referenced from method com.facebook.react.modules.network.ForwardingCookieHandler.clearCookiesAsync
W/dalvikvm(27295): VFY: unable to resolve virtual method 19128: Landroid/webkit/CookieManager;.removeAllCookies (Landroid/webkit/ValueCallback;)V
I/dalvikvm(27295): Could not find method android.webkit.CookieManager.flush, referenced from method com.facebook.react.modules.network.ForwardingCookieHandler$CookieSaver.flush
W/dalvikvm(27295): VFY: unable to resolve virtual method 19124: Landroid/webkit/CookieManager;.flush ()V
I/dalvikvm(27295): Could not find method android.content.Context.checkSelfPermission, referenced from method com.facebook.react.modules.permissions.PermissionsModule.checkPermission
W/dalvikvm(27295): VFY: unable to resolve virtual method 471: Landroid/content/Context;.checkSelfPermission (Ljava/lang/String;)I
I/dalvikvm(27295): Could not find method android.content.Context.checkSelfPermission, referenced from method com.facebook.react.modules.permissions.PermissionsModule.requestMultiplePermissions
W/dalvikvm(27295): VFY: unable to resolve virtual method 471: Landroid/content/Context;.checkSelfPermission (Ljava/lang/String;)I
I/dalvikvm(27295): Could not find method android.content.Context.checkSelfPermission, referenced from method com.facebook.react.modules.permissions.PermissionsModule.requestPermission
W/dalvikvm(27295): VFY: unable to resolve virtual method 471: Landroid/content/Context;.checkSelfPermission (Ljava/lang/String;)I
W/BluetoothCrashResolver(27295): Can't read macs from BluetoothCrashResolverState.txt
W/ModelSpecificDistanceCalculator(27295): Cannot find match for this device.  Using default
W/ModelSpecificDistanceCalculator(27295): Cannot find match for this device.  Using default
I/dalvikvm(27295): Could not find method android.widget.ImageView.<init>, referenced from method com.facebook.drawee.view.DraweeView.<init>
W/dalvikvm(27295): VFY: unable to resolve direct method 19407: Landroid/widget/ImageView;.<init> (Landroid/content/Context;Landroid/util/AttributeSet;II)V
I/dalvikvm(27295): Could not find method com.facebook.drawee.view.DraweeView.getImageTintList, referenced from method com.facebook.drawee.view.DraweeView.init
W/dalvikvm(27295): VFY: unable to resolve virtual method 23144: Lcom/facebook/drawee/view/DraweeView;.getImageTintList ()Landroid/content/res/ColorStateList;
I/ReactNativeJS(27295): Running application "AwesomeProject" with appParams: {"initialProps":{},"rootTag":1}. __DEV__ === true, development-level warning are ON, performance optimizations are OFF
I/dalvikvm(27295): Could not find method android.text.StaticLayout$Builder.obtain, referenced from method com.facebook.react.views.text.ReactTextShadowNode$1.measure
W/dalvikvm(27295): VFY: unable to resolve static method 17991: Landroid/text/StaticLayout$Builder;.obtain (Ljava/lang/CharSequence;IILandroid/text/TextPaint;I)Landroid/text/StaticLayout$Builder;
I/dalvikvm(27295): Could not find method android.text.StaticLayout$Builder.obtain, referenced from method com.facebook.react.views.text.ReactTextShadowNode$1.measure
W/dalvikvm(27295): VFY: unable to resolve static method 17991: Landroid/text/StaticLayout$Builder;.obtain (Ljava/lang/CharSequence;IILandroid/text/TextPaint;I)Landroid/text/StaticLayout$Builder;
W/unknown:ViewManagerPropertyUpdater(27295): Could not find generated setter for class com.facebook.react.views.text.ReactVirtualTextShadowNode
I/ReactNativeJS(27295): Beacons ranging started succesfully!
I/dalvikvm(27295): Could not find method android.content.Context.getNoBackupFilesDir, referenced from method com.google.android.gms.common.util.zzx.getNoBackupFilesDir
W/dalvikvm(27295): VFY: unable to resolve virtual method 494: Landroid/content/Context;.getNoBackupFilesDir ()Ljava/io/File;
I/ReactNativeJS(27295): Beacons monitoring started successfully
I/ReactNativeJS(27295): 'TOKEN:', { token: 'd5_hxdRStso:APA91bEtIY_B3NmPjefevdwAWflnuqTDrHeePUz7MpeDO3AMVXgiZg5phTCghliCEz5rR8OebgUsjDLDWIa-kNhlfpnFoC0wNZF9DXN6VVT0pIeEqRtbonTaTGQuBDcmk7V3bSVqiLBt',
I/ReactNativeJS(27295):   os: 'android' }
I/ReactNativeJS(27295): 'TOKEN:', { token: 'd5_hxdRStso:APA91bEtIY_B3NmPjefevdwAWflnuqTDrHeePUz7MpeDO3AMVXgiZg5phTCghliCEz5rR8OebgUsjDLDWIa-kNhlfpnFoC0wNZF9DXN6VVT0pIeEqRtbonTaTGQuBDcmk7V3bSVqiLBt',
I/ReactNativeJS(27295):   os: 'android' }
W/dalvikvm(27295): VFY: unable to find class referenced in signature (Landroid/graphics/Outline;)
I/dalvikvm(27295): Could not find method android.graphics.drawable.Drawable.getOutline, referenced from method com.facebook.react.views.view.ReactViewBackgroundDrawable.getOutline
W/dalvikvm(27295): VFY: unable to resolve virtual method 1128: Landroid/graphics/drawable/Drawable;.getOutline (Landroid/graphics/Outline;)V
I/dalvikvm(27295): Could not find method android.graphics.Outline.setConvexPath, referenced from method com.facebook.react.views.view.ReactViewBackgroundDrawable.getOutline
W/dalvikvm(27295): VFY: unable to resolve virtual method 953: Landroid/graphics/Outline;.setConvexPath (Landroid/graphics/Path;)V
I/dalvikvm(27295): Could not find method android.graphics.Outline.setRect, referenced from method com.facebook.react.views.view.ReactViewBackgroundDrawable.getOutline
W/dalvikvm(27295): VFY: unable to resolve virtual method 954: Landroid/graphics/Outline;.setRect (Landroid/graphics/Rect;)V
I/dalvikvm(27295): Could not find method com.facebook.react.views.text.ReactTextView.getBreakStrategy, referenced from method com.facebook.react.views.text.ReactTextView.setText
W/dalvikvm(27295): VFY: unable to resolve virtual method 32327: Lcom/facebook/react/views/text/ReactTextView;.getBreakStrategy ()I
I/dalvikvm(27295): Could not find method android.content.res.Resources.getDrawable, referenced from method com.facebook.react.views.view.ReactDrawableHelper.createDrawableFromJSDescription
W/dalvikvm(27295): VFY: unable to resolve virtual method 696: Landroid/content/res/Resources;.getDrawable (ILandroid/content/res/Resources$Theme;)Landroid/graphics/drawable/Drawable;
E/dalvikvm(27295): Could not find class 'android.graphics.drawable.RippleDrawable', referenced from method com.facebook.react.views.view.ReactDrawableHelper.createDrawableFromJSDescription
W/dalvikvm(27295): VFY: unable to resolve new-instance 207 (Landroid/graphics/drawable/RippleDrawable;) in Lcom/facebook/react/views/view/ReactDrawableHelper;
I/dalvikvm(27295): Could not find method android.content.Context.getColorStateList, referenced from method android.support.v7.content.res.AppCompatResources.getColorStateList
W/dalvikvm(27295): VFY: unable to resolve virtual method 483: Landroid/content/Context;.getColorStateList (I)Landroid/content/res/ColorStateList;
I/HwLockScreenImpl( 3036): onResume: 1
I/HwLockScreenImpl( 3036): Do not need screenshot
I/LockScreenCallbackImpl( 3036): refreshLockScreenInfo
I/LockScreenCallbackImpl( 3036): getSimState
I/LockScreenCallbackImpl( 3036): traverseCardStatus : mUpdateMonitor.getSimState(0)=READY
I/LockScreenCallbackImpl( 3036): getCurrentStatus simState=READY
E/AudioFlinger( 2427): setLppDtsGeq():invalid keyValue of dts geq.
I/wpa_supplicant( 8802): wlan0: HEART-BEAT-ACK: 548
I/DesktopLyricService(16198): received broadcast action = android.intent.action.SCREEN_ON
I/DesktopLyricManager(16198): scheduleHideLyricView !
I/DesktopLyricManager(16198): performHideLyricView ! mIsLyricViewAdded = false
I/PGFreezeAdapter( 3322): setAlarmsPending [false] -> [[]]
I/AppsCleanUp( 3322): success pending alarm state:false
I/HwLockScreenImpl( 3036): onTrigger startActivity intent=null
I/DesktopLyricService(16198): received broadcast action = com.android.keyguard.intent.action.ACTION_LYRICS
I/DesktopLyricService(16198): hide lock screen lyric!
I/DesktopLyricService(16198): received broadcast action = android.intent.action.USER_PRESENT
I/DesktopLyricManager(16198): scheduleHideLyricView !
I/DesktopLyricManager(16198): scheduleShowLyricView delay = false
I/DesktopLyricManager(16198): performHideLyricView ! mIsLyricViewAdded = false
I/DesktopLyricManager(16198): canShowLyric switchOn = false isBackGround = true mIsLyricViewAdded = false isPlaying = false isPreparing = false isUserPresent = true
I/PhoneStatusBar( 3171): hw_status_bar_operators = false, setSystemUIVisibily(SHOW_OPERATOR = false)
I/DesktopLyricService(16198): received broadcast action = com.android.keyguard.intent.action.ACTION_LYRICS
I/DesktopLyricService(16198): hide lock screen lyric!
I/Authzen ( 8114): [DeviceStateSyncManager] Device state fast sync is disabled
I/HwUpdateMonitor( 3036): unRegisterCallback com.android.huawei.hwlockscreen.utils.EventNotifyView$1@443e1e50, callback size = 2
I/InfoCenterView( 3036): unRegisterCallback com.android.huawei.music.HwMusicView$2@466f5758, callback size = 1
I/CameraLayout( 3036): onDetachedFromWindow
I/HwMusicManager( 3036): unRegisterMusicObserver 
I/HwUpdateMonitor( 3036): unRegisterCallback com.android.huawei.hwlockscreen.infocenter.InfoCenterView$1@441f7710, callback size = 1
I/HwUpdateMonitor( 3036): unRegisterMonitor
I/DesktopLyricService(16198): received broadcast action = com.android.keyguard.intent.action.ACTION_LYRICS
I/DesktopLyricService(16198): hide lock screen lyric!
E/CommandListener( 2419): readDefRoute call readDefRoute
E/SecondaryTablController( 2419): isWifiDefaultRouteExisted /system/bin/ip route
W/AppsCleanUp( 3322): dangerous alarm totalTime: 275120 numWakeup: 5215 pkg:com.google.android.gms
W/AppsCleanUp( 3322): dangerous alarm totalTime: 31723 numWakeup: 1495 pkg:com.wakti.store
I/Finsky  (27130): [5039] com.google.android.finsky.f.f.run(2154): Replicating app states via DFE.
I/K3V3CpuGovernorPolicy( 3322): close previously scene Hmp policy : 300 , 150
I/Finsky  (27130): [5039] com.google.android.finsky.f.d.a(319): Completed 0 account content syncs with 0 successful.
I/Finsky  (27130): [1] com.google.android.finsky.services.j.a(149): Installation state replication succeeded.
E/CommandListener( 2419): readDefRoute Rsp ok
E/Thermal-daemon( 2432): [ap] temp_new :34  temp_old :33
W/ctxmgr  ( 3286): [AclManager]No 2 for (accnt=account#225735344#, com.google.android.gms(10009):UserLocationProducer, vrsn=10298000, 0, 3pPkg = null ,  3pMdlId = null). Was: 2 for 1, account#225735344#
I/ReactNativeJS(27295): 'Exited beacons region!', { identifier: 'REGION1',
I/ReactNativeJS(27295):   uuid: 'b9407f30-f5f8-466e-aff9-25556b57fe6d' }
I/CAPALiteReceiver( 3322): USER STATE: STATIONARY SUB STATE: UNKNOWN
W/Settings( 2927): Setting device_provisioned has moved from android.provider.Settings.Secure to android.provider.Settings.Global.
E/Thermal-daemon( 2432): [ap] temp_new :33  temp_old :34
I/wpa_supplicant( 8802): wlan0: HEART-BEAT-ACK: 549
W/Settings( 3171): Setting airplane_mode_on has moved from android.provider.Settings.System to android.provider.Settings.Global, returning read-only value.
I/BluetoothAdapterState( 4282): Entering OffState
I/RadioStateMachine( 4282): Entering OffState
I/BluetoothServiceJni( 4282): OoO sJniCallbacksObj has init before init? 0
I/bluedroid( 4282): init
I/bte_main( 4282): OoO log conf is : false
I/bte_conf( 4282): Attempt to load stack conf from /etc/bluetooth/bt_stack.conf
I/bluedroid( 4282): get_profile_interface socket
I/GKI_LINUX( 4282): gki_task_entry: gki_task_entry task_id=1 [BTIF] starting
I/BluetoothAdapterProperties( 4282): adapterPropertyChangedCallback with type:2 len:6
I/BluetoothAdapterProperties( 4282): adapterPropertyChangedCallback with type:1 len:7
I/bluedroid( 4282): config_hci_snoop_log
I/BluetoothAdapterState( 4282): Bluetooth adapter state changed: 10-> 11
I/BluetoothBondStateMachine( 4282): StableState(): Entering Off State
W/BluetoothAdapterService( 4282): Starting service com.android.bluetooth.hfp.HeadsetService
W/BluetoothAdapterService( 4282): Starting service com.android.bluetooth.a2dp.A2dpService
W/BluetoothAdapterService( 4282): Starting service com.android.bluetooth.hid.HidService
I/bluedroid( 4282): get_profile_interface handsfree
W/BluetoothAdapterService( 4282): Starting service com.android.bluetooth.hdp.HealthService
W/BluetoothAdapterService( 4282): Starting service com.android.bluetooth.pan.PanService
I/bluedroid( 4282): get_profile_interface a2dp
I/GKI_LINUX( 4282): gki_task_entry: gki_task_entry task_id=2 [A2DP-MEDIA] starting
I/bluedroid( 4282): get_profile_interface avrcp
W/BluetoothAdapterService( 4282): Starting service com.android.bluetooth.gatt.GattService
W/BluetoothAdapterService( 4282): Starting service com.android.bluetooth.map.BluetoothMapService
I/BluetoothAdapterState( 4282): Entering PendingCommandState State: isTurningOn()=true, isTurningOff()=false
I/bluedroid( 4282): get_profile_interface hidhost
I/bluedroid( 4282): get_profile_interface health
I/bluedroid( 4282): get_profile_interface pan
I/bluedroid( 4282): get_profile_interface gatt
I/bluedroid( 4282): enable
I/bt_hci_bdroid( 4282): init
I/bt_vendor( 4282): init
I/bt_vnd_conf( 4282): Attempt to load conf from /etc/bluetooth/bt_vendor.conf
W/Settings( 3171): Setting airplane_mode_on has moved from android.provider.Settings.System to android.provider.Settings.Global, returning read-only value.
I/bt_hci_bdroid( 4282): bt_hc_worker_thread started
I/bt_userial_vendor( 4282): userial vendor open: opening /dev/ttyAMA4
I/GKI_LINUX( 4282): gki_task_entry: gki_task_entry task_id=0 [BTU] starting
I/bt-btu  ( 4282): btu_task pending for preload complete event
I/GKI_LINUX( 4282): gki_task_entry: gki_task_entry task_id=3 [APPL] starting
E/bt-btif ( 4282): fm_app_task starts up
I/BTAPP_FM( 4282): btapp_fm_init: ServerInit (res = 6)
I/BTL-IFS ( 4282): BTL_IF_RegisterSubSystem: Registered subsystem [FM]
I/BTAPP_FM( 4282): btapp_fm_init: RegisterSubSystem (res = 0)
I/bt_userial_vendor( 4282): device fd = 84 open
I/bt_hwcfg( 4282): bt vendor lib: set UART baud 3000000
I/bt_hwcfg( 4282): Found patchfile: /vendor/firmware//BCM4334B0_002.001.013.1164.1457_RC.hcd
W/NearbyMessages( 3286): NetworkPollManager:  RPC was requested, but deemed unnecessary.
I/bt_hwcfg( 4282): bt vendor lib: set UART baud 115200
I/bt_hwcfg( 4282): bt vendor lib: set UART baud 3000000
I/bt_hwcfg( 4282): Setting local bd addr to 8C:34:FD:83:24:9D
I/bt_hwcfg( 4282): vendor lib fwcfg completed
I/bt-btu  ( 4282): btu_task received preload complete event
I/        ( 4282): BTE_InitTraceLevels -- TRC_HCI
I/        ( 4282): BTE_InitTraceLevels -- TRC_L2CAP
I/        ( 4282): BTE_InitTraceLevels -- TRC_RFCOMM
I/        ( 4282): BTE_InitTraceLevels -- TRC_AVDT
I/        ( 4282): BTE_InitTraceLevels -- TRC_AVRC
I/        ( 4282): BTE_InitTraceLevels -- TRC_A2D
I/        ( 4282): BTE_InitTraceLevels -- TRC_BNEP
I/        ( 4282): BTE_InitTraceLevels -- TRC_BTM
I/        ( 4282): BTE_InitTraceLevels -- TRC_GAP
I/        ( 4282): BTE_InitTraceLevels -- TRC_PAN
I/        ( 4282): BTE_InitTraceLevels -- TRC_SDP
I/        ( 4282): BTE_InitTraceLevels -- TRC_GATT
I/        ( 4282): BTE_InitTraceLevels -- TRC_SMP
I/        ( 4282): BTE_InitTraceLevels -- TRC_BTAPP
I/        ( 4282): BTE_InitTraceLevels -- TRC_BTIF
W/bt-btif ( 4282):  bta_dm_sys_hw_cback with event: 1
E/bt-btm  ( 4282): BTM_SecRegister:p_cb_info->p_le_callback == 0x763d9389 
E/bt-btm  ( 4282): BTM_SecRegister: btm_cb.api.p_le_callback = 0x763d9389 
E/bt-btif ( 4282): Calling BTA_HhEnable
E/bt-btif ( 4282): btif_storage_get_adapter_property service_mask:0x140040
I/BluetoothAdapterProperties( 4282): adapterPropertyChangedCallback with type:2 len:6
I/BluetoothAdapterProperties( 4282): adapterPropertyChangedCallback with type:1 len:7
I/BluetoothAdapterProperties( 4282): adapterPropertyChangedCallback with type:7 len:4
I/BluetoothAdapterProperties( 4282): adapterPropertyChangedCallback with type:9 len:4
I/BluetoothAdapterProperties( 4282): adapterPropertyChangedCallback with type:8 len:18
I/BluetoothAdapterProperties( 4282): adapterPropertyChangedCallback with type:3 len:48
W/bt-btif ( 4282): bte_main_enable_lpm
I/bt_hwcfg( 4282): SCO PCM configure {0, 1, 0, 0, 0}
W/bt-btm  ( 4282): BTM_SetDiscoverability
I/bte_conf( 4282): Attempt to load did conf from /etc/bluetooth/bt_did.conf
W/bt-btm  ( 4282): BTM_SetConnectability
W/bt-btm  ( 4282): BTM_SetDiscoverability
W/bt-btm  ( 4282): BTM_SetConnectability
I/bte_conf( 4282): [1] primary_record=1 vendor_id=0x000F vendor_id_source=0x0001 product_id=0x1200 version=0x1436
I/bte_conf( 4282): Attempt to load did conf from /etc/bluetooth/bt_did.conf
I/bte_conf( 4282): Attempt to load did conf from /etc/bluetooth/bt_did.conf
W/bt-btm  ( 4282): BTM_SetDiscoverability
W/bt-btm  ( 4282): BTM_SetConnectability
I/BluetoothAdapterState( 4282): Bluetooth adapter state changed: 11-> 12
I/BluetoothAdapterState( 4282): Entering On State
I/BluetoothAdapterProperties( 4282): adapterPropertyChangedCallback with type:7 len:4
I/BluetoothAdapterProperties( 4282): adapterPropertyChangedCallback with type:9 len:4
I/BluetoothHeadsetServiceJni( 4282): connectHfpNative: sBluetoothHfpInterface: 0x7648e178
E/bt_h4   ( 4282): vendor lib postload completed
I/BluetoothA2dpServiceJni( 4282): connectA2dpNative: sBluetoothA2dpInterface: 0x7648e1bc
I/MediaPlaybackService(16198): mIntentReceiver onReceive action:android.bluetooth.a2dp.profile.action.CONNECTION_STATE_CHANGED, cmd:null
W/BluetoothAdapter( 4282): getBluetoothService() called with no BluetoothManagerCallback
E/BluetoothServiceJni( 4282): SOCK FLAG = 1 ***********************
I/K3V3CpuGovernorPolicy( 3322): set scene Hmp policy : 300 , 150
W/Settings( 3171): Setting airplane_mode_on has moved from android.provider.Settings.System to android.provider.Settings.Global, returning read-only value.
W/BluetoothMap(24269): Proxy not attached to service
W/BluetoothMap(24269): Proxy not attached to service
W/BluetoothMap(24269): Proxy not attached to service
W/BluetoothMap(24269): Proxy not attached to service
W/BluetoothMap(24269): Proxy not attached to service
W/BluetoothMap(24269): Proxy not attached to service
W/bt-btm  ( 4282): BTM_SetDiscoverability
W/bt-btm  ( 4282): BTM_SetConnectability
I/BluetoothAdapterProperties( 4282): adapterPropertyChangedCallback with type:9 len:4
I/BluetoothAdapterProperties( 4282): adapterPropertyChangedCallback with type:7 len:4
E/BluetoothPlatformImp(24269): NameNotFoundException e: android.content.pm.PackageManager$NameNotFoundException: Application package com.android.nfc not found
W/BluetoothAdapter( 4282): getBluetoothService() called with no BluetoothManagerCallback
E/BluetoothServiceJni( 4282): SOCK FLAG = 1 ***********************
E/BluetoothPlatformImp(24269): in setBeamPushUrisCallback, nfcAdapter is null!
I/BeaconBle( 3286): OS Scanner is only available for LOLLIPOP+
I/BeaconBle( 3286): BLE 'JB+' software access layer enabled
I/BeaconBle( 3286): Client requested scan, settings=BleSettings [scanMode=LOW_LATENCY, callbackType=ALL_MATCHES, reportDelayMillis=0, 3 filters, 0 clients, callingClientName=Nearby], listener=geo@437e2570
I/BiometricManager(24269): UE supported types is null
W/BluetoothAdapter( 4282): getBluetoothService() called with no BluetoothManagerCallback
E/BluetoothServiceJni( 4282): SOCK FLAG = 0 ***********************
I/BtOppRfcommListener( 4282): Accept thread started.
I/EasyUnlock( 3466): [EasyUnlockService] EasyUnlock not enabled, skipping initialization.
I/BeaconBle( 3286): Client requested scan, settings=BleSettings [scanMode=LOW_LATENCY, callbackType=ALL_MATCHES, reportDelayMillis=0, 6 filters, 2 clients, callingClientName=Nearby], listener=geo@437e2570
I/K3V3CpuGovernorPolicy( 3322): close previously scene Hmp policy : 300 , 150
W/bt-btif ( 4282):  bta_dm_ble_observe BTM_BleObserve  failed. status 2
E/Thermal-daemon( 2432): [flash_led] temp_new :32  temp_old :31
W/bt-btm  ( 4282): BTM_SetConnectability
W/bt-btif ( 4282):  bta_dm_ble_observe BTM_BleObserve  failed. status 2
W/bt-btm  ( 4282): BTM_SetConnectability
W/bt-btif ( 4282):  bta_dm_ble_observe BTM_BleObserve  failed. status 2
W/bt-btm  ( 4282): BTM_SetConnectability
W/bt-btif ( 4282):  bta_dm_ble_observe BTM_BleObserve  failed. status 2
I/StatusBar.KeyButtonView( 3171): action=0, flags=0, when=131282621, repeatCount=0, mDownTime=131282621, mCode=4
I/StatusBar.KeyButtonView( 3171): action=1, flags=0, when=131282714, repeatCount=0, mDownTime=131282621, mCode=4
W/bt-btm  ( 4282): BTM_SetConnectability
W/bt-btif ( 4282):  bta_dm_ble_observe BTM_BleObserve  failed. status 2
W/bt-btm  ( 4282): BTM_SetConnectability
W/bt-btif ( 4282):  bta_dm_ble_observe BTM_BleObserve  failed. status 2
W/bt-sdp  ( 4282): SDP - Rcvd conn cnf with error: 0x4  CID 0x40
I/BluetoothHeadsetServiceJni( 4282): connection_state_callback
I/BluetoothA2dpServiceJni( 4282): bta2dp_connection_state_callback
E/bt-btif ( 4282): reset flags
I/LocalBluetoothProfileManager(24269): Failed to connect HEADSET device
W/bt-btm  ( 4282): BTM_SetConnectability
W/bt-btif ( 4282):  bta_dm_ble_observe BTM_BleObserve  failed. status 2
E/Thermal-daemon( 2432): [ap] temp_new :34  temp_old :33
W/bt-btm  ( 4282): BTM_SetConnectability
W/bt-btif ( 4282):  bta_dm_ble_observe BTM_BleObserve  failed. status 2
I/BeaconBle( 3286): Client requested scan, settings=BleSettings [scanMode=ZERO_POWER, callbackType=ALL_MATCHES, reportDelayMillis=0, 6 filters, 1 clients, callingClientName=Nearby], listener=geo@437e2570
W/bt-btm  ( 4282): BTM_SetConnectability
I/BeaconBle( 3286): Scan : No clients left, canceling alarm.
